Archive member included to satisfy reference by file (symbol)

c:/eclipseoxygen/plugins/fr.ac6.mcu.externaltools.arm-none.win32_1.15.0.201708311556/tools/compiler/bin/../lib/gcc/arm-none-eabi/6.3.1/../../../../arm-none-eabi/lib/thumb/v7e-m/fpv4-sp/hard\libm.a(lib_a-s_cos.o)
                              Src/calculations.o (cos)
c:/eclipseoxygen/plugins/fr.ac6.mcu.externaltools.arm-none.win32_1.15.0.201708311556/tools/compiler/bin/../lib/gcc/arm-none-eabi/6.3.1/../../../../arm-none-eabi/lib/thumb/v7e-m/fpv4-sp/hard\libm.a(lib_a-wf_asin.o)
                              Src/calculations.o (asinf)
c:/eclipseoxygen/plugins/fr.ac6.mcu.externaltools.arm-none.win32_1.15.0.201708311556/tools/compiler/bin/../lib/gcc/arm-none-eabi/6.3.1/../../../../arm-none-eabi/lib/thumb/v7e-m/fpv4-sp/hard\libm.a(lib_a-wf_atan2.o)
                              Src/calculations.o (atan2f)
c:/eclipseoxygen/plugins/fr.ac6.mcu.externaltools.arm-none.win32_1.15.0.201708311556/tools/compiler/bin/../lib/gcc/arm-none-eabi/6.3.1/../../../../arm-none-eabi/lib/thumb/v7e-m/fpv4-sp/hard\libm.a(lib_a-wf_pow.o)
                              Src/vector.o (powf)
c:/eclipseoxygen/plugins/fr.ac6.mcu.externaltools.arm-none.win32_1.15.0.201708311556/tools/compiler/bin/../lib/gcc/arm-none-eabi/6.3.1/../../../../arm-none-eabi/lib/thumb/v7e-m/fpv4-sp/hard\libm.a(lib_a-e_rem_pio2.o)
                              c:/eclipseoxygen/plugins/fr.ac6.mcu.externaltools.arm-none.win32_1.15.0.201708311556/tools/compiler/bin/../lib/gcc/arm-none-eabi/6.3.1/../../../../arm-none-eabi/lib/thumb/v7e-m/fpv4-sp/hard\libm.a(lib_a-s_cos.o) (__ieee754_rem_pio2)
c:/eclipseoxygen/plugins/fr.ac6.mcu.externaltools.arm-none.win32_1.15.0.201708311556/tools/compiler/bin/../lib/gcc/arm-none-eabi/6.3.1/../../../../arm-none-eabi/lib/thumb/v7e-m/fpv4-sp/hard\libm.a(lib_a-ef_asin.o)
                              c:/eclipseoxygen/plugins/fr.ac6.mcu.externaltools.arm-none.win32_1.15.0.201708311556/tools/compiler/bin/../lib/gcc/arm-none-eabi/6.3.1/../../../../arm-none-eabi/lib/thumb/v7e-m/fpv4-sp/hard\libm.a(lib_a-wf_asin.o) (__ieee754_asinf)
c:/eclipseoxygen/plugins/fr.ac6.mcu.externaltools.arm-none.win32_1.15.0.201708311556/tools/compiler/bin/../lib/gcc/arm-none-eabi/6.3.1/../../../../arm-none-eabi/lib/thumb/v7e-m/fpv4-sp/hard\libm.a(lib_a-ef_atan2.o)
                              c:/eclipseoxygen/plugins/fr.ac6.mcu.externaltools.arm-none.win32_1.15.0.201708311556/tools/compiler/bin/../lib/gcc/arm-none-eabi/6.3.1/../../../../arm-none-eabi/lib/thumb/v7e-m/fpv4-sp/hard\libm.a(lib_a-wf_atan2.o) (__ieee754_atan2f)
c:/eclipseoxygen/plugins/fr.ac6.mcu.externaltools.arm-none.win32_1.15.0.201708311556/tools/compiler/bin/../lib/gcc/arm-none-eabi/6.3.1/../../../../arm-none-eabi/lib/thumb/v7e-m/fpv4-sp/hard\libm.a(lib_a-ef_pow.o)
                              c:/eclipseoxygen/plugins/fr.ac6.mcu.externaltools.arm-none.win32_1.15.0.201708311556/tools/compiler/bin/../lib/gcc/arm-none-eabi/6.3.1/../../../../arm-none-eabi/lib/thumb/v7e-m/fpv4-sp/hard\libm.a(lib_a-wf_pow.o) (__ieee754_powf)
c:/eclipseoxygen/plugins/fr.ac6.mcu.externaltools.arm-none.win32_1.15.0.201708311556/tools/compiler/bin/../lib/gcc/arm-none-eabi/6.3.1/../../../../arm-none-eabi/lib/thumb/v7e-m/fpv4-sp/hard\libm.a(lib_a-ef_sqrt.o)
                              c:/eclipseoxygen/plugins/fr.ac6.mcu.externaltools.arm-none.win32_1.15.0.201708311556/tools/compiler/bin/../lib/gcc/arm-none-eabi/6.3.1/../../../../arm-none-eabi/lib/thumb/v7e-m/fpv4-sp/hard\libm.a(lib_a-ef_asin.o) (__ieee754_sqrtf)
c:/eclipseoxygen/plugins/fr.ac6.mcu.externaltools.arm-none.win32_1.15.0.201708311556/tools/compiler/bin/../lib/gcc/arm-none-eabi/6.3.1/../../../../arm-none-eabi/lib/thumb/v7e-m/fpv4-sp/hard\libm.a(lib_a-k_cos.o)
                              c:/eclipseoxygen/plugins/fr.ac6.mcu.externaltools.arm-none.win32_1.15.0.201708311556/tools/compiler/bin/../lib/gcc/arm-none-eabi/6.3.1/../../../../arm-none-eabi/lib/thumb/v7e-m/fpv4-sp/hard\libm.a(lib_a-s_cos.o) (__kernel_cos)
c:/eclipseoxygen/plugins/fr.ac6.mcu.externaltools.arm-none.win32_1.15.0.201708311556/tools/compiler/bin/../lib/gcc/arm-none-eabi/6.3.1/../../../../arm-none-eabi/lib/thumb/v7e-m/fpv4-sp/hard\libm.a(lib_a-k_rem_pio2.o)
                              c:/eclipseoxygen/plugins/fr.ac6.mcu.externaltools.arm-none.win32_1.15.0.201708311556/tools/compiler/bin/../lib/gcc/arm-none-eabi/6.3.1/../../../../arm-none-eabi/lib/thumb/v7e-m/fpv4-sp/hard\libm.a(lib_a-e_rem_pio2.o) (__kernel_rem_pio2)
c:/eclipseoxygen/plugins/fr.ac6.mcu.externaltools.arm-none.win32_1.15.0.201708311556/tools/compiler/bin/../lib/gcc/arm-none-eabi/6.3.1/../../../../arm-none-eabi/lib/thumb/v7e-m/fpv4-sp/hard\libm.a(lib_a-k_sin.o)
                              c:/eclipseoxygen/plugins/fr.ac6.mcu.externaltools.arm-none.win32_1.15.0.201708311556/tools/compiler/bin/../lib/gcc/arm-none-eabi/6.3.1/../../../../arm-none-eabi/lib/thumb/v7e-m/fpv4-sp/hard\libm.a(lib_a-s_cos.o) (__kernel_sin)
[...]
Memory Configuration

Name             Origin             Length             Attributes
RAM              0x20000000         0x00020000         xrw
FLASH            0x08000000         0x00080000         xr
*default*        0x00000000         0xffffffff

Linker script and memory map

LOAD c:/eclipseoxygen/plugins/fr.ac6.mcu.externaltools.arm-none.win32_1.15.0.201708311556/tools/compiler/bin/../lib/gcc/arm-none-eabi/6.3.1/thumb/v7e-m/fpv4-sp/hard/crti.o
LOAD c:/eclipseoxygen/plugins/fr.ac6.mcu.externaltools.arm-none.win32_1.15.0.201708311556/tools/compiler/bin/../lib/gcc/arm-none-eabi/6.3.1/thumb/v7e-m/fpv4-sp/hard/crtbegin.o
LOAD c:/eclipseoxygen/plugins/fr.ac6.mcu.externaltools.arm-none.win32_1.15.0.201708311556/tools/compiler/bin/../lib/gcc/arm-none-eabi/6.3.1/../../../../arm-none-eabi/lib/thumb/v7e-m/fpv4-sp/hard/crt0.o
LOAD Drivers/STM32F4xx_HAL_Driver/Src/stm32f4xx_hal.o
LOAD Drivers/STM32F4xx_HAL_Driver/Src/stm32f4xx_hal_cortex.o
LOAD Drivers/STM32F4xx_HAL_Driver/Src/stm32f4xx_hal_dma.o
LOAD Drivers/STM32F4xx_HAL_Driver/Src/stm32f4xx_hal_dma_ex.o
LOAD Drivers/STM32F4xx_HAL_Driver/Src/stm32f4xx_hal_flash.o
LOAD Drivers/STM32F4xx_HAL_Driver/Src/stm32f4xx_hal_flash_ex.o
LOAD Drivers/STM32F4xx_HAL_Driver/Src/stm32f4xx_hal_flash_ramfunc.o
LOAD Drivers/STM32F4xx_HAL_Driver/Src/stm32f4xx_hal_gpio.o
LOAD Drivers/STM32F4xx_HAL_Driver/Src/stm32f4xx_hal_i2c.o
LOAD Drivers/STM32F4xx_HAL_Driver/Src/stm32f4xx_hal_i2c_ex.o
LOAD Drivers/STM32F4xx_HAL_Driver/Src/stm32f4xx_hal_pcd.o
LOAD Drivers/STM32F4xx_HAL_Driver/Src/stm32f4xx_hal_pcd_ex.o
LOAD Drivers/STM32F4xx_HAL_Driver/Src/stm32f4xx_hal_pwr.o
LOAD Drivers/STM32F4xx_HAL_Driver/Src/stm32f4xx_hal_pwr_ex.o
LOAD Drivers/STM32F4xx_HAL_Driver/Src/stm32f4xx_hal_rcc.o
LOAD Drivers/STM32F4xx_HAL_Driver/Src/stm32f4xx_hal_rcc_ex.o
LOAD Drivers/STM32F4xx_HAL_Driver/Src/stm32f4xx_hal_spi.o
LOAD Drivers/STM32F4xx_HAL_Driver/Src/stm32f4xx_hal_tim.o
LOAD Drivers/STM32F4xx_HAL_Driver/Src/stm32f4xx_hal_tim_ex.o
LOAD Drivers/STM32F4xx_HAL_Driver/Src/stm32f4xx_ll_usb.o
LOAD Middlewares/ST/STM32_USB_Device_Library/Class/CDC/Src/usbd_cdc.o
LOAD Middlewares/ST/STM32_USB_Device_Library/Core/Src/usbd_core.o
LOAD Middlewares/ST/STM32_USB_Device_Library/Core/Src/usbd_ctlreq.o
LOAD Middlewares/ST/STM32_USB_Device_Library/Core/Src/usbd_ioreq.o
LOAD Src/calculations.o
LOAD Src/l3gd20.o
LOAD Src/lsm303dlhc.o
LOAD Src/main.o
LOAD Src/mpu9250.o
LOAD Src/stm32f4xx_hal_msp.o
LOAD Src/stm32f4xx_it.o
LOAD Src/system_stm32f4xx.o
LOAD Src/usb_device.o
LOAD Src/usbd_cdc_if.o
LOAD Src/usbd_conf.o
LOAD Src/usbd_desc.o
LOAD Src/vector.o
LOAD startup/startup_stm32f411xe.o
LOAD c:/eclipseoxygen/plugins/fr.ac6.mcu.externaltools.arm-none.win32_1.15.0.201708311556/tools/compiler/bin/../lib/gcc/arm-none-eabi/6.3.1/../../../../arm-none-eabi/lib/thumb/v7e-m/fpv4-sp/hard\libm.a
START GROUP
LOAD c:/eclipseoxygen/plugins/fr.ac6.mcu.externaltools.arm-none.win32_1.15.0.201708311556/tools/compiler/bin/../lib/gcc/arm-none-eabi/6.3.1/thumb/v7e-m/fpv4-sp/hard\libgcc.a
LOAD c:/eclipseoxygen/plugins/fr.ac6.mcu.externaltools.arm-none.win32_1.15.0.201708311556/tools/compiler/bin/../lib/gcc/arm-none-eabi/6.3.1/../../../../arm-none-eabi/lib/thumb/v7e-m/fpv4-sp/hard\libc_nano.a
END GROUP
START GROUP
LOAD c:/eclipseoxygen/plugins/fr.ac6.mcu.externaltools.arm-none.win32_1.15.0.201708311556/tools/compiler/bin/../lib/gcc/arm-none-eabi/6.3.1/thumb/v7e-m/fpv4-sp/hard\libgcc.a
LOAD c:/eclipseoxygen/plugins/fr.ac6.mcu.externaltools.arm-none.win32_1.15.0.201708311556/tools/compiler/bin/../lib/gcc/arm-none-eabi/6.3.1/../../../../arm-none-eabi/lib/thumb/v7e-m/fpv4-sp/hard\libc_nano.a
LOAD c:/eclipseoxygen/plugins/fr.ac6.mcu.externaltools.arm-none.win32_1.15.0.201708311556/tools/compiler/bin/../lib/gcc/arm-none-eabi/6.3.1/../../../../arm-none-eabi/lib/thumb/v7e-m/fpv4-sp/hard\libnosys.a
END GROUP
START GROUP
LOAD c:/eclipseoxygen/plugins/fr.ac6.mcu.externaltools.arm-none.win32_1.15.0.201708311556/tools/compiler/bin/../lib/gcc/arm-none-eabi/6.3.1/thumb/v7e-m/fpv4-sp/hard\libgcc.a
LOAD c:/eclipseoxygen/plugins/fr.ac6.mcu.externaltools.arm-none.win32_1.15.0.201708311556/tools/compiler/bin/../lib/gcc/arm-none-eabi/6.3.1/../../../../arm-none-eabi/lib/thumb/v7e-m/fpv4-sp/hard\libc_nano.a
LOAD c:/eclipseoxygen/plugins/fr.ac6.mcu.externaltools.arm-none.win32_1.15.0.201708311556/tools/compiler/bin/../lib/gcc/arm-none-eabi/6.3.1/../../../../arm-none-eabi/lib/thumb/v7e-m/fpv4-sp/hard\libnosys.a
END GROUP
LOAD c:/eclipseoxygen/plugins/fr.ac6.mcu.externaltools.arm-none.win32_1.15.0.201708311556/tools/compiler/bin/../lib/gcc/arm-none-eabi/6.3.1/thumb/v7e-m/fpv4-sp/hard/crtend.o
LOAD c:/eclipseoxygen/plugins/fr.ac6.mcu.externaltools.arm-none.win32_1.15.0.201708311556/tools/compiler/bin/../lib/gcc/arm-none-eabi/6.3.1/thumb/v7e-m/fpv4-sp/hard/crtn.o
                0x20020000                _estack = 0x20020000
                0x00000200                _Min_Heap_Size = 0x200
                0x00000400                _Min_Stack_Size = 0x400

.isr_vector     0x08000000      0x198
                0x08000000                . = ALIGN (0x4)
 *(.isr_vector)
 .isr_vector    0x08000000      0x198 startup/startup_stm32f411xe.o
                0x08000000                g_pfnVectors
                0x08000198                . = ALIGN (0x4)

.text           0x080001a0     0x7880
                0x080001a0                . = ALIGN (0x4)
 *(.text)
 .text          0x080001a0       0x6c c:/eclipseoxygen/plugins/fr.ac6.mcu.externaltools.arm-none.win32_1.15.0.201708311556/tools/compiler/bin/../lib/gcc/arm-none-eabi/6.3.1/thumb/v7e-m/fpv4-sp/hard/crtbegin.o
 .text          0x0800020c      0x370 c:/eclipseoxygen/plugins/fr.ac6.mcu.externaltools.arm-none.win32_1.15.0.201708311556/tools/compiler/bin/../lib/gcc/arm-none-eabi/6.3.1/thumb/v7e-m/fpv4-sp/hard\libgcc.a(_arm_addsubdf3.o)
                0x0800020c                __aeabi_drsub
                0x08000214                __aeabi_dsub
                0x08000214                __subdf3
                0x08000218                __aeabi_dadd
                0x08000218                __adddf3
                0x08000490                __floatunsidf
                0x08000490                __aeabi_ui2d
                0x080004b0                __floatsidf
                0x080004b0                __aeabi_i2d
                0x080004d4                __aeabi_f2d
                0x080004d4                __extendsfdf2
                0x08000510                __floatundidf
                0x08000510                __aeabi_ul2d
                0x08000520                __floatdidf
                0x08000520                __aeabi_l2d
 .text          0x0800057c      0x424 c:/eclipseoxygen/plugins/fr.ac6.mcu.externaltools.arm-none.win32_1.15.0.201708311556/tools/compiler/bin/../lib/gcc/arm-none-eabi/6.3.1/thumb/v7e-m/fpv4-sp/hard\libgcc.a(_arm_muldivdf3.o)
                0x0800057c                __aeabi_dmul
                0x0800057c                __muldf3
                0x080007d0                __divdf3
                0x080007d0                __aeabi_ddiv
 .text          0x080009a0      0x110 c:/eclipseoxygen/plugins/fr.ac6.mcu.externaltools.arm-none.win32_1.15.0.201708311556/tools/compiler/bin/../lib/gcc/arm-none-eabi/6.3.1/thumb/v7e-m/fpv4-sp/hard\libgcc.a(_arm_cmpdf2.o)
                0x080009a0                __gtdf2
                0x080009a0                __gedf2
                0x080009a8                __ltdf2
                0x080009a8                __ledf2
                0x080009b0                __nedf2
                0x080009b0                __eqdf2
                0x080009b0                __cmpdf2
                0x08000a2c                __aeabi_cdrcmple
                0x08000a3c                __aeabi_cdcmpeq
                0x08000a3c                __aeabi_cdcmple
                0x08000a4c                __aeabi_dcmpeq
                0x08000a60                __aeabi_dcmplt
                0x08000a74                __aeabi_dcmple
                0x08000a88                __aeabi_dcmpge
                0x08000a9c                __aeabi_dcmpgt
 .text          0x08000ab0       0x50 c:/eclipseoxygen/plugins/fr.ac6.mcu.externaltools.arm-none.win32_1.15.0.201708311556/tools/compiler/bin/../lib/gcc/arm-none-eabi/6.3.1/thumb/v7e-m/fpv4-sp/hard\libgcc.a(_arm_fixdfsi.o)
                0x08000ab0                __aeabi_d2iz
                0x08000ab0                __fixdfsi
 .text          0x08000b00       0xa0 c:/eclipseoxygen/plugins/fr.ac6.mcu.externaltools.arm-none.win32_1.15.0.201708311556/tools/compiler/bin/../lib/gcc/arm-none-eabi/6.3.1/thumb/v7e-m/fpv4-sp/hard\libgcc.a(_arm_truncdfsf2.o)
                0x08000b00                __truncdfsf2
                0x08000b00                __aeabi_d2f
 .text          0x08000ba0       0x30 c:/eclipseoxygen/plugins/fr.ac6.mcu.externaltools.arm-none.win32_1.15.0.201708311556/tools/compiler/bin/../lib/gcc/arm-none-eabi/6.3.1/thumb/v7e-m/fpv4-sp/hard\libgcc.a(_aeabi_uldivmod.o)
                0x08000ba0                __aeabi_uldivmod
 .text          0x08000bd0      0x2dc c:/eclipseoxygen/plugins/fr.ac6.mcu.externaltools.arm-none.win32_1.15.0.201708311556/tools/compiler/bin/../lib/gcc/arm-none-eabi/6.3.1/thumb/v7e-m/fpv4-sp/hard\libgcc.a(_udivmoddi4.o)
                0x08000bd0                __udivmoddi4
 .text          0x08000eac        0x4 c:/eclipseoxygen/plugins/fr.ac6.mcu.externaltools.arm-none.win32_1.15.0.201708311556/tools/compiler/bin/../lib/gcc/arm-none-eabi/6.3.1/thumb/v7e-m/fpv4-sp/hard\libgcc.a(_dvmd_tls.o)
                0x08000eac                __aeabi_idiv0
                0x08000eac                __aeabi_ldiv0
 .text          0x08000eb0       0x10 c:/eclipseoxygen/plugins/fr.ac6.mcu.externaltools.arm-none.win32_1.15.0.201708311556/tools/compiler/bin/../lib/gcc/arm-none-eabi/6.3.1/../../../../arm-none-eabi/lib/thumb/v7e-m/fpv4-sp/hard\libc_nano.a(lib_a-strlen.o)
                0x08000eb0                strlen
 .text          0x08000ec0       0xa0 c:/eclipseoxygen/plugins/fr.ac6.mcu.externaltools.arm-none.win32_1.15.0.201708311556/tools/compiler/bin/../lib/gcc/arm-none-eabi/6.3.1/../../../../arm-none-eabi/lib/thumb/v7e-m/fpv4-sp/hard\libc_nano.a(lib_a-memchr.o)
                0x08000ec0                memchr
 *(.text*)
 .text.HAL_InitTick
                0x08000f60       0x48 Drivers/STM32F4xx_HAL_Driver/Src/stm32f4xx_hal.o
                0x08000f60                HAL_InitTick
 .text.HAL_Init
                0x08000fa8       0x34 Drivers/STM32F4xx_HAL_Driver/Src/stm32f4xx_hal.o
                0x08000fa8                HAL_Init
 .text.HAL_IncTick
                0x08000fdc       0x18 Drivers/STM32F4xx_HAL_Driver/Src/stm32f4xx_hal.o
                0x08000fdc                HAL_IncTick
 .text.HAL_GetTick
                0x08000ff4        0xc Drivers/STM32F4xx_HAL_Driver/Src/stm32f4xx_hal.o
                0x08000ff4                HAL_GetTick
 .text.HAL_Delay
                0x08001000       0x28 Drivers/STM32F4xx_HAL_Driver/Src/stm32f4xx_hal.o
                0x08001000                HAL_Delay
 .text.HAL_NVIC_SetPriorityGrouping
                0x08001028       0x24 Drivers/STM32F4xx_HAL_Driver/Src/stm32f4xx_hal_cortex.o
                0x08001028                HAL_NVIC_SetPriorityGrouping
 .text.HAL_NVIC_SetPriority
                0x0800104c       0x64 Drivers/STM32F4xx_HAL_Driver/Src/stm32f4xx_hal_cortex.o
                0x0800104c                HAL_NVIC_SetPriority
 .text.HAL_NVIC_EnableIRQ
                0x080010b0       0x18 Drivers/STM32F4xx_HAL_Driver/Src/stm32f4xx_hal_cortex.o
                0x080010b0                HAL_NVIC_EnableIRQ
 .text.HAL_SYSTICK_Config
                0x080010c8       0x2c Drivers/STM32F4xx_HAL_Driver/Src/stm32f4xx_hal_cortex.o
                0x080010c8                HAL_SYSTICK_Config
 .text.HAL_SYSTICK_CLKSourceConfig
                0x080010f4       0x20 Drivers/STM32F4xx_HAL_Driver/Src/stm32f4xx_hal_cortex.o
                0x080010f4                HAL_SYSTICK_CLKSourceConfig
 .text.HAL_SYSTICK_Callback
                0x08001114        0x2 Drivers/STM32F4xx_HAL_Driver/Src/stm32f4xx_hal_cortex.o
                0x08001114                HAL_SYSTICK_Callback
 .text.HAL_SYSTICK_IRQHandler
                0x08001116        0x8 Drivers/STM32F4xx_HAL_Driver/Src/stm32f4xx_hal_cortex.o
                0x08001116                HAL_SYSTICK_IRQHandler
 *fill*         0x0800111e        0x2 
 .text.HAL_GPIO_Init
                0x08001120      0x1a8 Drivers/STM32F4xx_HAL_Driver/Src/stm32f4xx_hal_gpio.o
                0x08001120                HAL_GPIO_Init
 .text.HAL_GPIO_WritePin
                0x080012c8        0xc Drivers/STM32F4xx_HAL_Driver/Src/stm32f4xx_hal_gpio.o
                0x080012c8                HAL_GPIO_WritePin
 .text.HAL_GPIO_EXTI_IRQHandler
                0x080012d4       0x1c Drivers/STM32F4xx_HAL_Driver/Src/stm32f4xx_hal_gpio.o
                0x080012d4                HAL_GPIO_EXTI_IRQHandler
 .text.I2C_IsAcknowledgeFailed
                0x080012f0       0x2a Drivers/STM32F4xx_HAL_Driver/Src/stm32f4xx_hal_i2c.o
 .text.I2C_WaitOnFlagUntilTimeout
                0x0800131a       0x68 Drivers/STM32F4xx_HAL_Driver/Src/stm32f4xx_hal_i2c.o
 .text.I2C_WaitOnMasterAddressFlagUntilTimeout
                0x08001382       0x90 Drivers/STM32F4xx_HAL_Driver/Src/stm32f4xx_hal_i2c.o
 .text.I2C_WaitOnTXEFlagUntilTimeout
                0x08001412       0x4e Drivers/STM32F4xx_HAL_Driver/Src/stm32f4xx_hal_i2c.o
 .text.I2C_RequestMemoryWrite
                0x08001460       0xd4 Drivers/STM32F4xx_HAL_Driver/Src/stm32f4xx_hal_i2c.o
 .text.I2C_RequestMemoryRead
                0x08001534      0x148 Drivers/STM32F4xx_HAL_Driver/Src/stm32f4xx_hal_i2c.o
 .text.I2C_WaitOnBTFFlagUntilTimeout
                0x0800167c       0x4e Drivers/STM32F4xx_HAL_Driver/Src/stm32f4xx_hal_i2c.o
 .text.I2C_WaitOnRXNEFlagUntilTimeout
                0x080016ca       0x5c Drivers/STM32F4xx_HAL_Driver/Src/stm32f4xx_hal_i2c.o
 *fill*         0x08001726        0x2 
 .text.HAL_I2C_Init
                0x08001728      0x11c Drivers/STM32F4xx_HAL_Driver/Src/stm32f4xx_hal_i2c.o
                0x08001728                HAL_I2C_Init
 .text.HAL_I2C_Mem_Write
                0x08001844      0x17c Drivers/STM32F4xx_HAL_Driver/Src/stm32f4xx_hal_i2c.o
                0x08001844                HAL_I2C_Mem_Write
 .text.HAL_I2C_Mem_Read
                0x080019c0      0x2f4 Drivers/STM32F4xx_HAL_Driver/Src/stm32f4xx_hal_i2c.o
                0x080019c0                HAL_I2C_Mem_Read
 .text.PCD_WriteEmptyTxFifo
                0x08001cb4       0xac Drivers/STM32F4xx_HAL_Driver/Src/stm32f4xx_hal_pcd.o
 .text.HAL_PCD_Init
                0x08001d60       0xe0 Drivers/STM32F4xx_HAL_Driver/Src/stm32f4xx_hal_pcd.o
                0x08001d60                HAL_PCD_Init
 .text.HAL_PCD_Start
                0x08001e40       0x2a Drivers/STM32F4xx_HAL_Driver/Src/stm32f4xx_hal_pcd.o
                0x08001e40                HAL_PCD_Start
 *fill*         0x08001e6a        0x2 
 .text.HAL_PCD_IRQHandler
                0x08001e6c      0x5c4 Drivers/STM32F4xx_HAL_Driver/Src/stm32f4xx_hal_pcd.o
                0x08001e6c                HAL_PCD_IRQHandler
 .text.HAL_PCD_SetAddress
                0x08002430       0x24 Drivers/STM32F4xx_HAL_Driver/Src/stm32f4xx_hal_pcd.o
                0x08002430                HAL_PCD_SetAddress
 .text.HAL_PCD_EP_Open
                0x08002454       0x68 Drivers/STM32F4xx_HAL_Driver/Src/stm32f4xx_hal_pcd.o
                0x08002454                HAL_PCD_EP_Open
 .text.HAL_PCD_EP_Close
                0x080024bc       0x56 Drivers/STM32F4xx_HAL_Driver/Src/stm32f4xx_hal_pcd.o
                0x080024bc                HAL_PCD_EP_Close
 .text.HAL_PCD_EP_Receive
                0x08002512       0x5a Drivers/STM32F4xx_HAL_Driver/Src/stm32f4xx_hal_pcd.o
                0x08002512                HAL_PCD_EP_Receive
 .text.HAL_PCD_EP_GetRxCount
                0x0800256c       0x12 Drivers/STM32F4xx_HAL_Driver/Src/stm32f4xx_hal_pcd.o
                0x0800256c                HAL_PCD_EP_GetRxCount
 .text.HAL_PCD_EP_Transmit
                0x0800257e       0x52 Drivers/STM32F4xx_HAL_Driver/Src/stm32f4xx_hal_pcd.o
                0x0800257e                HAL_PCD_EP_Transmit
 .text.HAL_PCD_EP_SetStall
                0x080025d0       0x66 Drivers/STM32F4xx_HAL_Driver/Src/stm32f4xx_hal_pcd.o
                0x080025d0                HAL_PCD_EP_SetStall
 .text.HAL_PCD_EP_ClrStall
                0x08002636       0x56 Drivers/STM32F4xx_HAL_Driver/Src/stm32f4xx_hal_pcd.o
                0x08002636                HAL_PCD_EP_ClrStall
 .text.HAL_PCDEx_SetTxFiFo
                0x0800268c       0x48 Drivers/STM32F4xx_HAL_Driver/Src/stm32f4xx_hal_pcd_ex.o
                0x0800268c                HAL_PCDEx_SetTxFiFo
 .text.HAL_PCDEx_SetRxFiFo
                0x080026d4        0x8 Drivers/STM32F4xx_HAL_Driver/Src/stm32f4xx_hal_pcd_ex.o
                0x080026d4                HAL_PCDEx_SetRxFiFo
 .text.HAL_RCC_OscConfig
                0x080026dc      0x398 Drivers/STM32F4xx_HAL_Driver/Src/stm32f4xx_hal_rcc.o
                0x080026dc                HAL_RCC_OscConfig
 .text.HAL_RCC_GetSysClockFreq
                0x08002a74       0xd4 Drivers/STM32F4xx_HAL_Driver/Src/stm32f4xx_hal_rcc.o
                0x08002a74                HAL_RCC_GetSysClockFreq
 .text.HAL_RCC_ClockConfig
                0x08002b48      0x158 Drivers/STM32F4xx_HAL_Driver/Src/stm32f4xx_hal_rcc.o
                0x08002b48                HAL_RCC_ClockConfig
 .text.HAL_RCC_GetHCLKFreq
                0x08002ca0        0xc Drivers/STM32F4xx_HAL_Driver/Src/stm32f4xx_hal_rcc.o
                0x08002ca0                HAL_RCC_GetHCLKFreq
 .text.HAL_RCC_GetPCLK1Freq
                0x08002cac       0x20 Drivers/STM32F4xx_HAL_Driver/Src/stm32f4xx_hal_rcc.o
                0x08002cac                HAL_RCC_GetPCLK1Freq
 .text.SPI_WaitFlagStateUntilTimeout
                0x08002ccc       0x96 Drivers/STM32F4xx_HAL_Driver/Src/stm32f4xx_hal_spi.o
 .text.SPI_CheckFlag_BSY
                0x08002d62       0x26 Drivers/STM32F4xx_HAL_Driver/Src/stm32f4xx_hal_spi.o
 .text.HAL_SPI_Init
                0x08002d88       0x80 Drivers/STM32F4xx_HAL_Driver/Src/stm32f4xx_hal_spi.o
                0x08002d88                HAL_SPI_Init
 .text.HAL_SPI_TransmitReceive
                0x08002e08      0x242 Drivers/STM32F4xx_HAL_Driver/Src/stm32f4xx_hal_spi.o
                0x08002e08                HAL_SPI_TransmitReceive
 *fill*         0x0800304a        0x2 
 .text.TIM_Base_SetConfig
                0x0800304c       0xd0 Drivers/STM32F4xx_HAL_Driver/Src/stm32f4xx_hal_tim.o
                0x0800304c                TIM_Base_SetConfig
 .text.HAL_TIM_Base_Init
                0x0800311c       0x32 Drivers/STM32F4xx_HAL_Driver/Src/stm32f4xx_hal_tim.o
                0x0800311c                HAL_TIM_Base_Init
 .text.USB_CoreInit
                0x0800314e       0x7c Drivers/STM32F4xx_HAL_Driver/Src/stm32f4xx_ll_usb.o
                0x0800314e                USB_CoreInit
 .text.USB_EnableGlobalInt
                0x080031ca        0xc Drivers/STM32F4xx_HAL_Driver/Src/stm32f4xx_ll_usb.o
                0x080031ca                USB_EnableGlobalInt
 .text.USB_DisableGlobalInt
                0x080031d6        0xc Drivers/STM32F4xx_HAL_Driver/Src/stm32f4xx_ll_usb.o
                0x080031d6                USB_DisableGlobalInt
 .text.USB_SetCurrentMode
                0x080031e2       0x2c Drivers/STM32F4xx_HAL_Driver/Src/stm32f4xx_ll_usb.o
                0x080031e2                USB_SetCurrentMode
 *fill*         0x0800320e        0x2 
 .text.USB_DevInit
                0x08003210      0x150 Drivers/STM32F4xx_HAL_Driver/Src/stm32f4xx_ll_usb.o
                0x08003210                USB_DevInit
 .text.USB_FlushTxFifo
                0x08003360       0x28 Drivers/STM32F4xx_HAL_Driver/Src/stm32f4xx_ll_usb.o
                0x08003360                USB_FlushTxFifo
 .text.USB_FlushRxFifo
                0x08003388       0x24 Drivers/STM32F4xx_HAL_Driver/Src/stm32f4xx_ll_usb.o
                0x08003388                USB_FlushRxFifo
 .text.USB_SetDevSpeed
                0x080033ac        0xe Drivers/STM32F4xx_HAL_Driver/Src/stm32f4xx_ll_usb.o
                0x080033ac                USB_SetDevSpeed
 .text.USB_GetDevSpeed
                0x080033ba       0x40 Drivers/STM32F4xx_HAL_Driver/Src/stm32f4xx_ll_usb.o
                0x080033ba                USB_GetDevSpeed
 .text.USB_ActivateEndpoint
                0x080033fa       0x92 Drivers/STM32F4xx_HAL_Driver/Src/stm32f4xx_ll_usb.o
                0x080033fa                USB_ActivateEndpoint
 .text.USB_DeactivateEndpoint
                0x0800348c       0xf0 Drivers/STM32F4xx_HAL_Driver/Src/stm32f4xx_ll_usb.o
                0x0800348c                USB_DeactivateEndpoint
 .text.USB_EPStartXfer
                0x0800357c      0x264 Drivers/STM32F4xx_HAL_Driver/Src/stm32f4xx_ll_usb.o
                0x0800357c                USB_EPStartXfer
 .text.USB_EP0StartXfer
                0x080037e0      0x160 Drivers/STM32F4xx_HAL_Driver/Src/stm32f4xx_ll_usb.o
                0x080037e0                USB_EP0StartXfer
 .text.USB_WritePacket
                0x08003940       0x28 Drivers/STM32F4xx_HAL_Driver/Src/stm32f4xx_ll_usb.o
                0x08003940                USB_WritePacket
 .text.USB_ReadPacket
                0x08003968       0x28 Drivers/STM32F4xx_HAL_Driver/Src/stm32f4xx_ll_usb.o
                0x08003968                USB_ReadPacket
 .text.USB_EPSetStall
                0x08003990       0x64 Drivers/STM32F4xx_HAL_Driver/Src/stm32f4xx_ll_usb.o
                0x08003990                USB_EPSetStall
 .text.USB_EPClearStall
                0x080039f4       0x6a Drivers/STM32F4xx_HAL_Driver/Src/stm32f4xx_ll_usb.o
                0x080039f4                USB_EPClearStall
 .text.USB_SetDevAddress
                0x08003a5e       0x20 Drivers/STM32F4xx_HAL_Driver/Src/stm32f4xx_ll_usb.o
                0x08003a5e                USB_SetDevAddress
 .text.USB_DevConnect
                0x08003a7e       0x18 Drivers/STM32F4xx_HAL_Driver/Src/stm32f4xx_ll_usb.o
                0x08003a7e                USB_DevConnect
 .text.USB_DevDisconnect
                0x08003a96       0x18 Drivers/STM32F4xx_HAL_Driver/Src/stm32f4xx_ll_usb.o
                0x08003a96                USB_DevDisconnect
 .text.USB_ReadInterrupts
                0x08003aae        0x8 Drivers/STM32F4xx_HAL_Driver/Src/stm32f4xx_ll_usb.o
                0x08003aae                USB_ReadInterrupts
 .text.USB_ReadDevAllOutEpInterrupt
                0x08003ab6       0x10 Drivers/STM32F4xx_HAL_Driver/Src/stm32f4xx_ll_usb.o
                0x08003ab6                USB_ReadDevAllOutEpInterrupt
 .text.USB_ReadDevAllInEpInterrupt
                0x08003ac6       0x10 Drivers/STM32F4xx_HAL_Driver/Src/stm32f4xx_ll_usb.o
                0x08003ac6                USB_ReadDevAllInEpInterrupt
 .text.USB_ReadDevOutEPInterrupt
                0x08003ad6       0x12 Drivers/STM32F4xx_HAL_Driver/Src/stm32f4xx_ll_usb.o
                0x08003ad6                USB_ReadDevOutEPInterrupt
 .text.USB_ReadDevInEPInterrupt
                0x08003ae8       0x1c Drivers/STM32F4xx_HAL_Driver/Src/stm32f4xx_ll_usb.o
                0x08003ae8                USB_ReadDevInEPInterrupt
 .text.USB_GetMode
                0x08003b04        0x8 Drivers/STM32F4xx_HAL_Driver/Src/stm32f4xx_ll_usb.o
                0x08003b04                USB_GetMode
 .text.USB_ActivateSetup
                0x08003b0c       0x38 Drivers/STM32F4xx_HAL_Driver/Src/stm32f4xx_ll_usb.o
                0x08003b0c                USB_ActivateSetup
 .text.USB_EP0_OutStart
                0x08003b44       0x46 Drivers/STM32F4xx_HAL_Driver/Src/stm32f4xx_ll_usb.o
                0x08003b44                USB_EP0_OutStart
 *fill*         0x08003b8a        0x2 
 .text.USB_CoreReset
                0x08003b8c       0x3c Drivers/STM32F4xx_HAL_Driver/Src/stm32f4xx_ll_usb.o
 .text.USBD_CDC_DataIn
                0x08003bc8       0x12 Middlewares/ST/STM32_USB_Device_Library/Class/CDC/Src/usbd_cdc.o
 .text.USBD_CDC_EP0_RxReady
                0x08003bda       0x28 Middlewares/ST/STM32_USB_Device_Library/Class/CDC/Src/usbd_cdc.o
 *fill*         0x08003c02        0x2 
 .text.USBD_CDC_GetFSCfgDesc
                0x08003c04        0xc Middlewares/ST/STM32_USB_Device_Library/Class/CDC/Src/usbd_cdc.o
 .text.USBD_CDC_GetHSCfgDesc
                0x08003c10        0xc Middlewares/ST/STM32_USB_Device_Library/Class/CDC/Src/usbd_cdc.o
 .text.USBD_CDC_GetOtherSpeedCfgDesc
                0x08003c1c        0xc Middlewares/ST/STM32_USB_Device_Library/Class/CDC/Src/usbd_cdc.o
 .text.USBD_CDC_GetDeviceQualifierDescriptor
                0x08003c28        0xc Middlewares/ST/STM32_USB_Device_Library/Class/CDC/Src/usbd_cdc.o
                0x08003c28                USBD_CDC_GetDeviceQualifierDescriptor
 .text.USBD_CDC_DataOut
                0x08003c34       0x2e Middlewares/ST/STM32_USB_Device_Library/Class/CDC/Src/usbd_cdc.o
 *fill*         0x08003c62        0x2 
 .text.USBD_CDC_Setup
                0x08003c64       0x74 Middlewares/ST/STM32_USB_Device_Library/Class/CDC/Src/usbd_cdc.o
 .text.USBD_CDC_DeInit
                0x08003cd8       0x3a Middlewares/ST/STM32_USB_Device_Library/Class/CDC/Src/usbd_cdc.o
 .text.USBD_CDC_Init
                0x08003d12       0x96 Middlewares/ST/STM32_USB_Device_Library/Class/CDC/Src/usbd_cdc.o
 .text.USBD_CDC_RegisterInterface
                0x08003da8        0xe Middlewares/ST/STM32_USB_Device_Library/Class/CDC/Src/usbd_cdc.o
                0x08003da8                USBD_CDC_RegisterInterface
 .text.USBD_CDC_SetTxBuffer
                0x08003db6       0x10 Middlewares/ST/STM32_USB_Device_Library/Class/CDC/Src/usbd_cdc.o
                0x08003db6                USBD_CDC_SetTxBuffer
 .text.USBD_CDC_SetRxBuffer
                0x08003dc6        0xc Middlewares/ST/STM32_USB_Device_Library/Class/CDC/Src/usbd_cdc.o
                0x08003dc6                USBD_CDC_SetRxBuffer
 .text.USBD_CDC_TransmitPacket
                0x08003dd2       0x2e Middlewares/ST/STM32_USB_Device_Library/Class/CDC/Src/usbd_cdc.o
                0x08003dd2                USBD_CDC_TransmitPacket
 .text.USBD_CDC_ReceivePacket
                0x08003e00       0x32 Middlewares/ST/STM32_USB_Device_Library/Class/CDC/Src/usbd_cdc.o
                0x08003e00                USBD_CDC_ReceivePacket
 .text.USBD_Init
                0x08003e32       0x2e Middlewares/ST/STM32_USB_Device_Library/Core/Src/usbd_core.o
                0x08003e32                USBD_Init
 .text.USBD_RegisterClass
                0x08003e60        0xe Middlewares/ST/STM32_USB_Device_Library/Core/Src/usbd_core.o
                0x08003e60                USBD_RegisterClass
 .text.USBD_Start
                0x08003e6e        0xa Middlewares/ST/STM32_USB_Device_Library/Core/Src/usbd_core.o
                0x08003e6e                USBD_Start
 .text.USBD_SetClassConfig
                0x08003e78       0x1a Middlewares/ST/STM32_USB_Device_Library/Core/Src/usbd_core.o
                0x08003e78                USBD_SetClassConfig
 .text.USBD_ClrClassConfig
                0x08003e92        0xe Middlewares/ST/STM32_USB_Device_Library/Core/Src/usbd_core.o
                0x08003e92                USBD_ClrClassConfig
 .text.USBD_LL_SetupStage
                0x08003ea0       0x5a Middlewares/ST/STM32_USB_Device_Library/Core/Src/usbd_core.o
                0x08003ea0                USBD_LL_SetupStage
 .text.USBD_LL_DataOutStage
                0x08003efa       0x6a Middlewares/ST/STM32_USB_Device_Library/Core/Src/usbd_core.o
                0x08003efa                USBD_LL_DataOutStage
 .text.USBD_LL_DataInStage
                0x08003f64       0xb2 Middlewares/ST/STM32_USB_Device_Library/Core/Src/usbd_core.o
                0x08003f64                USBD_LL_DataInStage
 .text.USBD_LL_Reset
                0x08004016       0x3e Middlewares/ST/STM32_USB_Device_Library/Core/Src/usbd_core.o
                0x08004016                USBD_LL_Reset
 .text.USBD_LL_SetSpeed
                0x08004054        0x6 Middlewares/ST/STM32_USB_Device_Library/Core/Src/usbd_core.o
                0x08004054                USBD_LL_SetSpeed
 .text.USBD_LL_Suspend
                0x0800405a       0x12 Middlewares/ST/STM32_USB_Device_Library/Core/Src/usbd_core.o
                0x0800405a                USBD_LL_Suspend
 .text.USBD_LL_Resume
                0x0800406c        0xc Middlewares/ST/STM32_USB_Device_Library/Core/Src/usbd_core.o
                0x0800406c                USBD_LL_Resume
 .text.USBD_LL_SOF
                0x08004078       0x1c Middlewares/ST/STM32_USB_Device_Library/Core/Src/usbd_core.o
                0x08004078                USBD_LL_SOF
 .text.USBD_LL_IsoINIncomplete
                0x08004094        0x4 Middlewares/ST/STM32_USB_Device_Library/Core/Src/usbd_core.o
                0x08004094                USBD_LL_IsoINIncomplete
 .text.USBD_LL_IsoOUTIncomplete
                0x08004098        0x4 Middlewares/ST/STM32_USB_Device_Library/Core/Src/usbd_core.o
                0x08004098                USBD_LL_IsoOUTIncomplete
 .text.USBD_LL_DevConnected
                0x0800409c        0x4 Middlewares/ST/STM32_USB_Device_Library/Core/Src/usbd_core.o
                0x0800409c                USBD_LL_DevConnected
 .text.USBD_LL_DevDisconnected
                0x080040a0       0x16 Middlewares/ST/STM32_USB_Device_Library/Core/Src/usbd_core.o
                0x080040a0                USBD_LL_DevDisconnected
 .text.USBD_GetLen
                0x080040b6       0x14 Middlewares/ST/STM32_USB_Device_Library/Core/Src/usbd_ctlreq.o
 .text.USBD_SetFeature
                0x080040ca       0x20 Middlewares/ST/STM32_USB_Device_Library/Core/Src/usbd_ctlreq.o
 .text.USBD_ParseSetupRequest
                0x080040ea       0x28 Middlewares/ST/STM32_USB_Device_Library/Core/Src/usbd_ctlreq.o
                0x080040ea                USBD_ParseSetupRequest
 .text.USBD_CtlError
                0x08004112       0x14 Middlewares/ST/STM32_USB_Device_Library/Core/Src/usbd_ctlreq.o
                0x08004112                USBD_CtlError
 .text.USBD_GetDescriptor
                0x08004126      0x132 Middlewares/ST/STM32_USB_Device_Library/Core/Src/usbd_ctlreq.o
 .text.USBD_SetAddress
                0x08004258       0x4a Middlewares/ST/STM32_USB_Device_Library/Core/Src/usbd_ctlreq.o
 *fill*         0x080042a2        0x2 
 .text.USBD_SetConfig
                0x080042a4       0xa4 Middlewares/ST/STM32_USB_Device_Library/Core/Src/usbd_ctlreq.o
 .text.USBD_GetConfig
                0x08004348       0x3a Middlewares/ST/STM32_USB_Device_Library/Core/Src/usbd_ctlreq.o
 .text.USBD_GetStatus
                0x08004382       0x2c Middlewares/ST/STM32_USB_Device_Library/Core/Src/usbd_ctlreq.o
 .text.USBD_ClrFeature
                0x080043ae       0x32 Middlewares/ST/STM32_USB_Device_Library/Core/Src/usbd_ctlreq.o
 .text.USBD_StdDevReq
                0x080043e0       0x48 Middlewares/ST/STM32_USB_Device_Library/Core/Src/usbd_ctlreq.o
                0x080043e0                USBD_StdDevReq
 .text.USBD_StdItfReq
                0x08004428       0x38 Middlewares/ST/STM32_USB_Device_Library/Core/Src/usbd_ctlreq.o
                0x08004428                USBD_StdItfReq
 .text.USBD_StdEPReq
                0x08004460      0x118 Middlewares/ST/STM32_USB_Device_Library/Core/Src/usbd_ctlreq.o
                0x08004460                USBD_StdEPReq
 .text.USBD_GetString
                0x08004578       0x3a Middlewares/ST/STM32_USB_Device_Library/Core/Src/usbd_ctlreq.o
                0x08004578                USBD_GetString
 .text.USBD_CtlSendData
                0x080045b2       0x1a Middlewares/ST/STM32_USB_Device_Library/Core/Src/usbd_ioreq.o
                0x080045b2                USBD_CtlSendData
 .text.USBD_CtlContinueSendData
                0x080045cc       0x10 Middlewares/ST/STM32_USB_Device_Library/Core/Src/usbd_ioreq.o
                0x080045cc                USBD_CtlContinueSendData
 .text.USBD_CtlPrepareRx
                0x080045dc       0x1e Middlewares/ST/STM32_USB_Device_Library/Core/Src/usbd_ioreq.o
                0x080045dc                USBD_CtlPrepareRx
 .text.USBD_CtlContinueRx
                0x080045fa       0x10 Middlewares/ST/STM32_USB_Device_Library/Core/Src/usbd_ioreq.o
                0x080045fa                USBD_CtlContinueRx
 .text.USBD_CtlSendStatus
                0x0800460a       0x16 Middlewares/ST/STM32_USB_Device_Library/Core/Src/usbd_ioreq.o
                0x0800460a                USBD_CtlSendStatus
 .text.USBD_CtlReceiveStatus
                0x08004620       0x16 Middlewares/ST/STM32_USB_Device_Library/Core/Src/usbd_ioreq.o
                0x08004620                USBD_CtlReceiveStatus
 .text.RawDataOrientationCorrection
                0x08004636       0x1c Src/calculations.o
                0x08004636                RawDataOrientationCorrection
 .text.PitchRollYawMA
                0x08004652       0x9a Src/calculations.o
                0x08004652                PitchRollYawMA
 *fill*         0x080046ec        0x4 
 .text.GyroIntegral
                0x080046f0       0x6c Src/calculations.o
                0x080046f0                GyroIntegral
 .text.ComplementaryFilter
                0x0800475c       0x40 Src/calculations.o
                0x0800475c                ComplementaryFilter
 .text.RawToResult
                0x0800479c       0x8c Src/calculations.o
                0x0800479c                RawToResult
 .text.L3G_Error
                0x08004828       0x14 Src/l3gd20.o
                0x08004828                L3G_Error
 .text.L3G_Success
                0x0800483c       0x14 Src/l3gd20.o
                0x0800483c                L3G_Success
 .text.L3G_SPIx_WriteRead
                0x08004850       0x3c Src/l3gd20.o
                0x08004850                L3G_SPIx_WriteRead
 .text.L3G_Gyro_IO_Read
                0x0800488c       0x48 Src/l3gd20.o
                0x0800488c                L3G_Gyro_IO_Read
 .text.L3G_Gyro_IO_Write
                0x080048d4       0x4c Src/l3gd20.o
                0x080048d4                L3G_Gyro_IO_Write
 .text.L3G_Gyro_ReadID
                0x08004920       0x1e Src/l3gd20.o
                0x08004920                L3G_Gyro_ReadID
 .text.L3G_Gyro_Ini
                0x0800493e       0x64 Src/l3gd20.o
                0x0800493e                L3G_Gyro_Ini
 .text.L3G_Gyro_GetXYZ
                0x080049a2       0x74 Src/l3gd20.o
                0x080049a2                L3G_Gyro_GetXYZ
 *fill*         0x08004a16        0x2 
 .text.LSM_Error
                0x08004a18       0x14 Src/lsm303dlhc.o
                0x08004a18                LSM_Error
 .text.LSM_Success
                0x08004a2c       0x14 Src/lsm303dlhc.o
                0x08004a2c                LSM_Success
 .text.LSM_I2C_Read
                0x08004a40       0x3c Src/lsm303dlhc.o
 .text.LSM_I2C_Write
                0x08004a7c       0x34 Src/lsm303dlhc.o
 .text.LSM_I2C_ReadID
                0x08004ab0        0xa Src/lsm303dlhc.o
                0x08004ab0                LSM_I2C_ReadID
 .text.LSM_Accel_Ini
                0x08004aba       0x3a Src/lsm303dlhc.o
                0x08004aba                LSM_Accel_Ini
 .text.LSM_Accel_GetXYZ
                0x08004af4       0x5c Src/lsm303dlhc.o
                0x08004af4                LSM_Accel_GetXYZ
 .text.LSM_Mag_Ini
                0x08004b50       0x34 Src/lsm303dlhc.o
                0x08004b50                LSM_Mag_Ini
 .text.LSM_Mag_GetXYZ
                0x08004b84       0x5c Src/lsm303dlhc.o
                0x08004b84                LSM_Mag_GetXYZ
 .text.MX_GPIO_Init
                0x08004be0      0x148 Src/main.o
 .text.HAL_GPIO_EXTI_Callback
                0x08004d28       0x38 Src/main.o
                0x08004d28                HAL_GPIO_EXTI_Callback
 .text._Error_Handler
                0x08004d60        0x2 Src/main.o
                0x08004d60                _Error_Handler
 *fill*         0x08004d62        0x2 
 .text.MX_I2C1_Init
                0x08004d64       0x44 Src/main.o
 .text.MX_SPI1_Init
                0x08004da8       0x48 Src/main.o
 .text.MX_TIM10_Init
                0x08004df0       0x30 Src/main.o
 .text.SystemClock_Config
                0x08004e20       0xc8 Src/main.o
                0x08004e20                SystemClock_Config
 .text.main     0x08004ee8       0xf4 Src/main.o
                0x08004ee8                main
 .text.HAL_MspInit
                0x08004fdc       0x5e Src/stm32f4xx_hal_msp.o
                0x08004fdc                HAL_MspInit
 *fill*         0x0800503a        0x2 
 .text.HAL_I2C_MspInit
                0x0800503c       0x58 Src/stm32f4xx_hal_msp.o
                0x0800503c                HAL_I2C_MspInit
 .text.HAL_SPI_MspInit
                0x08005094       0x50 Src/stm32f4xx_hal_msp.o
                0x08005094                HAL_SPI_MspInit
 .text.HAL_TIM_Base_MspInit
                0x080050e4       0x30 Src/stm32f4xx_hal_msp.o
                0x080050e4                HAL_TIM_Base_MspInit
 .text.NMI_Handler
                0x08005114        0x2 Src/stm32f4xx_it.o
                0x08005114                NMI_Handler
 .text.HardFault_Handler
                0x08005116        0x2 Src/stm32f4xx_it.o
                0x08005116                HardFault_Handler
 .text.MemManage_Handler
                0x08005118        0x2 Src/stm32f4xx_it.o
                0x08005118                MemManage_Handler
 .text.BusFault_Handler
                0x0800511a        0x2 Src/stm32f4xx_it.o
                0x0800511a                BusFault_Handler
 .text.UsageFault_Handler
                0x0800511c        0x2 Src/stm32f4xx_it.o
                0x0800511c                UsageFault_Handler
 .text.SVC_Handler
                0x0800511e        0x2 Src/stm32f4xx_it.o
                0x0800511e                SVC_Handler
 .text.DebugMon_Handler
                0x08005120        0x2 Src/stm32f4xx_it.o
                0x08005120                DebugMon_Handler
 .text.PendSV_Handler
                0x08005122        0x2 Src/stm32f4xx_it.o
                0x08005122                PendSV_Handler
 .text.SysTick_Handler
                0x08005124        0xc Src/stm32f4xx_it.o
                0x08005124                SysTick_Handler
 .text.EXTI0_IRQHandler
                0x08005130        0xa Src/stm32f4xx_it.o
                0x08005130                EXTI0_IRQHandler
 .text.EXTI1_IRQHandler
                0x0800513a        0xa Src/stm32f4xx_it.o
                0x0800513a                EXTI1_IRQHandler
 .text.EXTI2_IRQHandler
                0x08005144        0xa Src/stm32f4xx_it.o
                0x08005144                EXTI2_IRQHandler
 .text.EXTI4_IRQHandler
                0x0800514e        0xa Src/stm32f4xx_it.o
                0x0800514e                EXTI4_IRQHandler
 .text.EXTI9_5_IRQHandler
                0x08005158        0xa Src/stm32f4xx_it.o
                0x08005158                EXTI9_5_IRQHandler
 *fill*         0x08005162        0x2 
 .text.OTG_FS_IRQHandler
                0x08005164       0x10 Src/stm32f4xx_it.o
                0x08005164                OTG_FS_IRQHandler
 .text.SystemInit
                0x08005174       0x4c Src/system_stm32f4xx.o
                0x08005174                SystemInit
 .text.MX_USB_DEVICE_Init
                0x080051c0       0x38 Src/usb_device.o
                0x080051c0                MX_USB_DEVICE_Init
 .text.CDC_DeInit_FS
                0x080051f8        0x4 Src/usbd_cdc_if.o
 .text.CDC_Control_FS
                0x080051fc        0x4 Src/usbd_cdc_if.o
 .text.CDC_Receive_FS
                0x08005200       0x1c Src/usbd_cdc_if.o
 .text.CDC_Init_FS
                0x0800521c       0x28 Src/usbd_cdc_if.o
 .text.CDC_Transmit_FS
                0x08005244       0x2c Src/usbd_cdc_if.o
                0x08005244                CDC_Transmit_FS
 .text.HAL_PCD_MspInit
                0x08005270       0x68 Src/usbd_conf.o
                0x08005270                HAL_PCD_MspInit
 .text.HAL_PCD_SetupStageCallback
                0x080052d8       0x10 Src/usbd_conf.o
                0x080052d8                HAL_PCD_SetupStageCallback
 .text.HAL_PCD_DataOutStageCallback
                0x080052e8       0x18 Src/usbd_conf.o
                0x080052e8                HAL_PCD_DataOutStageCallback
 .text.HAL_PCD_DataInStageCallback
                0x08005300       0x16 Src/usbd_conf.o
                0x08005300                HAL_PCD_DataInStageCallback
 .text.HAL_PCD_SOFCallback
                0x08005316        0xc Src/usbd_conf.o
                0x08005316                HAL_PCD_SOFCallback
 .text.HAL_PCD_ResetCallback
                0x08005322       0x20 Src/usbd_conf.o
                0x08005322                HAL_PCD_ResetCallback
 *fill*         0x08005342        0x2 
 .text.HAL_PCD_SuspendCallback
                0x08005344       0x30 Src/usbd_conf.o
                0x08005344                HAL_PCD_SuspendCallback
 .text.HAL_PCD_ResumeCallback
                0x08005374        0xc Src/usbd_conf.o
                0x08005374                HAL_PCD_ResumeCallback
 .text.HAL_PCD_ISOOUTIncompleteCallback
                0x08005380        0xc Src/usbd_conf.o
                0x08005380                HAL_PCD_ISOOUTIncompleteCallback
 .text.HAL_PCD_ISOINIncompleteCallback
                0x0800538c        0xc Src/usbd_conf.o
                0x0800538c                HAL_PCD_ISOINIncompleteCallback
 .text.HAL_PCD_ConnectCallback
                0x08005398        0xc Src/usbd_conf.o
                0x08005398                HAL_PCD_ConnectCallback
 .text.HAL_PCD_DisconnectCallback
                0x080053a4        0xc Src/usbd_conf.o
                0x080053a4                HAL_PCD_DisconnectCallback
 .text.USBD_LL_Init
                0x080053b0       0x74 Src/usbd_conf.o
                0x080053b0                USBD_LL_Init
 .text.USBD_LL_Start
                0x08005424       0x1c Src/usbd_conf.o
                0x08005424                USBD_LL_Start
 .text.USBD_LL_OpenEP
                0x08005440       0x22 Src/usbd_conf.o
                0x08005440                USBD_LL_OpenEP
 .text.USBD_LL_CloseEP
                0x08005462       0x1c Src/usbd_conf.o
                0x08005462                USBD_LL_CloseEP
 .text.USBD_LL_StallEP
                0x0800547e       0x1c Src/usbd_conf.o
                0x0800547e                USBD_LL_StallEP
 .text.USBD_LL_ClearStallEP
                0x0800549a       0x1c Src/usbd_conf.o
                0x0800549a                USBD_LL_ClearStallEP
 .text.USBD_LL_IsStallEP
                0x080054b6       0x2e Src/usbd_conf.o
                0x080054b6                USBD_LL_IsStallEP
 .text.USBD_LL_SetUSBAddress
                0x080054e4       0x1c Src/usbd_conf.o
                0x080054e4                USBD_LL_SetUSBAddress
 .text.USBD_LL_Transmit
                0x08005500       0x1c Src/usbd_conf.o
                0x08005500                USBD_LL_Transmit
 .text.USBD_LL_PrepareReceive
                0x0800551c       0x1c Src/usbd_conf.o
                0x0800551c                USBD_LL_PrepareReceive
 .text.USBD_LL_GetRxDataSize
                0x08005538        0xc Src/usbd_conf.o
                0x08005538                USBD_LL_GetRxDataSize
 .text.USBD_FS_DeviceDescriptor
                0x08005544        0xc Src/usbd_desc.o
                0x08005544                USBD_FS_DeviceDescriptor
 .text.USBD_FS_LangIDStrDescriptor
                0x08005550        0xc Src/usbd_desc.o
                0x08005550                USBD_FS_LangIDStrDescriptor
 .text.USBD_FS_ProductStrDescriptor
                0x0800555c       0x24 Src/usbd_desc.o
                0x0800555c                USBD_FS_ProductStrDescriptor
 .text.USBD_FS_ManufacturerStrDescriptor
                0x08005580       0x1c Src/usbd_desc.o
                0x08005580                USBD_FS_ManufacturerStrDescriptor
 .text.USBD_FS_SerialStrDescriptor
                0x0800559c       0x24 Src/usbd_desc.o
                0x0800559c                USBD_FS_SerialStrDescriptor
 .text.USBD_FS_ConfigStrDescriptor
                0x080055c0       0x24 Src/usbd_desc.o
                0x080055c0                USBD_FS_ConfigStrDescriptor
 .text.USBD_FS_InterfaceStrDescriptor
                0x080055e4       0x24 Src/usbd_desc.o
                0x080055e4                USBD_FS_InterfaceStrDescriptor
 .text.V3fTransform
                0x08005608       0x92 Src/vector.o
                0x08005608                V3fTransform
 .text.V3Subtract
                0x0800569a       0x32 Src/vector.o
                0x0800569a                V3Subtract
 .text.Norm     0x080056cc        0xc Src/vector.o
                0x080056cc                Norm
 .text.Reset_Handler
                0x080056d8       0x50 startup/startup_stm32f411xe.o
                0x080056d8                Reset_Handler
 .text.Default_Handler
                0x08005728        0x2 startup/startup_stm32f411xe.o
                0x08005728                RTC_Alarm_IRQHandler
                0x08005728                SPI4_IRQHandler
                0x08005728                TIM1_CC_IRQHandler
                0x08005728                DMA2_Stream5_IRQHandler
                0x08005728                DMA1_Stream5_IRQHandler
                0x08005728                PVD_IRQHandler
                0x08005728                SDIO_IRQHandler
                0x08005728                TAMP_STAMP_IRQHandler
                0x08005728                EXTI3_IRQHandler
                0x08005728                TIM1_UP_TIM10_IRQHandler
                0x08005728                I2C3_ER_IRQHandler
                0x08005728                I2C2_EV_IRQHandler
                0x08005728                DMA1_Stream2_IRQHandler
                0x08005728                FPU_IRQHandler
                0x08005728                DMA2_Stream2_IRQHandler
                0x08005728                SPI1_IRQHandler
                0x08005728                TIM1_BRK_TIM9_IRQHandler
                0x08005728                DMA2_Stream3_IRQHandler
                0x08005728                USART6_IRQHandler
                0x08005728                DMA2_Stream0_IRQHandler
                0x08005728                TIM4_IRQHandler
                0x08005728                I2C1_EV_IRQHandler
                0x08005728                DMA1_Stream6_IRQHandler
                0x08005728                DMA1_Stream1_IRQHandler
                0x08005728                TIM3_IRQHandler
                0x08005728                RCC_IRQHandler
                0x08005728                Default_Handler
                0x08005728                EXTI15_10_IRQHandler
                0x08005728                ADC_IRQHandler
                0x08005728                DMA1_Stream7_IRQHandler
                0x08005728                SPI5_IRQHandler
                0x08005728                TIM5_IRQHandler
                0x08005728                DMA2_Stream7_IRQHandler
                0x08005728                I2C3_EV_IRQHandler
                0x08005728                RTC_WKUP_IRQHandler
                0x08005728                SPI2_IRQHandler
                0x08005728                DMA1_Stream0_IRQHandler
                0x08005728                WWDG_IRQHandler
                0x08005728                TIM2_IRQHandler
                0x08005728                OTG_FS_WKUP_IRQHandler
                0x08005728                TIM1_TRG_COM_TIM11_IRQHandler
                0x08005728                USART2_IRQHandler
                0x08005728                I2C2_ER_IRQHandler
                0x08005728                DMA2_Stream1_IRQHandler
                0x08005728                FLASH_IRQHandler
                0x08005728                DMA2_Stream4_IRQHandler
                0x08005728                USART1_IRQHandler
                0x08005728                SPI3_IRQHandler
                0x08005728                DMA1_Stream4_IRQHandler
                0x08005728                I2C1_ER_IRQHandler
                0x08005728                DMA2_Stream6_IRQHandler
                0x08005728                DMA1_Stream3_IRQHandler
 *fill*         0x0800572a        0x6 
 .text.cos      0x08005730       0xc0 c:/eclipseoxygen/plugins/fr.ac6.mcu.externaltools.arm-none.win32_1.15.0.201708311556/tools/compiler/bin/../lib/gcc/arm-none-eabi/6.3.1/../../../../arm-none-eabi/lib/thumb/v7e-m/fpv4-sp/hard\libm.a(lib_a-s_cos.o)
                0x08005730                cos
 .text.asinf    0x080057f0       0xb8 c:/eclipseoxygen/plugins/fr.ac6.mcu.externaltools.arm-none.win32_1.15.0.201708311556/tools/compiler/bin/../lib/gcc/arm-none-eabi/6.3.1/../../../../arm-none-eabi/lib/thumb/v7e-m/fpv4-sp/hard\libm.a(lib_a-wf_asin.o)
                0x080057f0                asinf
 .text.atan2f   0x080058a8        0x4 c:/eclipseoxygen/plugins/fr.ac6.mcu.externaltools.arm-none.win32_1.15.0.201708311556/tools/compiler/bin/../lib/gcc/arm-none-eabi/6.3.1/../../../../arm-none-eabi/lib/thumb/v7e-m/fpv4-sp/hard\libm.a(lib_a-wf_atan2.o)
                0x080058a8                atan2f
 *fill*         0x080058ac        0x4 
 .text.__ieee754_rem_pio2
                0x080058b0      0x44c c:/eclipseoxygen/plugins/fr.ac6.mcu.externaltools.arm-none.win32_1.15.0.201708311556/tools/compiler/bin/../lib/gcc/arm-none-eabi/6.3.1/../../../../arm-none-eabi/lib/thumb/v7e-m/fpv4-sp/hard\libm.a(lib_a-e_rem_pio2.o)
                0x080058b0                __ieee754_rem_pio2
 .text.__ieee754_asinf
                0x08005cfc      0x1f8 c:/eclipseoxygen/plugins/fr.ac6.mcu.externaltools.arm-none.win32_1.15.0.201708311556/tools/compiler/bin/../lib/gcc/arm-none-eabi/6.3.1/../../../../arm-none-eabi/lib/thumb/v7e-m/fpv4-sp/hard\libm.a(lib_a-ef_asin.o)
                0x08005cfc                __ieee754_asinf
 .text.__ieee754_atan2f
                0x08005ef4      0x180 c:/eclipseoxygen/plugins/fr.ac6.mcu.externaltools.arm-none.win32_1.15.0.201708311556/tools/compiler/bin/../lib/gcc/arm-none-eabi/6.3.1/../../../../arm-none-eabi/lib/thumb/v7e-m/fpv4-sp/hard\libm.a(lib_a-ef_atan2.o)
                0x08005ef4                __ieee754_atan2f
 .text.__ieee754_sqrtf
                0x08006074        0x8 c:/eclipseoxygen/plugins/fr.ac6.mcu.externaltools.arm-none.win32_1.15.0.201708311556/tools/compiler/bin/../lib/gcc/arm-none-eabi/6.3.1/../../../../arm-none-eabi/lib/thumb/v7e-m/fpv4-sp/hard\libm.a(lib_a-ef_sqrt.o)
                0x08006074                __ieee754_sqrtf
 *fill*         0x0800607c        0x4 
 .text.__kernel_cos
                0x08006080      0x284 c:/eclipseoxygen/plugins/fr.ac6.mcu.externaltools.arm-none.win32_1.15.0.201708311556/tools/compiler/bin/../lib/gcc/arm-none-eabi/6.3.1/../../../../arm-none-eabi/lib/thumb/v7e-m/fpv4-sp/hard\libm.a(lib_a-k_cos.o)
                0x08006080                __kernel_cos
 *fill*         0x08006304        0x4 
 .text.__kernel_rem_pio2
                0x08006308      0x870 c:/eclipseoxygen/plugins/fr.ac6.mcu.externaltools.arm-none.win32_1.15.0.201708311556/tools/compiler/bin/../lib/gcc/arm-none-eabi/6.3.1/../../../../arm-none-eabi/lib/thumb/v7e-m/fpv4-sp/hard\libm.a(lib_a-k_rem_pio2.o)
                0x08006308                __kernel_rem_pio2
 .text.__kernel_sin
                0x08006b78      0x194 c:/eclipseoxygen/plugins/fr.ac6.mcu.externaltools.arm-none.win32_1.15.0.201708311556/tools/compiler/bin/../lib/gcc/arm-none-eabi/6.3.1/../../../../arm-none-eabi/lib/thumb/v7e-m/fpv4-sp/hard\libm.a(lib_a-k_sin.o)
                0x08006b78                __kernel_sin
 .text.fabs     0x08006d0c       0x10 c:/eclipseoxygen/plugins/fr.ac6.mcu.externaltools.arm-none.win32_1.15.0.201708311556/tools/compiler/bin/../lib/gcc/arm-none-eabi/6.3.1/../../../../arm-none-eabi/lib/thumb/v7e-m/fpv4-sp/hard\libm.a(lib_a-s_fabs.o)
                0x08006d0c                fabs
 *fill*         0x08006d1c        0x4 
 .text.floor    0x08006d20      0x120 c:/eclipseoxygen/plugins/fr.ac6.mcu.externaltools.arm-none.win32_1.15.0.201708311556/tools/compiler/bin/../lib/gcc/arm-none-eabi/6.3.1/../../../../arm-none-eabi/lib/thumb/v7e-m/fpv4-sp/hard\libm.a(lib_a-s_floor.o)
                0x08006d20                floor
 .text.matherr  0x08006e40        0x4 c:/eclipseoxygen/plugins/fr.ac6.mcu.externaltools.arm-none.win32_1.15.0.201708311556/tools/compiler/bin/../lib/gcc/arm-none-eabi/6.3.1/../../../../arm-none-eabi/lib/thumb/v7e-m/fpv4-sp/hard\libm.a(lib_a-s_matherr.o)
                0x08006e40                matherr
 *fill*         0x08006e44        0x4 
 .text.nan      0x08006e48       0x10 c:/eclipseoxygen/plugins/fr.ac6.mcu.externaltools.arm-none.win32_1.15.0.201708311556/tools/compiler/bin/../lib/gcc/arm-none-eabi/6.3.1/../../../../arm-none-eabi/lib/thumb/v7e-m/fpv4-sp/hard\libm.a(lib_a-s_nan.o)
                0x08006e48                nan
 .text.scalbn   0x08006e58      0x10c c:/eclipseoxygen/plugins/fr.ac6.mcu.externaltools.arm-none.win32_1.15.0.201708311556/tools/compiler/bin/../lib/gcc/arm-none-eabi/6.3.1/../../../../arm-none-eabi/lib/thumb/v7e-m/fpv4-sp/hard\libm.a(lib_a-s_scalbn.o)
                0x08006e58                scalbn
 .text.atanf    0x08006f64      0x1b0 c:/eclipseoxygen/plugins/fr.ac6.mcu.externaltools.arm-none.win32_1.15.0.201708311556/tools/compiler/bin/../lib/gcc/arm-none-eabi/6.3.1/../../../../arm-none-eabi/lib/thumb/v7e-m/fpv4-sp/hard\libm.a(lib_a-sf_atan.o)
                0x08006f64                atanf
 .text.fabsf    0x08007114       0x10 c:/eclipseoxygen/plugins/fr.ac6.mcu.externaltools.arm-none.win32_1.15.0.201708311556/tools/compiler/bin/../lib/gcc/arm-none-eabi/6.3.1/../../../../arm-none-eabi/lib/thumb/v7e-m/fpv4-sp/hard\libm.a(lib_a-sf_fabs.o)
                0x08007114                fabsf
 .text.copysign
                0x08007124       0x1c c:/eclipseoxygen/plugins/fr.ac6.mcu.externaltools.arm-none.win32_1.15.0.201708311556/tools/compiler/bin/../lib/gcc/arm-none-eabi/6.3.1/../../../../arm-none-eabi/lib/thumb/v7e-m/fpv4-sp/hard\libm.a(lib_a-s_copysign.o)
                0x08007124                copysign
 .text.__errno  0x08007140        0xc c:/eclipseoxygen/plugins/fr.ac6.mcu.externaltools.arm-none.win32_1.15.0.201708311556/tools/compiler/bin/../lib/gcc/arm-none-eabi/6.3.1/../../../../arm-none-eabi/lib/thumb/v7e-m/fpv4-sp/hard\libc_nano.a(lib_a-errno.o)
                0x08007140                __errno
 .text.__libc_init_array
                0x0800714c       0x48 c:/eclipseoxygen/plugins/fr.ac6.mcu.externaltools.arm-none.win32_1.15.0.201708311556/tools/compiler/bin/../lib/gcc/arm-none-eabi/6.3.1/../../../../arm-none-eabi/lib/thumb/v7e-m/fpv4-sp/hard\libc_nano.a(lib_a-init.o)
                0x0800714c                __libc_init_array
 .text.malloc   0x08007194       0x10 c:/eclipseoxygen/plugins/fr.ac6.mcu.externaltools.arm-none.win32_1.15.0.201708311556/tools/compiler/bin/../lib/gcc/arm-none-eabi/6.3.1/../../../../arm-none-eabi/lib/thumb/v7e-m/fpv4-sp/hard\libc_nano.a(lib_a-malloc.o)
                0x08007194                malloc
 .text.free     0x080071a4       0x10 c:/eclipseoxygen/plugins/fr.ac6.mcu.externaltools.arm-none.win32_1.15.0.201708311556/tools/compiler/bin/../lib/gcc/arm-none-eabi/6.3.1/../../../../arm-none-eabi/lib/thumb/v7e-m/fpv4-sp/hard\libc_nano.a(lib_a-malloc.o)
                0x080071a4                free
 .text._free_r  0x080071b4       0x9c c:/eclipseoxygen/plugins/fr.ac6.mcu.externaltools.arm-none.win32_1.15.0.201708311556/tools/compiler/bin/../lib/gcc/arm-none-eabi/6.3.1/../../../../arm-none-eabi/lib/thumb/v7e-m/fpv4-sp/hard\libc_nano.a(lib_a-nano-freer.o)
                0x080071b4                _free_r
 .text._malloc_r
                0x08007250       0xbc c:/eclipseoxygen/plugins/fr.ac6.mcu.externaltools.arm-none.win32_1.15.0.201708311556/tools/compiler/bin/../lib/gcc/arm-none-eabi/6.3.1/../../../../arm-none-eabi/lib/thumb/v7e-m/fpv4-sp/hard\libc_nano.a(lib_a-nano-mallocr.o)
                0x08007250                _malloc_r
 .text._sbrk_r  0x0800730c       0x20 c:/eclipseoxygen/plugins/fr.ac6.mcu.externaltools.arm-none.win32_1.15.0.201708311556/tools/compiler/bin/../lib/gcc/arm-none-eabi/6.3.1/../../../../arm-none-eabi/lib/thumb/v7e-m/fpv4-sp/hard\libc_nano.a(lib_a-sbrkr.o)
                0x0800730c                _sbrk_r
 .text.sprintf  0x0800732c       0x48 c:/eclipseoxygen/plugins/fr.ac6.mcu.externaltools.arm-none.win32_1.15.0.201708311556/tools/compiler/bin/../lib/gcc/arm-none-eabi/6.3.1/../../../../arm-none-eabi/lib/thumb/v7e-m/fpv4-sp/hard\libc_nano.a(lib_a-sprintf.o)
                0x0800732c                siprintf
                0x0800732c                sprintf
 .text.__malloc_lock
                0x08007374        0x2 c:/eclipseoxygen/plugins/fr.ac6.mcu.externaltools.arm-none.win32_1.15.0.201708311556/tools/compiler/bin/../lib/gcc/arm-none-eabi/6.3.1/../../../../arm-none-eabi/lib/thumb/v7e-m/fpv4-sp/hard\libc_nano.a(lib_a-mlock.o)
                0x08007374                __malloc_lock
 .text.__malloc_unlock
                0x08007376        0x2 c:/eclipseoxygen/plugins/fr.ac6.mcu.externaltools.arm-none.win32_1.15.0.201708311556/tools/compiler/bin/../lib/gcc/arm-none-eabi/6.3.1/../../../../arm-none-eabi/lib/thumb/v7e-m/fpv4-sp/hard\libc_nano.a(lib_a-mlock.o)
                0x08007376                __malloc_unlock
 .text.__ssputs_r
                0x08007378       0xb6 c:/eclipseoxygen/plugins/fr.ac6.mcu.externaltools.arm-none.win32_1.15.0.201708311556/tools/compiler/bin/../lib/gcc/arm-none-eabi/6.3.1/../../../../arm-none-eabi/lib/thumb/v7e-m/fpv4-sp/hard\libc_nano.a(lib_a-nano-svfprintf.o)
                0x08007378                __ssputs_r
 *fill*         0x0800742e        0x2 
 .text._svfprintf_r
                0x08007430      0x1e8 c:/eclipseoxygen/plugins/fr.ac6.mcu.externaltools.arm-none.win32_1.15.0.201708311556/tools/compiler/bin/../lib/gcc/arm-none-eabi/6.3.1/../../../../arm-none-eabi/lib/thumb/v7e-m/fpv4-sp/hard\libc_nano.a(lib_a-nano-svfprintf.o)
                0x08007430                _svfiprintf_r
                0x08007430                _svfprintf_r
 .text._printf_common
                0x08007618       0xec c:/eclipseoxygen/plugins/fr.ac6.mcu.externaltools.arm-none.win32_1.15.0.201708311556/tools/compiler/bin/../lib/gcc/arm-none-eabi/6.3.1/../../../../arm-none-eabi/lib/thumb/v7e-m/fpv4-sp/hard\libc_nano.a(lib_a-nano-vfprintf_i.o)
                0x08007618                _printf_common
 .text._printf_i
                0x08007704      0x240 c:/eclipseoxygen/plugins/fr.ac6.mcu.externaltools.arm-none.win32_1.15.0.201708311556/tools/compiler/bin/../lib/gcc/arm-none-eabi/6.3.1/../../../../arm-none-eabi/lib/thumb/v7e-m/fpv4-sp/hard\libc_nano.a(lib_a-nano-vfprintf_i.o)
                0x08007704                _printf_i
 .text.memcpy   0x08007944       0x16 c:/eclipseoxygen/plugins/fr.ac6.mcu.externaltools.arm-none.win32_1.15.0.201708311556/tools/compiler/bin/../lib/gcc/arm-none-eabi/6.3.1/../../../../arm-none-eabi/lib/thumb/v7e-m/fpv4-sp/hard\libc_nano.a(lib_a-memcpy-stub.o)
                0x08007944                memcpy
 .text.memmove  0x0800795a       0x34 c:/eclipseoxygen/plugins/fr.ac6.mcu.externaltools.arm-none.win32_1.15.0.201708311556/tools/compiler/bin/../lib/gcc/arm-none-eabi/6.3.1/../../../../arm-none-eabi/lib/thumb/v7e-m/fpv4-sp/hard\libc_nano.a(lib_a-memmove.o)
                0x0800795a                memmove
 .text._realloc_r
                0x0800798e       0x4c c:/eclipseoxygen/plugins/fr.ac6.mcu.externaltools.arm-none.win32_1.15.0.201708311556/tools/compiler/bin/../lib/gcc/arm-none-eabi/6.3.1/../../../../arm-none-eabi/lib/thumb/v7e-m/fpv4-sp/hard\libc_nano.a(lib_a-nano-reallocr.o)
                0x0800798e                _realloc_r
 .text._malloc_usable_size_r
                0x080079da       0x12 c:/eclipseoxygen/plugins/fr.ac6.mcu.externaltools.arm-none.win32_1.15.0.201708311556/tools/compiler/bin/../lib/gcc/arm-none-eabi/6.3.1/../../../../arm-none-eabi/lib/thumb/v7e-m/fpv4-sp/hard\libc_nano.a(lib_a-nano-msizer.o)
                0x080079da                _malloc_usable_size_r
 .text._sbrk    0x080079ec       0x1c c:/eclipseoxygen/plugins/fr.ac6.mcu.externaltools.arm-none.win32_1.15.0.201708311556/tools/compiler/bin/../lib/gcc/arm-none-eabi/6.3.1/../../../../arm-none-eabi/lib/thumb/v7e-m/fpv4-sp/hard\libnosys.a(sbrk.o)
                0x080079ec                _sbrk
 *(.glue_7)
 .glue_7        0x08007a08        0x0 linker stubs
 *(.glue_7t)
 .glue_7t       0x08007a08        0x0 linker stubs
 *(.eh_frame)
 .eh_frame      0x08007a08        0x0 c:/eclipseoxygen/plugins/fr.ac6.mcu.externaltools.arm-none.win32_1.15.0.201708311556/tools/compiler/bin/../lib/gcc/arm-none-eabi/6.3.1/thumb/v7e-m/fpv4-sp/hard/crtbegin.o
 *(.init)
 .init          0x08007a08        0x4 c:/eclipseoxygen/plugins/fr.ac6.mcu.externaltools.arm-none.win32_1.15.0.201708311556/tools/compiler/bin/../lib/gcc/arm-none-eabi/6.3.1/thumb/v7e-m/fpv4-sp/hard/crti.o
                0x08007a08                _init
 .init          0x08007a0c        0x8 c:/eclipseoxygen/plugins/fr.ac6.mcu.externaltools.arm-none.win32_1.15.0.201708311556/tools/compiler/bin/../lib/gcc/arm-none-eabi/6.3.1/thumb/v7e-m/fpv4-sp/hard/crtn.o
 *(.fini)
 .fini          0x08007a14        0x4 c:/eclipseoxygen/plugins/fr.ac6.mcu.externaltools.arm-none.win32_1.15.0.201708311556/tools/compiler/bin/../lib/gcc/arm-none-eabi/6.3.1/thumb/v7e-m/fpv4-sp/hard/crti.o
                0x08007a14                _fini
 .fini          0x08007a18        0x8 c:/eclipseoxygen/plugins/fr.ac6.mcu.externaltools.arm-none.win32_1.15.0.201708311556/tools/compiler/bin/../lib/gcc/arm-none-eabi/6.3.1/thumb/v7e-m/fpv4-sp/hard/crtn.o
                0x08007a20                . = ALIGN (0x4)
                0x08007a20                _etext = .

.vfp11_veneer   0x08007a20        0x0
 .vfp11_veneer  0x08007a20        0x0 linker stubs

.v4_bx          0x08007a20        0x0
 .v4_bx         0x08007a20        0x0 linker stubs

.iplt           0x08007a20        0x0
 .iplt          0x08007a20        0x0 c:/eclipseoxygen/plugins/fr.ac6.mcu.externaltools.arm-none.win32_1.15.0.201708311556/tools/compiler/bin/../lib/gcc/arm-none-eabi/6.3.1/thumb/v7e-m/fpv4-sp/hard/crtbegin.o

.rodata         0x08007a20      0x364
                0x08007a20                . = ALIGN (0x4)
 *(.rodata)
 .rodata        0x08007a20       0x6c Src/calculations.o
 .rodata        0x08007a8c       0x18 Src/system_stm32f4xx.o
                0x08007a8c                AHBPrescTable
                0x08007a9c                APBPrescTable
 *(.rodata*)
 .rodata.str1.4
                0x08007aa4       0x40 Src/main.o
 .rodata.str1.4
                0x08007ae4       0x13 Src/usbd_conf.o
 *fill*         0x08007af7        0x1 
 .rodata.str1.4
                0x08007af8       0x56 Src/usbd_desc.o
 *fill*         0x08007b4e        0x2 
 .rodata.asinf.str1.4
                0x08007b50        0x8 c:/eclipseoxygen/plugins/fr.ac6.mcu.externaltools.arm-none.win32_1.15.0.201708311556/tools/compiler/bin/../lib/gcc/arm-none-eabi/6.3.1/../../../../arm-none-eabi/lib/thumb/v7e-m/fpv4-sp/hard\libm.a(lib_a-wf_asin.o)
                                  0x9 (size before relaxing)
 .rodata.npio2_hw
                0x08007b58       0x80 c:/eclipseoxygen/plugins/fr.ac6.mcu.externaltools.arm-none.win32_1.15.0.201708311556/tools/compiler/bin/../lib/gcc/arm-none-eabi/6.3.1/../../../../arm-none-eabi/lib/thumb/v7e-m/fpv4-sp/hard\libm.a(lib_a-e_rem_pio2.o)
 .rodata.two_over_pi
                0x08007bd8      0x108 c:/eclipseoxygen/plugins/fr.ac6.mcu.externaltools.arm-none.win32_1.15.0.201708311556/tools/compiler/bin/../lib/gcc/arm-none-eabi/6.3.1/../../../../arm-none-eabi/lib/thumb/v7e-m/fpv4-sp/hard\libm.a(lib_a-e_rem_pio2.o)
 .rodata.PIo2   0x08007ce0       0x40 c:/eclipseoxygen/plugins/fr.ac6.mcu.externaltools.arm-none.win32_1.15.0.201708311556/tools/compiler/bin/../lib/gcc/arm-none-eabi/6.3.1/../../../../arm-none-eabi/lib/thumb/v7e-m/fpv4-sp/hard\libm.a(lib_a-k_rem_pio2.o)
 .rodata.init_jk
                0x08007d20       0x10 c:/eclipseoxygen/plugins/fr.ac6.mcu.externaltools.arm-none.win32_1.15.0.201708311556/tools/compiler/bin/../lib/gcc/arm-none-eabi/6.3.1/../../../../arm-none-eabi/lib/thumb/v7e-m/fpv4-sp/hard\libm.a(lib_a-k_rem_pio2.o)
 .rodata.atanhi
                0x08007d30       0x10 c:/eclipseoxygen/plugins/fr.ac6.mcu.externaltools.arm-none.win32_1.15.0.201708311556/tools/compiler/bin/../lib/gcc/arm-none-eabi/6.3.1/../../../../arm-none-eabi/lib/thumb/v7e-m/fpv4-sp/hard\libm.a(lib_a-sf_atan.o)
 .rodata.atanlo
                0x08007d40       0x10 c:/eclipseoxygen/plugins/fr.ac6.mcu.externaltools.arm-none.win32_1.15.0.201708311556/tools/compiler/bin/../lib/gcc/arm-none-eabi/6.3.1/../../../../arm-none-eabi/lib/thumb/v7e-m/fpv4-sp/hard\libm.a(lib_a-sf_atan.o)
 .rodata._svfprintf_r.str1.1
                0x08007d50       0x11 c:/eclipseoxygen/plugins/fr.ac6.mcu.externaltools.arm-none.win32_1.15.0.201708311556/tools/compiler/bin/../lib/gcc/arm-none-eabi/6.3.1/../../../../arm-none-eabi/lib/thumb/v7e-m/fpv4-sp/hard\libc_nano.a(lib_a-nano-svfprintf.o)
 .rodata._printf_i.str1.1
                0x08007d61       0x22 c:/eclipseoxygen/plugins/fr.ac6.mcu.externaltools.arm-none.win32_1.15.0.201708311556/tools/compiler/bin/../lib/gcc/arm-none-eabi/6.3.1/../../../../arm-none-eabi/lib/thumb/v7e-m/fpv4-sp/hard\libc_nano.a(lib_a-nano-vfprintf_i.o)
                0x08007d84                . = ALIGN (0x4)
 *fill*         0x08007d83        0x1 

.ARM.extab
 *(.ARM.extab* .gnu.linkonce.armextab.*)

.ARM            0x08007d84        0x8
                0x08007d84                __exidx_start = .
 *(.ARM.exidx*)
 .ARM.exidx     0x08007d84        0x8 c:/eclipseoxygen/plugins/fr.ac6.mcu.externaltools.arm-none.win32_1.15.0.201708311556/tools/compiler/bin/../lib/gcc/arm-none-eabi/6.3.1/thumb/v7e-m/fpv4-sp/hard\libgcc.a(_udivmoddi4.o)
                0x08007d8c                __exidx_end = .

.rel.dyn        0x08007d8c        0x0
 .rel.iplt      0x08007d8c        0x0 c:/eclipseoxygen/plugins/fr.ac6.mcu.externaltools.arm-none.win32_1.15.0.201708311556/tools/compiler/bin/../lib/gcc/arm-none-eabi/6.3.1/thumb/v7e-m/fpv4-sp/hard/crtbegin.o

.preinit_array  0x08007d8c        0x0
                0x08007d8c                PROVIDE (__preinit_array_start, .)
 *(.preinit_array*)
                0x08007d8c                PROVIDE (__preinit_array_end, .)

.init_array     0x08007d8c        0x4
                0x08007d8c                PROVIDE (__init_array_start, .)
 *(SORT(.init_array.*))
 *(.init_array*)
 .init_array    0x08007d8c        0x4 c:/eclipseoxygen/plugins/fr.ac6.mcu.externaltools.arm-none.win32_1.15.0.201708311556/tools/compiler/bin/../lib/gcc/arm-none-eabi/6.3.1/thumb/v7e-m/fpv4-sp/hard/crtbegin.o
                0x08007d90                PROVIDE (__init_array_end, .)

.fini_array     0x08007d90        0x4
                [!provide]                PROVIDE (__fini_array_start, .)
 *(SORT(.fini_array.*))
 *(.fini_array*)
 .fini_array    0x08007d90        0x4 c:/eclipseoxygen/plugins/fr.ac6.mcu.externaltools.arm-none.win32_1.15.0.201708311556/tools/compiler/bin/../lib/gcc/arm-none-eabi/6.3.1/thumb/v7e-m/fpv4-sp/hard/crtbegin.o
                [!provide]                PROVIDE (__fini_array_end, .)
                0x08007d94                _sidata = LOADADDR (.data)

.data           0x20000000      0x1c8 load address 0x08007d94
                0x20000000                . = ALIGN (0x4)
                0x20000000                _sdata = .
 *(.data)
 .data          0x20000000        0x8 Drivers/STM32F4xx_HAL_Driver/Src/stm32f4xx_hal.o
                0x20000000                uwTickFreq
                0x20000004                uwTickPrio
 .data          0x20000008      0x110 Middlewares/ST/STM32_USB_Device_Library/Class/CDC/Src/usbd_cdc.o
                0x20000008                USBD_CDC_CfgFSDesc
                0x2000004c                USBD_CDC_CfgHSDesc
                0x20000090                USBD_CDC_OtherSpeedCfgDesc
                0x200000e0                USBD_CDC
 .data          0x20000118        0x4 Src/system_stm32f4xx.o
                0x20000118                SystemCoreClock
 .data          0x2000011c       0x10 Src/usbd_cdc_if.o
                0x2000011c                USBD_Interface_fops_FS
 .data          0x2000012c       0x34 Src/usbd_desc.o
                0x2000012c                USBD_FS_DeviceDesc
                0x20000140                USBD_LangIDDesc
                0x20000144                FS_Desc
 *(.data*)
 .data.__fdlib_version
                0x20000160        0x1 c:/eclipseoxygen/plugins/fr.ac6.mcu.externaltools.arm-none.win32_1.15.0.201708311556/tools/compiler/bin/../lib/gcc/arm-none-eabi/6.3.1/../../../../arm-none-eabi/lib/thumb/v7e-m/fpv4-sp/hard\libm.a(lib_a-s_lib_ver.o)
                0x20000160                __fdlib_version
 *fill*         0x20000161        0x3 
 .data._impure_ptr
                0x20000164        0x4 c:/eclipseoxygen/plugins/fr.ac6.mcu.externaltools.arm-none.win32_1.15.0.201708311556/tools/compiler/bin/../lib/gcc/arm-none-eabi/6.3.1/../../../../arm-none-eabi/lib/thumb/v7e-m/fpv4-sp/hard\libc_nano.a(lib_a-impure.o)
                0x20000164                _impure_ptr
 .data.impure_data
                0x20000168       0x60 c:/eclipseoxygen/plugins/fr.ac6.mcu.externaltools.arm-none.win32_1.15.0.201708311556/tools/compiler/bin/../lib/gcc/arm-none-eabi/6.3.1/../../../../arm-none-eabi/lib/thumb/v7e-m/fpv4-sp/hard\libc_nano.a(lib_a-impure.o)
                0x200001c8                . = ALIGN (0x4)
                0x200001c8                _edata = .

.jcr            0x200001c8        0x0 load address 0x08007f5c
 .jcr           0x200001c8        0x0 c:/eclipseoxygen/plugins/fr.ac6.mcu.externaltools.arm-none.win32_1.15.0.201708311556/tools/compiler/bin/../lib/gcc/arm-none-eabi/6.3.1/thumb/v7e-m/fpv4-sp/hard/crtbegin.o

.igot.plt       0x200001c8        0x0 load address 0x08007f5c
 .igot.plt      0x200001c8        0x0 c:/eclipseoxygen/plugins/fr.ac6.mcu.externaltools.arm-none.win32_1.15.0.201708311556/tools/compiler/bin/../lib/gcc/arm-none-eabi/6.3.1/thumb/v7e-m/fpv4-sp/hard/crtbegin.o
                0x200001c8                . = ALIGN (0x4)

.bss            0x200001c8     0x1a20 load address 0x08007f5c
                0x200001c8                _sbss = .
                0x200001c8                __bss_start__ = _sbss
 *(.bss)
 .bss           0x200001c8       0x1c c:/eclipseoxygen/plugins/fr.ac6.mcu.externaltools.arm-none.win32_1.15.0.201708311556/tools/compiler/bin/../lib/gcc/arm-none-eabi/6.3.1/thumb/v7e-m/fpv4-sp/hard/crtbegin.o
 .bss           0x200001e4        0x1 Middlewares/ST/STM32_USB_Device_Library/Class/CDC/Src/usbd_cdc.o
 .bss           0x200001e5        0x1 Middlewares/ST/STM32_USB_Device_Library/Core/Src/usbd_ctlreq.o
 *fill*         0x200001e6        0x2 
 .bss           0x200001e8       0x38 Src/calculations.o
 .bss           0x20000220       0x64 Src/main.o
                0x20000220                str1
 *(.bss*)
 .bss.__malloc_free_list
                0x20000284        0x4 c:/eclipseoxygen/plugins/fr.ac6.mcu.externaltools.arm-none.win32_1.15.0.201708311556/tools/compiler/bin/../lib/gcc/arm-none-eabi/6.3.1/../../../../arm-none-eabi/lib/thumb/v7e-m/fpv4-sp/hard\libc_nano.a(lib_a-nano-mallocr.o)
                0x20000284                __malloc_free_list
 .bss.__malloc_sbrk_start
                0x20000288        0x4 c:/eclipseoxygen/plugins/fr.ac6.mcu.externaltools.arm-none.win32_1.15.0.201708311556/tools/compiler/bin/../lib/gcc/arm-none-eabi/6.3.1/../../../../arm-none-eabi/lib/thumb/v7e-m/fpv4-sp/hard\libc_nano.a(lib_a-nano-mallocr.o)
                0x20000288                __malloc_sbrk_start
 .bss.heap_end.5239
                0x2000028c        0x4 c:/eclipseoxygen/plugins/fr.ac6.mcu.externaltools.arm-none.win32_1.15.0.201708311556/tools/compiler/bin/../lib/gcc/arm-none-eabi/6.3.1/../../../../arm-none-eabi/lib/thumb/v7e-m/fpv4-sp/hard\libnosys.a(sbrk.o)
 *(COMMON)
 COMMON         0x20000290        0x4 Drivers/STM32F4xx_HAL_Driver/Src/stm32f4xx_hal.o
                0x20000290                uwTick
 COMMON         0x20000294       0x3c Src/calculations.o
                0x20000294                AccR
                0x200002a0                Mag
                0x200002ac                MagR
                0x200002b8                Acc
                0x200002c4                Gyro
 COMMON         0x200002d0       0xfe Src/main.o
                0x200002d0                hi2c1
                0x20000324                htim10
                0x20000360                AccelData
                0x20000368                GyroData
                0x20000370                hspi1
                0x200003c8                MagData
 *fill*         0x200003ce        0x2 
 COMMON         0x200003d0      0x224 Src/usb_device.o
                0x200003d0                hUsbDeviceFS
 COMMON         0x200005f4     0x1000 Src/usbd_cdc_if.o
                0x200005f4                UserRxBufferFS
                0x20000df4                UserTxBufferFS
 COMMON         0x200015f4      0x3f0 Src/usbd_conf.o
                0x200015f4                hpcd_USB_OTG_FS
 COMMON         0x200019e4      0x200 Src/usbd_desc.o
                0x200019e4                USBD_StrDesc
 COMMON         0x20001be4        0x4 c:/eclipseoxygen/plugins/fr.ac6.mcu.externaltools.arm-none.win32_1.15.0.201708311556/tools/compiler/bin/../lib/gcc/arm-none-eabi/6.3.1/../../../../arm-none-eabi/lib/thumb/v7e-m/fpv4-sp/hard\libc_nano.a(lib_a-reent.o)
                0x20001be4                errno
                0x20001be8                . = ALIGN (0x4)
                0x20001be8                _ebss = .
                0x20001be8                __bss_end__ = _ebss

._user_heap_stack
                0x20001be8      0x600 load address 0x08007f5c
                0x20001be8                . = ALIGN (0x8)
                0x20001be8                PROVIDE (end, .)
                [!provide]                PROVIDE (_end, .)
                0x20001de8                . = (. + _Min_Heap_Size)
 *fill*         0x20001be8      0x200 
                0x200021e8                . = (. + _Min_Stack_Size)
 *fill*         0x20001de8      0x400 
                0x200021e8                . = ALIGN (0x8)

/DISCARD/
 libc.a(*)
 libm.a(*)
 libgcc.a(*)

.ARM.attributes
                0x00000000       0x30
 *(.ARM.attributes)
 .ARM.attributes
                0x00000000       0x22 c:/eclipseoxygen/plugins/fr.ac6.mcu.externaltools.arm-none.win32_1.15.0.201708311556/tools/compiler/bin/../lib/gcc/arm-none-eabi/6.3.1/thumb/v7e-m/fpv4-sp/hard/crti.o
 .ARM.attributes
                0x00000022       0x34 c:/eclipseoxygen/plugins/fr.ac6.mcu.externaltools.arm-none.win32_1.15.0.201708311556/tools/compiler/bin/../lib/gcc/arm-none-eabi/6.3.1/thumb/v7e-m/fpv4-sp/hard/crtbegin.o
 .ARM.attributes
                0x00000056       0x39 Drivers/STM32F4xx_HAL_Driver/Src/stm32f4xx_hal.o
 .ARM.attributes
                0x0000008f       0x39 Drivers/STM32F4xx_HAL_Driver/Src/stm32f4xx_hal_cortex.o
 .ARM.attributes
                0x000000c8       0x39 Drivers/STM32F4xx_HAL_Driver/Src/stm32f4xx_hal_gpio.o
 .ARM.attributes
                0x00000101       0x39 Drivers/STM32F4xx_HAL_Driver/Src/stm32f4xx_hal_i2c.o
 .ARM.attributes
                0x0000013a       0x39 Drivers/STM32F4xx_HAL_Driver/Src/stm32f4xx_hal_pcd.o
 .ARM.attributes
                0x00000173       0x39 Drivers/STM32F4xx_HAL_Driver/Src/stm32f4xx_hal_pcd_ex.o
 .ARM.attributes
                0x000001ac       0x39 Drivers/STM32F4xx_HAL_Driver/Src/stm32f4xx_hal_rcc.o
 .ARM.attributes
                0x000001e5       0x39 Drivers/STM32F4xx_HAL_Driver/Src/stm32f4xx_hal_spi.o
 .ARM.attributes
                0x0000021e       0x39 Drivers/STM32F4xx_HAL_Driver/Src/stm32f4xx_hal_tim.o
 .ARM.attributes
                0x00000257       0x39 Drivers/STM32F4xx_HAL_Driver/Src/stm32f4xx_ll_usb.o
 .ARM.attributes
                0x00000290       0x39 Middlewares/ST/STM32_USB_Device_Library/Class/CDC/Src/usbd_cdc.o
 .ARM.attributes
                0x000002c9       0x39 Middlewares/ST/STM32_USB_Device_Library/Core/Src/usbd_core.o
 .ARM.attributes
                0x00000302       0x39 Middlewares/ST/STM32_USB_Device_Library/Core/Src/usbd_ctlreq.o
 .ARM.attributes
                0x0000033b       0x39 Middlewares/ST/STM32_USB_Device_Library/Core/Src/usbd_ioreq.o
 .ARM.attributes
                0x00000374       0x39 Src/calculations.o
 .ARM.attributes
                0x000003ad       0x39 Src/l3gd20.o
 .ARM.attributes
                0x000003e6       0x39 Src/lsm303dlhc.o
 .ARM.attributes
                0x0000041f       0x39 Src/main.o
 .ARM.attributes
                0x00000458       0x39 Src/stm32f4xx_hal_msp.o
 .ARM.attributes
                0x00000491       0x39 Src/stm32f4xx_it.o
 .ARM.attributes
                0x000004ca       0x39 Src/system_stm32f4xx.o
 .ARM.attributes
                0x00000503       0x39 Src/usb_device.o
 .ARM.attributes
                0x0000053c       0x39 Src/usbd_cdc_if.o
 .ARM.attributes
                0x00000575       0x39 Src/usbd_conf.o
 .ARM.attributes
                0x000005ae       0x39 Src/usbd_desc.o
 .ARM.attributes
                0x000005e7       0x39 Src/vector.o
 .ARM.attributes
                0x00000620       0x21 startup/startup_stm32f411xe.o
 .ARM.attributes
                0x00000641       0x34 c:/eclipseoxygen/plugins/fr.ac6.mcu.externaltools.arm-none.win32_1.15.0.201708311556/tools/compiler/bin/../lib/gcc/arm-none-eabi/6.3.1/../../../../arm-none-eabi/lib/thumb/v7e-m/fpv4-sp/hard\libm.a(lib_a-s_cos.o)
 .ARM.attributes
                0x00000675       0x34 c:/eclipseoxygen/plugins/fr.ac6.mcu.externaltools.arm-none.win32_1.15.0.201708311556/tools/compiler/bin/../lib/gcc/arm-none-eabi/6.3.1/../../../../arm-none-eabi/lib/thumb/v7e-m/fpv4-sp/hard\libm.a(lib_a-wf_asin.o)
 .ARM.attributes
                0x000006a9       0x34 c:/eclipseoxygen/plugins/fr.ac6.mcu.externaltools.arm-none.win32_1.15.0.201708311556/tools/compiler/bin/../lib/gcc/arm-none-eabi/6.3.1/../../../../arm-none-eabi/lib/thumb/v7e-m/fpv4-sp/hard\libm.a(lib_a-wf_atan2.o)
 .ARM.attributes
                0x000006dd       0x34 c:/eclipseoxygen/plugins/fr.ac6.mcu.externaltools.arm-none.win32_1.15.0.201708311556/tools/compiler/bin/../lib/gcc/arm-none-eabi/6.3.1/../../../../arm-none-eabi/lib/thumb/v7e-m/fpv4-sp/hard\libm.a(lib_a-e_rem_pio2.o)
 .ARM.attributes
                0x00000711       0x34 c:/eclipseoxygen/plugins/fr.ac6.mcu.externaltools.arm-none.win32_1.15.0.201708311556/tools/compiler/bin/../lib/gcc/arm-none-eabi/6.3.1/../../../../arm-none-eabi/lib/thumb/v7e-m/fpv4-sp/hard\libm.a(lib_a-ef_asin.o)
 .ARM.attributes
                0x00000745       0x34 c:/eclipseoxygen/plugins/fr.ac6.mcu.externaltools.arm-none.win32_1.15.0.201708311556/tools/compiler/bin/../lib/gcc/arm-none-eabi/6.3.1/../../../../arm-none-eabi/lib/thumb/v7e-m/fpv4-sp/hard\libm.a(lib_a-ef_atan2.o)
 .ARM.attributes
                0x00000779       0x34 c:/eclipseoxygen/plugins/fr.ac6.mcu.externaltools.arm-none.win32_1.15.0.201708311556/tools/compiler/bin/../lib/gcc/arm-none-eabi/6.3.1/../../../../arm-none-eabi/lib/thumb/v7e-m/fpv4-sp/hard\libm.a(lib_a-ef_sqrt.o)
 .ARM.attributes
                0x000007ad       0x34 c:/eclipseoxygen/plugins/fr.ac6.mcu.externaltools.arm-none.win32_1.15.0.201708311556/tools/compiler/bin/../lib/gcc/arm-none-eabi/6.3.1/../../../../arm-none-eabi/lib/thumb/v7e-m/fpv4-sp/hard\libm.a(lib_a-k_cos.o)
 .ARM.attributes
                0x000007e1       0x34 c:/eclipseoxygen/plugins/fr.ac6.mcu.externaltools.arm-none.win32_1.15.0.201708311556/tools/compiler/bin/../lib/gcc/arm-none-eabi/6.3.1/../../../../arm-none-eabi/lib/thumb/v7e-m/fpv4-sp/hard\libm.a(lib_a-k_rem_pio2.o)
 .ARM.attributes
                0x00000815       0x34 c:/eclipseoxygen/plugins/fr.ac6.mcu.externaltools.arm-none.win32_1.15.0.201708311556/tools/compiler/bin/../lib/gcc/arm-none-eabi/6.3.1/../../../../arm-none-eabi/lib/thumb/v7e-m/fpv4-sp/hard\libm.a(lib_a-k_sin.o)
 .ARM.attributes
                0x00000849       0x34 c:/eclipseoxygen/plugins/fr.ac6.mcu.externaltools.arm-none.win32_1.15.0.201708311556/tools/compiler/bin/../lib/gcc/arm-none-eabi/6.3.1/../../../../arm-none-eabi/lib/thumb/v7e-m/fpv4-sp/hard\libm.a(lib_a-s_fabs.o)
 .ARM.attributes
                0x0000087d       0x34 c:/eclipseoxygen/plugins/fr.ac6.mcu.externaltools.arm-none.win32_1.15.0.201708311556/tools/compiler/bin/../lib/gcc/arm-none-eabi/6.3.1/../../../../arm-none-eabi/lib/thumb/v7e-m/fpv4-sp/hard\libm.a(lib_a-s_floor.o)
 .ARM.attributes
                0x000008b1       0x34 c:/eclipseoxygen/plugins/fr.ac6.mcu.externaltools.arm-none.win32_1.15.0.201708311556/tools/compiler/bin/../lib/gcc/arm-none-eabi/6.3.1/../../../../arm-none-eabi/lib/thumb/v7e-m/fpv4-sp/hard\libm.a(lib_a-s_lib_ver.o)
 .ARM.attributes
                0x000008e5       0x34 c:/eclipseoxygen/plugins/fr.ac6.mcu.externaltools.arm-none.win32_1.15.0.201708311556/tools/compiler/bin/../lib/gcc/arm-none-eabi/6.3.1/../../../../arm-none-eabi/lib/thumb/v7e-m/fpv4-sp/hard\libm.a(lib_a-s_matherr.o)
 .ARM.attributes
                0x00000919       0x34 c:/eclipseoxygen/plugins/fr.ac6.mcu.externaltools.arm-none.win32_1.15.0.201708311556/tools/compiler/bin/../lib/gcc/arm-none-eabi/6.3.1/../../../../arm-none-eabi/lib/thumb/v7e-m/fpv4-sp/hard\libm.a(lib_a-s_nan.o)
 .ARM.attributes
                0x0000094d       0x34 c:/eclipseoxygen/plugins/fr.ac6.mcu.externaltools.arm-none.win32_1.15.0.201708311556/tools/compiler/bin/../lib/gcc/arm-none-eabi/6.3.1/../../../../arm-none-eabi/lib/thumb/v7e-m/fpv4-sp/hard\libm.a(lib_a-s_scalbn.o)
 .ARM.attributes
                0x00000981       0x34 c:/eclipseoxygen/plugins/fr.ac6.mcu.externaltools.arm-none.win32_1.15.0.201708311556/tools/compiler/bin/../lib/gcc/arm-none-eabi/6.3.1/../../../../arm-none-eabi/lib/thumb/v7e-m/fpv4-sp/hard\libm.a(lib_a-sf_atan.o)
 .ARM.attributes
                0x000009b5       0x34 c:/eclipseoxygen/plugins/fr.ac6.mcu.externaltools.arm-none.win32_1.15.0.201708311556/tools/compiler/bin/../lib/gcc/arm-none-eabi/6.3.1/../../../../arm-none-eabi/lib/thumb/v7e-m/fpv4-sp/hard\libm.a(lib_a-sf_fabs.o)
 .ARM.attributes
                0x000009e9       0x34 c:/eclipseoxygen/plugins/fr.ac6.mcu.externaltools.arm-none.win32_1.15.0.201708311556/tools/compiler/bin/../lib/gcc/arm-none-eabi/6.3.1/../../../../arm-none-eabi/lib/thumb/v7e-m/fpv4-sp/hard\libm.a(lib_a-s_copysign.o)
 .ARM.attributes
                0x00000a1d       0x22 c:/eclipseoxygen/plugins/fr.ac6.mcu.externaltools.arm-none.win32_1.15.0.201708311556/tools/compiler/bin/../lib/gcc/arm-none-eabi/6.3.1/thumb/v7e-m/fpv4-sp/hard\libgcc.a(_arm_addsubdf3.o)
 .ARM.attributes
                0x00000a3f       0x22 c:/eclipseoxygen/plugins/fr.ac6.mcu.externaltools.arm-none.win32_1.15.0.201708311556/tools/compiler/bin/../lib/gcc/arm-none-eabi/6.3.1/thumb/v7e-m/fpv4-sp/hard\libgcc.a(_arm_muldivdf3.o)
 .ARM.attributes
                0x00000a61       0x22 c:/eclipseoxygen/plugins/fr.ac6.mcu.externaltools.arm-none.win32_1.15.0.201708311556/tools/compiler/bin/../lib/gcc/arm-none-eabi/6.3.1/thumb/v7e-m/fpv4-sp/hard\libgcc.a(_arm_cmpdf2.o)
 .ARM.attributes
                0x00000a83       0x22 c:/eclipseoxygen/plugins/fr.ac6.mcu.externaltools.arm-none.win32_1.15.0.201708311556/tools/compiler/bin/../lib/gcc/arm-none-eabi/6.3.1/thumb/v7e-m/fpv4-sp/hard\libgcc.a(_arm_fixdfsi.o)
 .ARM.attributes
                0x00000aa5       0x22 c:/eclipseoxygen/plugins/fr.ac6.mcu.externaltools.arm-none.win32_1.15.0.201708311556/tools/compiler/bin/../lib/gcc/arm-none-eabi/6.3.1/thumb/v7e-m/fpv4-sp/hard\libgcc.a(_arm_truncdfsf2.o)
 .ARM.attributes
                0x00000ac7       0x22 c:/eclipseoxygen/plugins/fr.ac6.mcu.externaltools.arm-none.win32_1.15.0.201708311556/tools/compiler/bin/../lib/gcc/arm-none-eabi/6.3.1/thumb/v7e-m/fpv4-sp/hard\libgcc.a(_aeabi_uldivmod.o)
 .ARM.attributes
                0x00000ae9       0x34 c:/eclipseoxygen/plugins/fr.ac6.mcu.externaltools.arm-none.win32_1.15.0.201708311556/tools/compiler/bin/../lib/gcc/arm-none-eabi/6.3.1/thumb/v7e-m/fpv4-sp/hard\libgcc.a(_udivmoddi4.o)
 .ARM.attributes
                0x00000b1d       0x22 c:/eclipseoxygen/plugins/fr.ac6.mcu.externaltools.arm-none.win32_1.15.0.201708311556/tools/compiler/bin/../lib/gcc/arm-none-eabi/6.3.1/thumb/v7e-m/fpv4-sp/hard\libgcc.a(_dvmd_tls.o)
 .ARM.attributes
                0x00000b3f       0x34 c:/eclipseoxygen/plugins/fr.ac6.mcu.externaltools.arm-none.win32_1.15.0.201708311556/tools/compiler/bin/../lib/gcc/arm-none-eabi/6.3.1/../../../../arm-none-eabi/lib/thumb/v7e-m/fpv4-sp/hard\libc_nano.a(lib_a-errno.o)
 .ARM.attributes
                0x00000b73       0x34 c:/eclipseoxygen/plugins/fr.ac6.mcu.externaltools.arm-none.win32_1.15.0.201708311556/tools/compiler/bin/../lib/gcc/arm-none-eabi/6.3.1/../../../../arm-none-eabi/lib/thumb/v7e-m/fpv4-sp/hard\libc_nano.a(lib_a-impure.o)
 .ARM.attributes
                0x00000ba7       0x34 c:/eclipseoxygen/plugins/fr.ac6.mcu.externaltools.arm-none.win32_1.15.0.201708311556/tools/compiler/bin/../lib/gcc/arm-none-eabi/6.3.1/../../../../arm-none-eabi/lib/thumb/v7e-m/fpv4-sp/hard\libc_nano.a(lib_a-init.o)
 .ARM.attributes
                0x00000bdb       0x34 c:/eclipseoxygen/plugins/fr.ac6.mcu.externaltools.arm-none.win32_1.15.0.201708311556/tools/compiler/bin/../lib/gcc/arm-none-eabi/6.3.1/../../../../arm-none-eabi/lib/thumb/v7e-m/fpv4-sp/hard\libc_nano.a(lib_a-malloc.o)
 .ARM.attributes
                0x00000c0f       0x34 c:/eclipseoxygen/plugins/fr.ac6.mcu.externaltools.arm-none.win32_1.15.0.201708311556/tools/compiler/bin/../lib/gcc/arm-none-eabi/6.3.1/../../../../arm-none-eabi/lib/thumb/v7e-m/fpv4-sp/hard\libc_nano.a(lib_a-nano-freer.o)
 .ARM.attributes
                0x00000c43       0x34 c:/eclipseoxygen/plugins/fr.ac6.mcu.externaltools.arm-none.win32_1.15.0.201708311556/tools/compiler/bin/../lib/gcc/arm-none-eabi/6.3.1/../../../../arm-none-eabi/lib/thumb/v7e-m/fpv4-sp/hard\libc_nano.a(lib_a-nano-mallocr.o)
 .ARM.attributes
                0x00000c77       0x34 c:/eclipseoxygen/plugins/fr.ac6.mcu.externaltools.arm-none.win32_1.15.0.201708311556/tools/compiler/bin/../lib/gcc/arm-none-eabi/6.3.1/../../../../arm-none-eabi/lib/thumb/v7e-m/fpv4-sp/hard\libc_nano.a(lib_a-sbrkr.o)
 .ARM.attributes
                0x00000cab       0x34 c:/eclipseoxygen/plugins/fr.ac6.mcu.externaltools.arm-none.win32_1.15.0.201708311556/tools/compiler/bin/../lib/gcc/arm-none-eabi/6.3.1/../../../../arm-none-eabi/lib/thumb/v7e-m/fpv4-sp/hard\libc_nano.a(lib_a-sprintf.o)
 .ARM.attributes
                0x00000cdf       0x1b c:/eclipseoxygen/plugins/fr.ac6.mcu.externaltools.arm-none.win32_1.15.0.201708311556/tools/compiler/bin/../lib/gcc/arm-none-eabi/6.3.1/../../../../arm-none-eabi/lib/thumb/v7e-m/fpv4-sp/hard\libc_nano.a(lib_a-strlen.o)
 .ARM.attributes
                0x00000cfa       0x34 c:/eclipseoxygen/plugins/fr.ac6.mcu.externaltools.arm-none.win32_1.15.0.201708311556/tools/compiler/bin/../lib/gcc/arm-none-eabi/6.3.1/../../../../arm-none-eabi/lib/thumb/v7e-m/fpv4-sp/hard\libc_nano.a(lib_a-mlock.o)
 .ARM.attributes
                0x00000d2e       0x34 c:/eclipseoxygen/plugins/fr.ac6.mcu.externaltools.arm-none.win32_1.15.0.201708311556/tools/compiler/bin/../lib/gcc/arm-none-eabi/6.3.1/../../../../arm-none-eabi/lib/thumb/v7e-m/fpv4-sp/hard\libc_nano.a(lib_a-nano-svfprintf.o)
 .ARM.attributes
                0x00000d62       0x34 c:/eclipseoxygen/plugins/fr.ac6.mcu.externaltools.arm-none.win32_1.15.0.201708311556/tools/compiler/bin/../lib/gcc/arm-none-eabi/6.3.1/../../../../arm-none-eabi/lib/thumb/v7e-m/fpv4-sp/hard\libc_nano.a(lib_a-nano-vfprintf_i.o)
 .ARM.attributes
                0x00000d96       0x34 c:/eclipseoxygen/plugins/fr.ac6.mcu.externaltools.arm-none.win32_1.15.0.201708311556/tools/compiler/bin/../lib/gcc/arm-none-eabi/6.3.1/../../../../arm-none-eabi/lib/thumb/v7e-m/fpv4-sp/hard\libc_nano.a(lib_a-reent.o)
 .ARM.attributes
                0x00000dca       0x20 c:/eclipseoxygen/plugins/fr.ac6.mcu.externaltools.arm-none.win32_1.15.0.201708311556/tools/compiler/bin/../lib/gcc/arm-none-eabi/6.3.1/../../../../arm-none-eabi/lib/thumb/v7e-m/fpv4-sp/hard\libc_nano.a(lib_a-memchr.o)
 .ARM.attributes
                0x00000dea       0x34 c:/eclipseoxygen/plugins/fr.ac6.mcu.externaltools.arm-none.win32_1.15.0.201708311556/tools/compiler/bin/../lib/gcc/arm-none-eabi/6.3.1/../../../../arm-none-eabi/lib/thumb/v7e-m/fpv4-sp/hard\libc_nano.a(lib_a-memcpy-stub.o)
 .ARM.attributes
                0x00000e1e       0x34 c:/eclipseoxygen/plugins/fr.ac6.mcu.externaltools.arm-none.win32_1.15.0.201708311556/tools/compiler/bin/../lib/gcc/arm-none-eabi/6.3.1/../../../../arm-none-eabi/lib/thumb/v7e-m/fpv4-sp/hard\libc_nano.a(lib_a-memmove.o)
 .ARM.attributes
                0x00000e52       0x34 c:/eclipseoxygen/plugins/fr.ac6.mcu.externaltools.arm-none.win32_1.15.0.201708311556/tools/compiler/bin/../lib/gcc/arm-none-eabi/6.3.1/../../../../arm-none-eabi/lib/thumb/v7e-m/fpv4-sp/hard\libc_nano.a(lib_a-nano-reallocr.o)
 .ARM.attributes
                0x00000e86       0x34 c:/eclipseoxygen/plugins/fr.ac6.mcu.externaltools.arm-none.win32_1.15.0.201708311556/tools/compiler/bin/../lib/gcc/arm-none-eabi/6.3.1/../../../../arm-none-eabi/lib/thumb/v7e-m/fpv4-sp/hard\libc_nano.a(lib_a-nano-msizer.o)
 .ARM.attributes
                0x00000eba       0x34 c:/eclipseoxygen/plugins/fr.ac6.mcu.externaltools.arm-none.win32_1.15.0.201708311556/tools/compiler/bin/../lib/gcc/arm-none-eabi/6.3.1/../../../../arm-none-eabi/lib/thumb/v7e-m/fpv4-sp/hard\libnosys.a(sbrk.o)
 .ARM.attributes
                0x00000eee       0x22 c:/eclipseoxygen/plugins/fr.ac6.mcu.externaltools.arm-none.win32_1.15.0.201708311556/tools/compiler/bin/../lib/gcc/arm-none-eabi/6.3.1/thumb/v7e-m/fpv4-sp/hard/crtn.o
OUTPUT(MGR.elf elf32-littlearm)

.debug_info     0x00000000    0x26159
 .debug_info    0x00000000     0x1170 Drivers/STM32F4xx_HAL_Driver/Src/stm32f4xx_hal.o
 .debug_info    0x00001170     0x16ca Drivers/STM32F4xx_HAL_Driver/Src/stm32f4xx_hal_cortex.o
 .debug_info    0x0000283a      0xfbf Drivers/STM32F4xx_HAL_Driver/Src/stm32f4xx_hal_gpio.o
 .debug_info    0x000037f9     0x36e7 Drivers/STM32F4xx_HAL_Driver/Src/stm32f4xx_hal_i2c.o
 .debug_info    0x00006ee0     0x1ca5 Drivers/STM32F4xx_HAL_Driver/Src/stm32f4xx_hal_pcd.o
 .debug_info    0x00008b85      0xdd9 Drivers/STM32F4xx_HAL_Driver/Src/stm32f4xx_hal_pcd_ex.o
 .debug_info    0x0000995e     0x1289 Drivers/STM32F4xx_HAL_Driver/Src/stm32f4xx_hal_rcc.o
 .debug_info    0x0000abe7     0x2202 Drivers/STM32F4xx_HAL_Driver/Src/stm32f4xx_hal_spi.o
 .debug_info    0x0000cde9     0x367c Drivers/STM32F4xx_HAL_Driver/Src/stm32f4xx_hal_tim.o
 .debug_info    0x00010465     0x1f1c Drivers/STM32F4xx_HAL_Driver/Src/stm32f4xx_ll_usb.o
 .debug_info    0x00012381     0x158a Middlewares/ST/STM32_USB_Device_Library/Class/CDC/Src/usbd_cdc.o
 .debug_info    0x0001390b     0x1490 Middlewares/ST/STM32_USB_Device_Library/Core/Src/usbd_core.o
 .debug_info    0x00014d9b     0x1666 Middlewares/ST/STM32_USB_Device_Library/Core/Src/usbd_ctlreq.o
 .debug_info    0x00016401      0xfd9 Middlewares/ST/STM32_USB_Device_Library/Core/Src/usbd_ioreq.o
 .debug_info    0x000173da      0xf3c Src/calculations.o
 .debug_info    0x00018316     0x1374 Src/l3gd20.o
 .debug_info    0x0001968a     0x13cf Src/lsm303dlhc.o
 .debug_info    0x0001aa59     0x26f1 Src/main.o
 .debug_info    0x0001d14a     0x1a24 Src/stm32f4xx_hal_msp.o
 .debug_info    0x0001eb6e      0xed3 Src/stm32f4xx_it.o
 .debug_info    0x0001fa41      0xd5a Src/system_stm32f4xx.o
 .debug_info    0x0002079b      0xe91 Src/usb_device.o
 .debug_info    0x0002162c     0x10ae Src/usbd_cdc_if.o
 .debug_info    0x000226da     0x222e Src/usbd_conf.o
 .debug_info    0x00024908      0xd69 Src/usbd_desc.o
 .debug_info    0x00025671      0xa60 Src/vector.o
 .debug_info    0x000260d1       0x88 startup/startup_stm32f411xe.o

.debug_abbrev   0x00000000     0x4813
 .debug_abbrev  0x00000000      0x2e3 Drivers/STM32F4xx_HAL_Driver/Src/stm32f4xx_hal.o
 .debug_abbrev  0x000002e3      0x3d4 Drivers/STM32F4xx_HAL_Driver/Src/stm32f4xx_hal_cortex.o
 .debug_abbrev  0x000006b7      0x2a5 Drivers/STM32F4xx_HAL_Driver/Src/stm32f4xx_hal_gpio.o
 .debug_abbrev  0x0000095c      0x2f9 Drivers/STM32F4xx_HAL_Driver/Src/stm32f4xx_hal_i2c.o
 .debug_abbrev  0x00000c55      0x336 Drivers/STM32F4xx_HAL_Driver/Src/stm32f4xx_hal_pcd.o
 .debug_abbrev  0x00000f8b      0x24c Drivers/STM32F4xx_HAL_Driver/Src/stm32f4xx_hal_pcd_ex.o
 .debug_abbrev  0x000011d7      0x331 Drivers/STM32F4xx_HAL_Driver/Src/stm32f4xx_hal_rcc.o
 .debug_abbrev  0x00001508      0x2f0 Drivers/STM32F4xx_HAL_Driver/Src/stm32f4xx_hal_spi.o
 .debug_abbrev  0x000017f8      0x2dc Drivers/STM32F4xx_HAL_Driver/Src/stm32f4xx_hal_tim.o
 .debug_abbrev  0x00001ad4      0x304 Drivers/STM32F4xx_HAL_Driver/Src/stm32f4xx_ll_usb.o
 .debug_abbrev  0x00001dd8      0x312 Middlewares/ST/STM32_USB_Device_Library/Class/CDC/Src/usbd_cdc.o
 .debug_abbrev  0x000020ea      0x2c6 Middlewares/ST/STM32_USB_Device_Library/Core/Src/usbd_core.o
 .debug_abbrev  0x000023b0      0x327 Middlewares/ST/STM32_USB_Device_Library/Core/Src/usbd_ctlreq.o
 .debug_abbrev  0x000026d7      0x213 Middlewares/ST/STM32_USB_Device_Library/Core/Src/usbd_ioreq.o
 .debug_abbrev  0x000028ea      0x333 Src/calculations.o
 .debug_abbrev  0x00002c1d      0x274 Src/l3gd20.o
 .debug_abbrev  0x00002e91      0x2c4 Src/lsm303dlhc.o
 .debug_abbrev  0x00003155      0x330 Src/main.o
 .debug_abbrev  0x00003485      0x279 Src/stm32f4xx_hal_msp.o
 .debug_abbrev  0x000036fe      0x26a Src/stm32f4xx_it.o
 .debug_abbrev  0x00003968      0x205 Src/system_stm32f4xx.o
 .debug_abbrev  0x00003b6d      0x216 Src/usb_device.o
 .debug_abbrev  0x00003d83      0x2c7 Src/usbd_cdc_if.o
 .debug_abbrev  0x0000404a      0x2eb Src/usbd_conf.o
 .debug_abbrev  0x00004335      0x258 Src/usbd_desc.o
 .debug_abbrev  0x0000458d      0x274 Src/vector.o
 .debug_abbrev  0x00004801       0x12 startup/startup_stm32f411xe.o

.debug_loc      0x00000000     0xe5dd
 .debug_loc     0x00000000      0x108 Drivers/STM32F4xx_HAL_Driver/Src/stm32f4xx_hal.o
 .debug_loc     0x00000108      0x5ce Drivers/STM32F4xx_HAL_Driver/Src/stm32f4xx_hal_cortex.o
 .debug_loc     0x000006d6      0x430 Drivers/STM32F4xx_HAL_Driver/Src/stm32f4xx_hal_gpio.o
 .debug_loc     0x00000b06     0x3198 Drivers/STM32F4xx_HAL_Driver/Src/stm32f4xx_hal_i2c.o
 .debug_loc     0x00003c9e      0xc84 Drivers/STM32F4xx_HAL_Driver/Src/stm32f4xx_hal_pcd.o
 .debug_loc     0x00004922       0xb7 Drivers/STM32F4xx_HAL_Driver/Src/stm32f4xx_hal_pcd_ex.o
 .debug_loc     0x000049d9      0x3e6 Drivers/STM32F4xx_HAL_Driver/Src/stm32f4xx_hal_rcc.o
 .debug_loc     0x00004dbf     0x1984 Drivers/STM32F4xx_HAL_Driver/Src/stm32f4xx_hal_spi.o