Archive member included to satisfy reference by file (symbol)

c:/eclipseoxygen/plugins/fr.ac6.mcu.externaltools.arm-none.win32_1.15.0.201708311556/tools/compiler/bin/../lib/gcc/arm-none-eabi/6.3.1/../../../../arm-none-eabi/lib/thumb/v7e-m/fpv4-sp/hard\libm.a(lib_a-s_cos.o)
                              Src/calculations.o (cos)
c:/eclipseoxygen/plugins/fr.ac6.mcu.externaltools.arm-none.win32_1.15.0.201708311556/tools/compiler/bin/../lib/gcc/arm-none-eabi/6.3.1/../../../../arm-none-eabi/lib/thumb/v7e-m/fpv4-sp/hard\libm.a(lib_a-sf_cos.o)
                              Src/calculations.o (cosf)
c:/eclipseoxygen/plugins/fr.ac6.mcu.externaltools.arm-none.win32_1.15.0.201708311556/tools/compiler/bin/../lib/gcc/arm-none-eabi/6.3.1/../../../../arm-none-eabi/lib/thumb/v7e-m/fpv4-sp/hard\libm.a(lib_a-sf_sin.o)
                              Src/calculations.o (sinf)
c:/eclipseoxygen/plugins/fr.ac6.mcu.externaltools.arm-none.win32_1.15.0.201708311556/tools/compiler/bin/../lib/gcc/arm-none-eabi/6.3.1/../../../../arm-none-eabi/lib/thumb/v7e-m/fpv4-sp/hard\libm.a(lib_a-w_asin.o)
                              Src/vector.o (asin)
c:/eclipseoxygen/plugins/fr.ac6.mcu.externaltools.arm-none.win32_1.15.0.201708311556/tools/compiler/bin/../lib/gcc/arm-none-eabi/6.3.1/../../../../arm-none-eabi/lib/thumb/v7e-m/fpv4-sp/hard\libm.a(lib_a-w_atan2.o)
                              Src/vector.o (atan2)
c:/eclipseoxygen/plugins/fr.ac6.mcu.externaltools.arm-none.win32_1.15.0.201708311556/tools/compiler/bin/../lib/gcc/arm-none-eabi/6.3.1/../../../../arm-none-eabi/lib/thumb/v7e-m/fpv4-sp/hard\libm.a(lib_a-w_sqrt.o)
                              Src/calculations.o (sqrt)
c:/eclipseoxygen/plugins/fr.ac6.mcu.externaltools.arm-none.win32_1.15.0.201708311556/tools/compiler/bin/../lib/gcc/arm-none-eabi/6.3.1/../../../../arm-none-eabi/lib/thumb/v7e-m/fpv4-sp/hard\libm.a(lib_a-wf_asin.o)
                              Src/calculations.o (asinf)
c:/eclipseoxygen/plugins/fr.ac6.mcu.externaltools.arm-none.win32_1.15.0.201708311556/tools/compiler/bin/../lib/gcc/arm-none-eabi/6.3.1/../../../../arm-none-eabi/lib/thumb/v7e-m/fpv4-sp/hard\libm.a(lib_a-wf_atan2.o)
                              Src/calculations.o (atan2f)
c:/eclipseoxygen/plugins/fr.ac6.mcu.externaltools.arm-none.win32_1.15.0.201708311556/tools/compiler/bin/../lib/gcc/arm-none-eabi/6.3.1/../../../../arm-none-eabi/lib/thumb/v7e-m/fpv4-sp/hard\libm.a(lib_a-wf_pow.o)
                              Src/vector.o (powf)
c:/eclipseoxygen/plugins/fr.ac6.mcu.externaltools.arm-none.win32_1.15.0.201708311556/tools/compiler/bin/../lib/gcc/arm-none-eabi/6.3.1/../../../../arm-none-eabi/lib/thumb/v7e-m/fpv4-sp/hard\libm.a(lib_a-wf_sqrt.o)
                              Src/vector.o (sqrtf)
c:/eclipseoxygen/plugins/fr.ac6.mcu.externaltools.arm-none.win32_1.15.0.201708311556/tools/compiler/bin/../lib/gcc/arm-none-eabi/6.3.1/../../../../arm-none-eabi/lib/thumb/v7e-m/fpv4-sp/hard\libm.a(lib_a-e_asin.o)
                              c:/eclipseoxygen/plugins/fr.ac6.mcu.externaltools.arm-none.win32_1.15.0.201708311556/tools/compiler/bin/../lib/gcc/arm-none-eabi/6.3.1/../../../../arm-none-eabi/lib/thumb/v7e-m/fpv4-sp/hard\libm.a(lib_a-w_asin.o) (__ieee754_asin)
c:/eclipseoxygen/plugins/fr.ac6.mcu.externaltools.arm-none.win32_1.15.0.201708311556/tools/compiler/bin/../lib/gcc/arm-none-eabi/6.3.1/../../../../arm-none-eabi/lib/thumb/v7e-m/fpv4-sp/hard\libm.a(lib_a-e_atan2.o)
                              c:/eclipseoxygen/plugins/fr.ac6.mcu.externaltools.arm-none.win32_1.15.0.201708311556/tools/compiler/bin/../lib/gcc/arm-none-eabi/6.3.1/../../../../arm-none-eabi/lib/thumb/v7e-m/fpv4-sp/hard\libm.a(lib_a-w_atan2.o) (__ieee754_atan2)
c:/eclipseoxygen/plugins/fr.ac6.mcu.externaltools.arm-none.win32_1.15.0.201708311556/tools/compiler/bin/../lib/gcc/arm-none-eabi/6.3.1/../../../../arm-none-eabi/lib/thumb/v7e-m/fpv4-sp/hard\libm.a(lib_a-e_rem_pio2.o)
                              c:/eclipseoxygen/plugins/fr.ac6.mcu.externaltools.arm-none.win32_1.15.0.201708311556/tools/compiler/bin/../lib/gcc/arm-none-eabi/6.3.1/../../../../arm-none-eabi/lib/thumb/v7e-m/fpv4-sp/hard\libm.a(lib_a-s_cos.o) (__ieee754_rem_pio2)
c:/eclipseoxygen/plugins/fr.ac6.mcu.externaltools.arm-none.win32_1.15.0.201708311556/tools/compiler/bin/../lib/gcc/arm-none-eabi/6.3.1/../../../../arm-none-eabi/lib/thumb/v7e-m/fpv4-sp/hard\libm.a(lib_a-e_sqrt.o)
                              c:/eclipseoxygen/plugins/fr.ac6.mcu.externaltools.arm-none.win32_1.15.0.201708311556/tools/compiler/bin/../lib/gcc/arm-none-eabi/6.3.1/../../../../arm-none-eabi/lib/thumb/v7e-m/fpv4-sp/hard\libm.a(lib_a-w_sqrt.o) (__ieee754_sqrt)
c:/eclipseoxygen/plugins/fr.ac6.mcu.externaltools.arm-none.win32_1.15.0.201708311556/tools/compiler/bin/../lib/gcc/arm-none-eabi/6.3.1/../../../../arm-none-eabi/lib/thumb/v7e-m/fpv4-sp/hard\libm.a(lib_a-ef_asin.o)
[...]
Memory Configuration

Name             Origin             Length             Attributes
RAM              0x20000000         0x00020000         xrw
FLASH            0x08000000         0x00080000         xr
*default*        0x00000000         0xffffffff

Linker script and memory map

LOAD c:/eclipseoxygen/plugins/fr.ac6.mcu.externaltools.arm-none.win32_1.15.0.201708311556/tools/compiler/bin/../lib/gcc/arm-none-eabi/6.3.1/thumb/v7e-m/fpv4-sp/hard/crti.o
LOAD c:/eclipseoxygen/plugins/fr.ac6.mcu.externaltools.arm-none.win32_1.15.0.201708311556/tools/compiler/bin/../lib/gcc/arm-none-eabi/6.3.1/thumb/v7e-m/fpv4-sp/hard/crtbegin.o
LOAD c:/eclipseoxygen/plugins/fr.ac6.mcu.externaltools.arm-none.win32_1.15.0.201708311556/tools/compiler/bin/../lib/gcc/arm-none-eabi/6.3.1/../../../../arm-none-eabi/lib/thumb/v7e-m/fpv4-sp/hard/crt0.o
LOAD Drivers/STM32F4xx_HAL_Driver/Src/stm32f4xx_hal.o
LOAD Drivers/STM32F4xx_HAL_Driver/Src/stm32f4xx_hal_cortex.o
LOAD Drivers/STM32F4xx_HAL_Driver/Src/stm32f4xx_hal_dma.o
LOAD Drivers/STM32F4xx_HAL_Driver/Src/stm32f4xx_hal_dma_ex.o
LOAD Drivers/STM32F4xx_HAL_Driver/Src/stm32f4xx_hal_flash.o
LOAD Drivers/STM32F4xx_HAL_Driver/Src/stm32f4xx_hal_flash_ex.o
LOAD Drivers/STM32F4xx_HAL_Driver/Src/stm32f4xx_hal_flash_ramfunc.o
LOAD Drivers/STM32F4xx_HAL_Driver/Src/stm32f4xx_hal_gpio.o
LOAD Drivers/STM32F4xx_HAL_Driver/Src/stm32f4xx_hal_i2c.o
LOAD Drivers/STM32F4xx_HAL_Driver/Src/stm32f4xx_hal_i2c_ex.o
LOAD Drivers/STM32F4xx_HAL_Driver/Src/stm32f4xx_hal_pcd.o
LOAD Drivers/STM32F4xx_HAL_Driver/Src/stm32f4xx_hal_pcd_ex.o
LOAD Drivers/STM32F4xx_HAL_Driver/Src/stm32f4xx_hal_pwr.o
LOAD Drivers/STM32F4xx_HAL_Driver/Src/stm32f4xx_hal_pwr_ex.o
LOAD Drivers/STM32F4xx_HAL_Driver/Src/stm32f4xx_hal_rcc.o
LOAD Drivers/STM32F4xx_HAL_Driver/Src/stm32f4xx_hal_rcc_ex.o
LOAD Drivers/STM32F4xx_HAL_Driver/Src/stm32f4xx_hal_spi.o
LOAD Drivers/STM32F4xx_HAL_Driver/Src/stm32f4xx_hal_tim.o
LOAD Drivers/STM32F4xx_HAL_Driver/Src/stm32f4xx_hal_tim_ex.o
LOAD Drivers/STM32F4xx_HAL_Driver/Src/stm32f4xx_ll_usb.o
LOAD Middlewares/ST/STM32_USB_Device_Library/Class/CDC/Src/usbd_cdc.o
LOAD Middlewares/ST/STM32_USB_Device_Library/Core/Src/usbd_core.o
LOAD Middlewares/ST/STM32_USB_Device_Library/Core/Src/usbd_ctlreq.o
LOAD Middlewares/ST/STM32_USB_Device_Library/Core/Src/usbd_ioreq.o
LOAD Src/calculations.o
LOAD Src/l3gd20.o
LOAD Src/lsm303dlhc.o
LOAD Src/main.o
LOAD Src/mpu9250.o
LOAD Src/stm32f4xx_hal_msp.o
LOAD Src/stm32f4xx_it.o
LOAD Src/system_stm32f4xx.o
LOAD Src/usb_device.o
LOAD Src/usbd_cdc_if.o
LOAD Src/usbd_conf.o
LOAD Src/usbd_desc.o
LOAD Src/vector.o
LOAD startup/startup_stm32f411xe.o
LOAD c:/eclipseoxygen/plugins/fr.ac6.mcu.externaltools.arm-none.win32_1.15.0.201708311556/tools/compiler/bin/../lib/gcc/arm-none-eabi/6.3.1/../../../../arm-none-eabi/lib/thumb/v7e-m/fpv4-sp/hard\libm.a
LOAD c:/eclipseoxygen/plugins/fr.ac6.mcu.externaltools.arm-none.win32_1.15.0.201708311556/tools/compiler/bin/../lib/gcc/arm-none-eabi/6.3.1/../../../../arm-none-eabi/lib/thumb/v7e-m/fpv4-sp/hard\libm.a
START GROUP
LOAD c:/eclipseoxygen/plugins/fr.ac6.mcu.externaltools.arm-none.win32_1.15.0.201708311556/tools/compiler/bin/../lib/gcc/arm-none-eabi/6.3.1/thumb/v7e-m/fpv4-sp/hard\libgcc.a
LOAD c:/eclipseoxygen/plugins/fr.ac6.mcu.externaltools.arm-none.win32_1.15.0.201708311556/tools/compiler/bin/../lib/gcc/arm-none-eabi/6.3.1/../../../../arm-none-eabi/lib/thumb/v7e-m/fpv4-sp/hard\libc_nano.a
END GROUP
START GROUP
LOAD c:/eclipseoxygen/plugins/fr.ac6.mcu.externaltools.arm-none.win32_1.15.0.201708311556/tools/compiler/bin/../lib/gcc/arm-none-eabi/6.3.1/thumb/v7e-m/fpv4-sp/hard\libgcc.a
LOAD c:/eclipseoxygen/plugins/fr.ac6.mcu.externaltools.arm-none.win32_1.15.0.201708311556/tools/compiler/bin/../lib/gcc/arm-none-eabi/6.3.1/../../../../arm-none-eabi/lib/thumb/v7e-m/fpv4-sp/hard\libc_nano.a
LOAD c:/eclipseoxygen/plugins/fr.ac6.mcu.externaltools.arm-none.win32_1.15.0.201708311556/tools/compiler/bin/../lib/gcc/arm-none-eabi/6.3.1/../../../../arm-none-eabi/lib/thumb/v7e-m/fpv4-sp/hard\libnosys.a
END GROUP
START GROUP
LOAD c:/eclipseoxygen/plugins/fr.ac6.mcu.externaltools.arm-none.win32_1.15.0.201708311556/tools/compiler/bin/../lib/gcc/arm-none-eabi/6.3.1/thumb/v7e-m/fpv4-sp/hard\libgcc.a
LOAD c:/eclipseoxygen/plugins/fr.ac6.mcu.externaltools.arm-none.win32_1.15.0.201708311556/tools/compiler/bin/../lib/gcc/arm-none-eabi/6.3.1/../../../../arm-none-eabi/lib/thumb/v7e-m/fpv4-sp/hard\libc_nano.a
LOAD c:/eclipseoxygen/plugins/fr.ac6.mcu.externaltools.arm-none.win32_1.15.0.201708311556/tools/compiler/bin/../lib/gcc/arm-none-eabi/6.3.1/../../../../arm-none-eabi/lib/thumb/v7e-m/fpv4-sp/hard\libnosys.a
END GROUP
LOAD c:/eclipseoxygen/plugins/fr.ac6.mcu.externaltools.arm-none.win32_1.15.0.201708311556/tools/compiler/bin/../lib/gcc/arm-none-eabi/6.3.1/thumb/v7e-m/fpv4-sp/hard/crtend.o
LOAD c:/eclipseoxygen/plugins/fr.ac6.mcu.externaltools.arm-none.win32_1.15.0.201708311556/tools/compiler/bin/../lib/gcc/arm-none-eabi/6.3.1/thumb/v7e-m/fpv4-sp/hard/crtn.o
                0x20020000                _estack = 0x20020000
                0x00000200                _Min_Heap_Size = 0x200
                0x00000400                _Min_Stack_Size = 0x400

.isr_vector     0x08000000      0x198
                0x08000000                . = ALIGN (0x4)
 *(.isr_vector)
 .isr_vector    0x08000000      0x198 startup/startup_stm32f411xe.o
                0x08000000                g_pfnVectors
                0x08000198                . = ALIGN (0x4)

.text           0x080001a0     0xd374
                0x080001a0                . = ALIGN (0x4)
 *(.text)
 .text          0x080001a0       0x6c c:/eclipseoxygen/plugins/fr.ac6.mcu.externaltools.arm-none.win32_1.15.0.201708311556/tools/compiler/bin/../lib/gcc/arm-none-eabi/6.3.1/thumb/v7e-m/fpv4-sp/hard/crtbegin.o
 .text          0x0800020c      0x370 c:/eclipseoxygen/plugins/fr.ac6.mcu.externaltools.arm-none.win32_1.15.0.201708311556/tools/compiler/bin/../lib/gcc/arm-none-eabi/6.3.1/thumb/v7e-m/fpv4-sp/hard\libgcc.a(_arm_addsubdf3.o)
                0x0800020c                __aeabi_drsub
                0x08000214                __aeabi_dsub
                0x08000214                __subdf3
                0x08000218                __aeabi_dadd
                0x08000218                __adddf3
                0x08000490                __floatunsidf
                0x08000490                __aeabi_ui2d
                0x080004b0                __floatsidf
                0x080004b0                __aeabi_i2d
                0x080004d4                __aeabi_f2d
                0x080004d4                __extendsfdf2
                0x08000510                __floatundidf
                0x08000510                __aeabi_ul2d
                0x08000520                __floatdidf
                0x08000520                __aeabi_l2d
 .text          0x0800057c      0x424 c:/eclipseoxygen/plugins/fr.ac6.mcu.externaltools.arm-none.win32_1.15.0.201708311556/tools/compiler/bin/../lib/gcc/arm-none-eabi/6.3.1/thumb/v7e-m/fpv4-sp/hard\libgcc.a(_arm_muldivdf3.o)
                0x0800057c                __aeabi_dmul
                0x0800057c                __muldf3
                0x080007d0                __divdf3
                0x080007d0                __aeabi_ddiv
 .text          0x080009a0      0x110 c:/eclipseoxygen/plugins/fr.ac6.mcu.externaltools.arm-none.win32_1.15.0.201708311556/tools/compiler/bin/../lib/gcc/arm-none-eabi/6.3.1/thumb/v7e-m/fpv4-sp/hard\libgcc.a(_arm_cmpdf2.o)
                0x080009a0                __gtdf2
                0x080009a0                __gedf2
                0x080009a8                __ltdf2
                0x080009a8                __ledf2
                0x080009b0                __nedf2
                0x080009b0                __eqdf2
                0x080009b0                __cmpdf2
                0x08000a2c                __aeabi_cdrcmple
                0x08000a3c                __aeabi_cdcmpeq
                0x08000a3c                __aeabi_cdcmple
                0x08000a4c                __aeabi_dcmpeq
                0x08000a60                __aeabi_dcmplt
                0x08000a74                __aeabi_dcmple
                0x08000a88                __aeabi_dcmpge
                0x08000a9c                __aeabi_dcmpgt
 .text          0x08000ab0       0x2c c:/eclipseoxygen/plugins/fr.ac6.mcu.externaltools.arm-none.win32_1.15.0.201708311556/tools/compiler/bin/../lib/gcc/arm-none-eabi/6.3.1/thumb/v7e-m/fpv4-sp/hard\libgcc.a(_arm_unorddf2.o)
                0x08000ab0                __unorddf2
                0x08000ab0                __aeabi_dcmpun
 .text          0x08000adc       0x50 c:/eclipseoxygen/plugins/fr.ac6.mcu.externaltools.arm-none.win32_1.15.0.201708311556/tools/compiler/bin/../lib/gcc/arm-none-eabi/6.3.1/thumb/v7e-m/fpv4-sp/hard\libgcc.a(_arm_fixdfsi.o)
                0x08000adc                __aeabi_d2iz
                0x08000adc                __fixdfsi
 .text          0x08000b2c       0xa0 c:/eclipseoxygen/plugins/fr.ac6.mcu.externaltools.arm-none.win32_1.15.0.201708311556/tools/compiler/bin/../lib/gcc/arm-none-eabi/6.3.1/thumb/v7e-m/fpv4-sp/hard\libgcc.a(_arm_truncdfsf2.o)
                0x08000b2c                __truncdfsf2
                0x08000b2c                __aeabi_d2f
 .text          0x08000bcc       0x30 c:/eclipseoxygen/plugins/fr.ac6.mcu.externaltools.arm-none.win32_1.15.0.201708311556/tools/compiler/bin/../lib/gcc/arm-none-eabi/6.3.1/thumb/v7e-m/fpv4-sp/hard\libgcc.a(_aeabi_uldivmod.o)
                0x08000bcc                __aeabi_uldivmod
 .text          0x08000bfc      0x2dc c:/eclipseoxygen/plugins/fr.ac6.mcu.externaltools.arm-none.win32_1.15.0.201708311556/tools/compiler/bin/../lib/gcc/arm-none-eabi/6.3.1/thumb/v7e-m/fpv4-sp/hard\libgcc.a(_udivmoddi4.o)
                0x08000bfc                __udivmoddi4
 .text          0x08000ed8        0x4 c:/eclipseoxygen/plugins/fr.ac6.mcu.externaltools.arm-none.win32_1.15.0.201708311556/tools/compiler/bin/../lib/gcc/arm-none-eabi/6.3.1/thumb/v7e-m/fpv4-sp/hard\libgcc.a(_dvmd_tls.o)
                0x08000ed8                __aeabi_idiv0
                0x08000ed8                __aeabi_ldiv0
 .text          0x08000edc       0x10 c:/eclipseoxygen/plugins/fr.ac6.mcu.externaltools.arm-none.win32_1.15.0.201708311556/tools/compiler/bin/../lib/gcc/arm-none-eabi/6.3.1/../../../../arm-none-eabi/lib/thumb/v7e-m/fpv4-sp/hard\libc_nano.a(lib_a-strlen.o)
                0x08000edc                strlen
 *fill*         0x08000eec        0x4 
 .text          0x08000ef0       0xa0 c:/eclipseoxygen/plugins/fr.ac6.mcu.externaltools.arm-none.win32_1.15.0.201708311556/tools/compiler/bin/../lib/gcc/arm-none-eabi/6.3.1/../../../../arm-none-eabi/lib/thumb/v7e-m/fpv4-sp/hard\libc_nano.a(lib_a-memchr.o)
                0x08000ef0                memchr
 *(.text*)
 .text.HAL_InitTick
                0x08000f90       0x48 Drivers/STM32F4xx_HAL_Driver/Src/stm32f4xx_hal.o
                0x08000f90                HAL_InitTick
 .text.HAL_Init
                0x08000fd8       0x34 Drivers/STM32F4xx_HAL_Driver/Src/stm32f4xx_hal.o
                0x08000fd8                HAL_Init
 .text.HAL_IncTick
                0x0800100c       0x18 Drivers/STM32F4xx_HAL_Driver/Src/stm32f4xx_hal.o
                0x0800100c                HAL_IncTick
 .text.HAL_GetTick
                0x08001024        0xc Drivers/STM32F4xx_HAL_Driver/Src/stm32f4xx_hal.o
                0x08001024                HAL_GetTick
 .text.HAL_Delay
                0x08001030       0x28 Drivers/STM32F4xx_HAL_Driver/Src/stm32f4xx_hal.o
                0x08001030                HAL_Delay
 .text.HAL_NVIC_SetPriorityGrouping
                0x08001058       0x24 Drivers/STM32F4xx_HAL_Driver/Src/stm32f4xx_hal_cortex.o
                0x08001058                HAL_NVIC_SetPriorityGrouping
 .text.HAL_NVIC_SetPriority
                0x0800107c       0x64 Drivers/STM32F4xx_HAL_Driver/Src/stm32f4xx_hal_cortex.o
                0x0800107c                HAL_NVIC_SetPriority
 .text.HAL_NVIC_EnableIRQ
                0x080010e0       0x18 Drivers/STM32F4xx_HAL_Driver/Src/stm32f4xx_hal_cortex.o
                0x080010e0                HAL_NVIC_EnableIRQ
 .text.HAL_SYSTICK_Config
                0x080010f8       0x2c Drivers/STM32F4xx_HAL_Driver/Src/stm32f4xx_hal_cortex.o
                0x080010f8                HAL_SYSTICK_Config
 .text.HAL_SYSTICK_CLKSourceConfig
                0x08001124       0x20 Drivers/STM32F4xx_HAL_Driver/Src/stm32f4xx_hal_cortex.o
                0x08001124                HAL_SYSTICK_CLKSourceConfig
 .text.HAL_SYSTICK_Callback
                0x08001144        0x2 Drivers/STM32F4xx_HAL_Driver/Src/stm32f4xx_hal_cortex.o
                0x08001144                HAL_SYSTICK_Callback
 .text.HAL_SYSTICK_IRQHandler
                0x08001146        0x8 Drivers/STM32F4xx_HAL_Driver/Src/stm32f4xx_hal_cortex.o
                0x08001146                HAL_SYSTICK_IRQHandler
 *fill*         0x0800114e        0x2 
 .text.HAL_GPIO_Init
                0x08001150      0x1a8 Drivers/STM32F4xx_HAL_Driver/Src/stm32f4xx_hal_gpio.o
                0x08001150                HAL_GPIO_Init
 .text.HAL_GPIO_WritePin
                0x080012f8        0xc Drivers/STM32F4xx_HAL_Driver/Src/stm32f4xx_hal_gpio.o
                0x080012f8                HAL_GPIO_WritePin
 .text.HAL_GPIO_EXTI_IRQHandler
                0x08001304       0x1c Drivers/STM32F4xx_HAL_Driver/Src/stm32f4xx_hal_gpio.o
                0x08001304                HAL_GPIO_EXTI_IRQHandler
 .text.I2C_IsAcknowledgeFailed
                0x08001320       0x2a Drivers/STM32F4xx_HAL_Driver/Src/stm32f4xx_hal_i2c.o
 .text.I2C_WaitOnFlagUntilTimeout
                0x0800134a       0x68 Drivers/STM32F4xx_HAL_Driver/Src/stm32f4xx_hal_i2c.o
 .text.I2C_WaitOnMasterAddressFlagUntilTimeout
                0x080013b2       0x90 Drivers/STM32F4xx_HAL_Driver/Src/stm32f4xx_hal_i2c.o
 .text.I2C_WaitOnTXEFlagUntilTimeout
                0x08001442       0x4e Drivers/STM32F4xx_HAL_Driver/Src/stm32f4xx_hal_i2c.o
 .text.I2C_RequestMemoryWrite
                0x08001490       0xd4 Drivers/STM32F4xx_HAL_Driver/Src/stm32f4xx_hal_i2c.o
 .text.I2C_RequestMemoryRead
                0x08001564      0x148 Drivers/STM32F4xx_HAL_Driver/Src/stm32f4xx_hal_i2c.o
 .text.I2C_WaitOnBTFFlagUntilTimeout
                0x080016ac       0x4e Drivers/STM32F4xx_HAL_Driver/Src/stm32f4xx_hal_i2c.o
 .text.I2C_WaitOnRXNEFlagUntilTimeout
                0x080016fa       0x5c Drivers/STM32F4xx_HAL_Driver/Src/stm32f4xx_hal_i2c.o
 *fill*         0x08001756        0x2 
 .text.HAL_I2C_Init
                0x08001758      0x11c Drivers/STM32F4xx_HAL_Driver/Src/stm32f4xx_hal_i2c.o
                0x08001758                HAL_I2C_Init
 .text.HAL_I2C_Mem_Write
                0x08001874      0x17c Drivers/STM32F4xx_HAL_Driver/Src/stm32f4xx_hal_i2c.o
                0x08001874                HAL_I2C_Mem_Write
 .text.HAL_I2C_Mem_Read
                0x080019f0      0x2f4 Drivers/STM32F4xx_HAL_Driver/Src/stm32f4xx_hal_i2c.o
                0x080019f0                HAL_I2C_Mem_Read
 .text.PCD_WriteEmptyTxFifo
                0x08001ce4       0xac Drivers/STM32F4xx_HAL_Driver/Src/stm32f4xx_hal_pcd.o
 .text.HAL_PCD_Init
                0x08001d90       0xe0 Drivers/STM32F4xx_HAL_Driver/Src/stm32f4xx_hal_pcd.o
                0x08001d90                HAL_PCD_Init
 .text.HAL_PCD_Start
                0x08001e70       0x2a Drivers/STM32F4xx_HAL_Driver/Src/stm32f4xx_hal_pcd.o
                0x08001e70                HAL_PCD_Start
 *fill*         0x08001e9a        0x2 
 .text.HAL_PCD_IRQHandler
                0x08001e9c      0x5c4 Drivers/STM32F4xx_HAL_Driver/Src/stm32f4xx_hal_pcd.o
                0x08001e9c                HAL_PCD_IRQHandler
 .text.HAL_PCD_SetAddress
                0x08002460       0x24 Drivers/STM32F4xx_HAL_Driver/Src/stm32f4xx_hal_pcd.o
                0x08002460                HAL_PCD_SetAddress
 .text.HAL_PCD_EP_Open
                0x08002484       0x68 Drivers/STM32F4xx_HAL_Driver/Src/stm32f4xx_hal_pcd.o
                0x08002484                HAL_PCD_EP_Open
 .text.HAL_PCD_EP_Close
                0x080024ec       0x56 Drivers/STM32F4xx_HAL_Driver/Src/stm32f4xx_hal_pcd.o
                0x080024ec                HAL_PCD_EP_Close
 .text.HAL_PCD_EP_Receive
                0x08002542       0x5a Drivers/STM32F4xx_HAL_Driver/Src/stm32f4xx_hal_pcd.o
                0x08002542                HAL_PCD_EP_Receive
 .text.HAL_PCD_EP_GetRxCount
                0x0800259c       0x12 Drivers/STM32F4xx_HAL_Driver/Src/stm32f4xx_hal_pcd.o
                0x0800259c                HAL_PCD_EP_GetRxCount
 .text.HAL_PCD_EP_Transmit
                0x080025ae       0x52 Drivers/STM32F4xx_HAL_Driver/Src/stm32f4xx_hal_pcd.o
                0x080025ae                HAL_PCD_EP_Transmit
 .text.HAL_PCD_EP_SetStall
                0x08002600       0x66 Drivers/STM32F4xx_HAL_Driver/Src/stm32f4xx_hal_pcd.o
                0x08002600                HAL_PCD_EP_SetStall
 .text.HAL_PCD_EP_ClrStall
                0x08002666       0x56 Drivers/STM32F4xx_HAL_Driver/Src/stm32f4xx_hal_pcd.o
                0x08002666                HAL_PCD_EP_ClrStall
 .text.HAL_PCDEx_SetTxFiFo
                0x080026bc       0x48 Drivers/STM32F4xx_HAL_Driver/Src/stm32f4xx_hal_pcd_ex.o
                0x080026bc                HAL_PCDEx_SetTxFiFo
 .text.HAL_PCDEx_SetRxFiFo
                0x08002704        0x8 Drivers/STM32F4xx_HAL_Driver/Src/stm32f4xx_hal_pcd_ex.o
                0x08002704                HAL_PCDEx_SetRxFiFo
 .text.HAL_RCC_OscConfig
                0x0800270c      0x398 Drivers/STM32F4xx_HAL_Driver/Src/stm32f4xx_hal_rcc.o
                0x0800270c                HAL_RCC_OscConfig
 .text.HAL_RCC_GetSysClockFreq
                0x08002aa4       0xd4 Drivers/STM32F4xx_HAL_Driver/Src/stm32f4xx_hal_rcc.o
                0x08002aa4                HAL_RCC_GetSysClockFreq
 .text.HAL_RCC_ClockConfig
                0x08002b78      0x158 Drivers/STM32F4xx_HAL_Driver/Src/stm32f4xx_hal_rcc.o
                0x08002b78                HAL_RCC_ClockConfig
 .text.HAL_RCC_GetHCLKFreq
                0x08002cd0        0xc Drivers/STM32F4xx_HAL_Driver/Src/stm32f4xx_hal_rcc.o
                0x08002cd0                HAL_RCC_GetHCLKFreq
 .text.HAL_RCC_GetPCLK1Freq
                0x08002cdc       0x20 Drivers/STM32F4xx_HAL_Driver/Src/stm32f4xx_hal_rcc.o
                0x08002cdc                HAL_RCC_GetPCLK1Freq
 .text.SPI_WaitFlagStateUntilTimeout
                0x08002cfc       0x96 Drivers/STM32F4xx_HAL_Driver/Src/stm32f4xx_hal_spi.o
 .text.SPI_CheckFlag_BSY
                0x08002d92       0x26 Drivers/STM32F4xx_HAL_Driver/Src/stm32f4xx_hal_spi.o
 .text.HAL_SPI_Init
                0x08002db8       0x80 Drivers/STM32F4xx_HAL_Driver/Src/stm32f4xx_hal_spi.o
                0x08002db8                HAL_SPI_Init
 .text.HAL_SPI_TransmitReceive
                0x08002e38      0x242 Drivers/STM32F4xx_HAL_Driver/Src/stm32f4xx_hal_spi.o
                0x08002e38                HAL_SPI_TransmitReceive
 .text.HAL_TIM_Base_Start_IT
                0x0800307a       0x18 Drivers/STM32F4xx_HAL_Driver/Src/stm32f4xx_hal_tim.o
                0x0800307a                HAL_TIM_Base_Start_IT
 .text.HAL_TIM_OC_DelayElapsedCallback
                0x08003092        0x2 Drivers/STM32F4xx_HAL_Driver/Src/stm32f4xx_hal_tim.o
                0x08003092                HAL_TIM_OC_DelayElapsedCallback
 .text.HAL_TIM_IC_CaptureCallback
                0x08003094        0x2 Drivers/STM32F4xx_HAL_Driver/Src/stm32f4xx_hal_tim.o
                0x08003094                HAL_TIM_IC_CaptureCallback
 .text.HAL_TIM_PWM_PulseFinishedCallback
                0x08003096        0x2 Drivers/STM32F4xx_HAL_Driver/Src/stm32f4xx_hal_tim.o
                0x08003096                HAL_TIM_PWM_PulseFinishedCallback
 .text.HAL_TIM_TriggerCallback
                0x08003098        0x2 Drivers/STM32F4xx_HAL_Driver/Src/stm32f4xx_hal_tim.o
                0x08003098                HAL_TIM_TriggerCallback
 .text.HAL_TIM_IRQHandler
                0x0800309a      0x17a Drivers/STM32F4xx_HAL_Driver/Src/stm32f4xx_hal_tim.o
                0x0800309a                HAL_TIM_IRQHandler
 .text.TIM_Base_SetConfig
                0x08003214       0xd0 Drivers/STM32F4xx_HAL_Driver/Src/stm32f4xx_hal_tim.o
                0x08003214                TIM_Base_SetConfig
 .text.HAL_TIM_Base_Init
                0x080032e4       0x32 Drivers/STM32F4xx_HAL_Driver/Src/stm32f4xx_hal_tim.o
                0x080032e4                HAL_TIM_Base_Init
 .text.HAL_TIMEx_CommutationCallback
                0x08003316        0x2 Drivers/STM32F4xx_HAL_Driver/Src/stm32f4xx_hal_tim_ex.o
                0x08003316                HAL_TIMEx_CommutationCallback
 .text.HAL_TIMEx_BreakCallback
                0x08003318        0x2 Drivers/STM32F4xx_HAL_Driver/Src/stm32f4xx_hal_tim_ex.o
                0x08003318                HAL_TIMEx_BreakCallback
 .text.USB_CoreInit
                0x0800331a       0x7c Drivers/STM32F4xx_HAL_Driver/Src/stm32f4xx_ll_usb.o
                0x0800331a                USB_CoreInit
 .text.USB_EnableGlobalInt
                0x08003396        0xc Drivers/STM32F4xx_HAL_Driver/Src/stm32f4xx_ll_usb.o
                0x08003396                USB_EnableGlobalInt
 .text.USB_DisableGlobalInt
                0x080033a2        0xc Drivers/STM32F4xx_HAL_Driver/Src/stm32f4xx_ll_usb.o
                0x080033a2                USB_DisableGlobalInt
 .text.USB_SetCurrentMode
                0x080033ae       0x2c Drivers/STM32F4xx_HAL_Driver/Src/stm32f4xx_ll_usb.o
                0x080033ae                USB_SetCurrentMode
 *fill*         0x080033da        0x2 
 .text.USB_DevInit
                0x080033dc      0x150 Drivers/STM32F4xx_HAL_Driver/Src/stm32f4xx_ll_usb.o
                0x080033dc                USB_DevInit
 .text.USB_FlushTxFifo
                0x0800352c       0x28 Drivers/STM32F4xx_HAL_Driver/Src/stm32f4xx_ll_usb.o
                0x0800352c                USB_FlushTxFifo
 .text.USB_FlushRxFifo
                0x08003554       0x24 Drivers/STM32F4xx_HAL_Driver/Src/stm32f4xx_ll_usb.o
                0x08003554                USB_FlushRxFifo
 .text.USB_SetDevSpeed
                0x08003578        0xe Drivers/STM32F4xx_HAL_Driver/Src/stm32f4xx_ll_usb.o
                0x08003578                USB_SetDevSpeed
 .text.USB_GetDevSpeed
                0x08003586       0x40 Drivers/STM32F4xx_HAL_Driver/Src/stm32f4xx_ll_usb.o
                0x08003586                USB_GetDevSpeed
 .text.USB_ActivateEndpoint
                0x080035c6       0x92 Drivers/STM32F4xx_HAL_Driver/Src/stm32f4xx_ll_usb.o
                0x080035c6                USB_ActivateEndpoint
 .text.USB_DeactivateEndpoint
                0x08003658       0xf0 Drivers/STM32F4xx_HAL_Driver/Src/stm32f4xx_ll_usb.o
                0x08003658                USB_DeactivateEndpoint
 .text.USB_EPStartXfer
                0x08003748      0x264 Drivers/STM32F4xx_HAL_Driver/Src/stm32f4xx_ll_usb.o
                0x08003748                USB_EPStartXfer
 .text.USB_EP0StartXfer
                0x080039ac      0x160 Drivers/STM32F4xx_HAL_Driver/Src/stm32f4xx_ll_usb.o
                0x080039ac                USB_EP0StartXfer
 .text.USB_WritePacket
                0x08003b0c       0x28 Drivers/STM32F4xx_HAL_Driver/Src/stm32f4xx_ll_usb.o
                0x08003b0c                USB_WritePacket
 .text.USB_ReadPacket
                0x08003b34       0x28 Drivers/STM32F4xx_HAL_Driver/Src/stm32f4xx_ll_usb.o
                0x08003b34                USB_ReadPacket
 .text.USB_EPSetStall
                0x08003b5c       0x64 Drivers/STM32F4xx_HAL_Driver/Src/stm32f4xx_ll_usb.o
                0x08003b5c                USB_EPSetStall
 .text.USB_EPClearStall
                0x08003bc0       0x6a Drivers/STM32F4xx_HAL_Driver/Src/stm32f4xx_ll_usb.o
                0x08003bc0                USB_EPClearStall
 .text.USB_SetDevAddress
                0x08003c2a       0x20 Drivers/STM32F4xx_HAL_Driver/Src/stm32f4xx_ll_usb.o
                0x08003c2a                USB_SetDevAddress
 .text.USB_DevConnect
                0x08003c4a       0x18 Drivers/STM32F4xx_HAL_Driver/Src/stm32f4xx_ll_usb.o
                0x08003c4a                USB_DevConnect
 .text.USB_DevDisconnect
                0x08003c62       0x18 Drivers/STM32F4xx_HAL_Driver/Src/stm32f4xx_ll_usb.o
                0x08003c62                USB_DevDisconnect
 .text.USB_ReadInterrupts
                0x08003c7a        0x8 Drivers/STM32F4xx_HAL_Driver/Src/stm32f4xx_ll_usb.o
                0x08003c7a                USB_ReadInterrupts
 .text.USB_ReadDevAllOutEpInterrupt
                0x08003c82       0x10 Drivers/STM32F4xx_HAL_Driver/Src/stm32f4xx_ll_usb.o
                0x08003c82                USB_ReadDevAllOutEpInterrupt
 .text.USB_ReadDevAllInEpInterrupt
                0x08003c92       0x10 Drivers/STM32F4xx_HAL_Driver/Src/stm32f4xx_ll_usb.o
                0x08003c92                USB_ReadDevAllInEpInterrupt
 .text.USB_ReadDevOutEPInterrupt
                0x08003ca2       0x12 Drivers/STM32F4xx_HAL_Driver/Src/stm32f4xx_ll_usb.o
                0x08003ca2                USB_ReadDevOutEPInterrupt
 .text.USB_ReadDevInEPInterrupt
                0x08003cb4       0x1c Drivers/STM32F4xx_HAL_Driver/Src/stm32f4xx_ll_usb.o
                0x08003cb4                USB_ReadDevInEPInterrupt
 .text.USB_GetMode
                0x08003cd0        0x8 Drivers/STM32F4xx_HAL_Driver/Src/stm32f4xx_ll_usb.o
                0x08003cd0                USB_GetMode
 .text.USB_ActivateSetup
                0x08003cd8       0x38 Drivers/STM32F4xx_HAL_Driver/Src/stm32f4xx_ll_usb.o
                0x08003cd8                USB_ActivateSetup
 .text.USB_EP0_OutStart
                0x08003d10       0x46 Drivers/STM32F4xx_HAL_Driver/Src/stm32f4xx_ll_usb.o
                0x08003d10                USB_EP0_OutStart
 *fill*         0x08003d56        0x2 
 .text.USB_CoreReset
                0x08003d58       0x3c Drivers/STM32F4xx_HAL_Driver/Src/stm32f4xx_ll_usb.o
 .text.USBD_CDC_DataIn
                0x08003d94       0x12 Middlewares/ST/STM32_USB_Device_Library/Class/CDC/Src/usbd_cdc.o
 .text.USBD_CDC_EP0_RxReady
                0x08003da6       0x28 Middlewares/ST/STM32_USB_Device_Library/Class/CDC/Src/usbd_cdc.o
 *fill*         0x08003dce        0x2 
 .text.USBD_CDC_GetFSCfgDesc
                0x08003dd0        0xc Middlewares/ST/STM32_USB_Device_Library/Class/CDC/Src/usbd_cdc.o
 .text.USBD_CDC_GetHSCfgDesc
                0x08003ddc        0xc Middlewares/ST/STM32_USB_Device_Library/Class/CDC/Src/usbd_cdc.o
 .text.USBD_CDC_GetOtherSpeedCfgDesc
                0x08003de8        0xc Middlewares/ST/STM32_USB_Device_Library/Class/CDC/Src/usbd_cdc.o
 .text.USBD_CDC_GetDeviceQualifierDescriptor
                0x08003df4        0xc Middlewares/ST/STM32_USB_Device_Library/Class/CDC/Src/usbd_cdc.o
                0x08003df4                USBD_CDC_GetDeviceQualifierDescriptor
 .text.USBD_CDC_DataOut
                0x08003e00       0x2e Middlewares/ST/STM32_USB_Device_Library/Class/CDC/Src/usbd_cdc.o
 *fill*         0x08003e2e        0x2 
 .text.USBD_CDC_Setup
                0x08003e30       0x74 Middlewares/ST/STM32_USB_Device_Library/Class/CDC/Src/usbd_cdc.o
 .text.USBD_CDC_DeInit
                0x08003ea4       0x3a Middlewares/ST/STM32_USB_Device_Library/Class/CDC/Src/usbd_cdc.o
 .text.USBD_CDC_Init
                0x08003ede       0x96 Middlewares/ST/STM32_USB_Device_Library/Class/CDC/Src/usbd_cdc.o
 .text.USBD_CDC_RegisterInterface
                0x08003f74        0xe Middlewares/ST/STM32_USB_Device_Library/Class/CDC/Src/usbd_cdc.o
                0x08003f74                USBD_CDC_RegisterInterface
 .text.USBD_CDC_SetTxBuffer
                0x08003f82       0x10 Middlewares/ST/STM32_USB_Device_Library/Class/CDC/Src/usbd_cdc.o
                0x08003f82                USBD_CDC_SetTxBuffer
 .text.USBD_CDC_SetRxBuffer
                0x08003f92        0xc Middlewares/ST/STM32_USB_Device_Library/Class/CDC/Src/usbd_cdc.o
                0x08003f92                USBD_CDC_SetRxBuffer
 .text.USBD_CDC_TransmitPacket
                0x08003f9e       0x2e Middlewares/ST/STM32_USB_Device_Library/Class/CDC/Src/usbd_cdc.o
                0x08003f9e                USBD_CDC_TransmitPacket
 .text.USBD_CDC_ReceivePacket
                0x08003fcc       0x32 Middlewares/ST/STM32_USB_Device_Library/Class/CDC/Src/usbd_cdc.o
                0x08003fcc                USBD_CDC_ReceivePacket
 .text.USBD_Init
                0x08003ffe       0x2e Middlewares/ST/STM32_USB_Device_Library/Core/Src/usbd_core.o
                0x08003ffe                USBD_Init
 .text.USBD_RegisterClass
                0x0800402c        0xe Middlewares/ST/STM32_USB_Device_Library/Core/Src/usbd_core.o
                0x0800402c                USBD_RegisterClass
 .text.USBD_Start
                0x0800403a        0xa Middlewares/ST/STM32_USB_Device_Library/Core/Src/usbd_core.o
                0x0800403a                USBD_Start
 .text.USBD_SetClassConfig
                0x08004044       0x1a Middlewares/ST/STM32_USB_Device_Library/Core/Src/usbd_core.o
                0x08004044                USBD_SetClassConfig
 .text.USBD_ClrClassConfig
                0x0800405e        0xe Middlewares/ST/STM32_USB_Device_Library/Core/Src/usbd_core.o
                0x0800405e                USBD_ClrClassConfig
 .text.USBD_LL_SetupStage
                0x0800406c       0x5a Middlewares/ST/STM32_USB_Device_Library/Core/Src/usbd_core.o
                0x0800406c                USBD_LL_SetupStage
 .text.USBD_LL_DataOutStage
                0x080040c6       0x6a Middlewares/ST/STM32_USB_Device_Library/Core/Src/usbd_core.o
                0x080040c6                USBD_LL_DataOutStage
 .text.USBD_LL_DataInStage
                0x08004130       0xb2 Middlewares/ST/STM32_USB_Device_Library/Core/Src/usbd_core.o
                0x08004130                USBD_LL_DataInStage
 .text.USBD_LL_Reset
                0x080041e2       0x3e Middlewares/ST/STM32_USB_Device_Library/Core/Src/usbd_core.o
                0x080041e2                USBD_LL_Reset
 .text.USBD_LL_SetSpeed
                0x08004220        0x6 Middlewares/ST/STM32_USB_Device_Library/Core/Src/usbd_core.o
                0x08004220                USBD_LL_SetSpeed
 .text.USBD_LL_Suspend
                0x08004226       0x12 Middlewares/ST/STM32_USB_Device_Library/Core/Src/usbd_core.o
                0x08004226                USBD_LL_Suspend
 .text.USBD_LL_Resume
                0x08004238        0xc Middlewares/ST/STM32_USB_Device_Library/Core/Src/usbd_core.o
                0x08004238                USBD_LL_Resume
 .text.USBD_LL_SOF
                0x08004244       0x1c Middlewares/ST/STM32_USB_Device_Library/Core/Src/usbd_core.o
                0x08004244                USBD_LL_SOF
 .text.USBD_LL_IsoINIncomplete
                0x08004260        0x4 Middlewares/ST/STM32_USB_Device_Library/Core/Src/usbd_core.o
                0x08004260                USBD_LL_IsoINIncomplete
 .text.USBD_LL_IsoOUTIncomplete
                0x08004264        0x4 Middlewares/ST/STM32_USB_Device_Library/Core/Src/usbd_core.o
                0x08004264                USBD_LL_IsoOUTIncomplete
 .text.USBD_LL_DevConnected
                0x08004268        0x4 Middlewares/ST/STM32_USB_Device_Library/Core/Src/usbd_core.o
                0x08004268                USBD_LL_DevConnected
 .text.USBD_LL_DevDisconnected
                0x0800426c       0x16 Middlewares/ST/STM32_USB_Device_Library/Core/Src/usbd_core.o
                0x0800426c                USBD_LL_DevDisconnected
 .text.USBD_GetLen
                0x08004282       0x14 Middlewares/ST/STM32_USB_Device_Library/Core/Src/usbd_ctlreq.o
 .text.USBD_SetFeature
                0x08004296       0x20 Middlewares/ST/STM32_USB_Device_Library/Core/Src/usbd_ctlreq.o
 .text.USBD_ParseSetupRequest
                0x080042b6       0x28 Middlewares/ST/STM32_USB_Device_Library/Core/Src/usbd_ctlreq.o
                0x080042b6                USBD_ParseSetupRequest
 .text.USBD_CtlError
                0x080042de       0x14 Middlewares/ST/STM32_USB_Device_Library/Core/Src/usbd_ctlreq.o
                0x080042de                USBD_CtlError
 .text.USBD_GetDescriptor
                0x080042f2      0x132 Middlewares/ST/STM32_USB_Device_Library/Core/Src/usbd_ctlreq.o
 .text.USBD_SetAddress
                0x08004424       0x4a Middlewares/ST/STM32_USB_Device_Library/Core/Src/usbd_ctlreq.o
 *fill*         0x0800446e        0x2 
 .text.USBD_SetConfig
                0x08004470       0xa4 Middlewares/ST/STM32_USB_Device_Library/Core/Src/usbd_ctlreq.o
 .text.USBD_GetConfig
                0x08004514       0x3a Middlewares/ST/STM32_USB_Device_Library/Core/Src/usbd_ctlreq.o
 .text.USBD_GetStatus
                0x0800454e       0x2c Middlewares/ST/STM32_USB_Device_Library/Core/Src/usbd_ctlreq.o
 .text.USBD_ClrFeature
                0x0800457a       0x32 Middlewares/ST/STM32_USB_Device_Library/Core/Src/usbd_ctlreq.o
 .text.USBD_StdDevReq
                0x080045ac       0x48 Middlewares/ST/STM32_USB_Device_Library/Core/Src/usbd_ctlreq.o
                0x080045ac                USBD_StdDevReq
 .text.USBD_StdItfReq
                0x080045f4       0x38 Middlewares/ST/STM32_USB_Device_Library/Core/Src/usbd_ctlreq.o
                0x080045f4                USBD_StdItfReq
 .text.USBD_StdEPReq
                0x0800462c      0x118 Middlewares/ST/STM32_USB_Device_Library/Core/Src/usbd_ctlreq.o
                0x0800462c                USBD_StdEPReq
 .text.USBD_GetString
                0x08004744       0x3a Middlewares/ST/STM32_USB_Device_Library/Core/Src/usbd_ctlreq.o
                0x08004744                USBD_GetString
 .text.USBD_CtlSendData
                0x0800477e       0x1a Middlewares/ST/STM32_USB_Device_Library/Core/Src/usbd_ioreq.o
                0x0800477e                USBD_CtlSendData
 .text.USBD_CtlContinueSendData
                0x08004798       0x10 Middlewares/ST/STM32_USB_Device_Library/Core/Src/usbd_ioreq.o
                0x08004798                USBD_CtlContinueSendData
 .text.USBD_CtlPrepareRx
                0x080047a8       0x1e Middlewares/ST/STM32_USB_Device_Library/Core/Src/usbd_ioreq.o
                0x080047a8                USBD_CtlPrepareRx
 .text.USBD_CtlContinueRx
                0x080047c6       0x10 Middlewares/ST/STM32_USB_Device_Library/Core/Src/usbd_ioreq.o
                0x080047c6                USBD_CtlContinueRx
 .text.USBD_CtlSendStatus
                0x080047d6       0x16 Middlewares/ST/STM32_USB_Device_Library/Core/Src/usbd_ioreq.o
                0x080047d6                USBD_CtlSendStatus
 .text.USBD_CtlReceiveStatus
                0x080047ec       0x16 Middlewares/ST/STM32_USB_Device_Library/Core/Src/usbd_ioreq.o
                0x080047ec                USBD_CtlReceiveStatus
 .text.MagOffsetCalculation
                0x08004802        0x2 Src/calculations.o
                0x08004802                MagOffsetCalculation
 .text.RawDataOrientationCorrection
                0x08004804       0x1c Src/calculations.o
                0x08004804                RawDataOrientationCorrection
 .text.PitchRollYawMA
                0x08004820      0x1d4 Src/calculations.o
                0x08004820                PitchRollYawMA
 .text.ComplementaryFilter
                0x080049f4       0x44 Src/calculations.o
                0x080049f4                ComplementaryFilter
 .text.KalmanFilter
                0x08004a38      0x1c8 Src/calculations.o
                0x08004a38                KalmanFilter
 .text.MadgwickAHRSupdateIMU
                0x08004c00      0x280 Src/calculations.o
                0x08004c00                MadgwickAHRSupdateIMU
 .text.MadgwickAHRSupdate
                0x08004e80      0x70c Src/calculations.o
                0x08004e80                MadgwickAHRSupdate
 .text.RawToResult
                0x0800558c      0x430 Src/calculations.o
                0x0800558c                RawToResult
 .text.L3G_Error
                0x080059bc       0x14 Src/l3gd20.o
                0x080059bc                L3G_Error
 .text.L3G_Success
                0x080059d0       0x14 Src/l3gd20.o
                0x080059d0                L3G_Success
 .text.L3G_SPIx_WriteRead
                0x080059e4       0x3c Src/l3gd20.o
                0x080059e4                L3G_SPIx_WriteRead
 .text.L3G_Gyro_IO_Read
                0x08005a20       0x48 Src/l3gd20.o
                0x08005a20                L3G_Gyro_IO_Read
 .text.L3G_Gyro_IO_Write
                0x08005a68       0x4c Src/l3gd20.o
                0x08005a68                L3G_Gyro_IO_Write
 .text.L3G_Gyro_ReadID
                0x08005ab4       0x1e Src/l3gd20.o
                0x08005ab4                L3G_Gyro_ReadID
 .text.L3G_Gyro_Ini
                0x08005ad2       0x64 Src/l3gd20.o
                0x08005ad2                L3G_Gyro_Ini
 .text.L3G_Gyro_GetXYZ
                0x08005b36       0x74 Src/l3gd20.o
                0x08005b36                L3G_Gyro_GetXYZ
 *fill*         0x08005baa        0x2 
 .text.LSM_Error
                0x08005bac       0x14 Src/lsm303dlhc.o
                0x08005bac                LSM_Error
 .text.LSM_Success
                0x08005bc0       0x14 Src/lsm303dlhc.o
                0x08005bc0                LSM_Success
 .text.LSM_I2C_Read
                0x08005bd4       0x3c Src/lsm303dlhc.o
 .text.LSM_I2C_Write
                0x08005c10       0x34 Src/lsm303dlhc.o
 .text.LSM_I2C_ReadID
                0x08005c44        0xa Src/lsm303dlhc.o
                0x08005c44                LSM_I2C_ReadID
 .text.LSM_Accel_Ini
                0x08005c4e       0x3a Src/lsm303dlhc.o
                0x08005c4e                LSM_Accel_Ini
 .text.LSM_Accel_GetXYZ
                0x08005c88       0x5c Src/lsm303dlhc.o
                0x08005c88                LSM_Accel_GetXYZ
 .text.LSM_Mag_Ini
                0x08005ce4       0x34 Src/lsm303dlhc.o
                0x08005ce4                LSM_Mag_Ini
 .text.LSM_Mag_GetXYZ
                0x08005d18       0x5c Src/lsm303dlhc.o
                0x08005d18                LSM_Mag_GetXYZ
 .text.MX_GPIO_Init
                0x08005d74      0x148 Src/main.o
 .text.MX_NVIC_Init
                0x08005ebc       0x14 Src/main.o
 .text.HAL_TIM_PeriodElapsedCallback
                0x08005ed0      0x1f0 Src/main.o
                0x08005ed0                HAL_TIM_PeriodElapsedCallback
 .text.HAL_GPIO_EXTI_Callback
                0x080060c0       0x48 Src/main.o
                0x080060c0                HAL_GPIO_EXTI_Callback
 .text._Error_Handler
                0x08006108        0x2 Src/main.o
                0x08006108                _Error_Handler
 *fill*         0x0800610a        0x2 
 .text.MX_I2C1_Init
                0x0800610c       0x44 Src/main.o
 .text.MX_SPI1_Init
                0x08006150       0x48 Src/main.o
 .text.MX_TIM10_Init
                0x08006198       0x38 Src/main.o
 .text.SystemClock_Config
                0x080061d0       0xc4 Src/main.o
                0x080061d0                SystemClock_Config
 .text.main     0x08006294       0x98 Src/main.o
                0x08006294                main
 .text.HAL_MspInit
                0x0800632c       0x5e Src/stm32f4xx_hal_msp.o
                0x0800632c                HAL_MspInit
 *fill*         0x0800638a        0x2 
 .text.HAL_I2C_MspInit
                0x0800638c       0x58 Src/stm32f4xx_hal_msp.o
                0x0800638c                HAL_I2C_MspInit
 .text.HAL_SPI_MspInit
                0x080063e4       0x50 Src/stm32f4xx_hal_msp.o
                0x080063e4                HAL_SPI_MspInit
 .text.HAL_TIM_Base_MspInit
                0x08006434       0x30 Src/stm32f4xx_hal_msp.o
                0x08006434                HAL_TIM_Base_MspInit
 .text.NMI_Handler
                0x08006464        0x2 Src/stm32f4xx_it.o
                0x08006464                NMI_Handler
 .text.HardFault_Handler
                0x08006466        0x2 Src/stm32f4xx_it.o
                0x08006466                HardFault_Handler
 .text.MemManage_Handler
                0x08006468        0x2 Src/stm32f4xx_it.o
                0x08006468                MemManage_Handler
 .text.BusFault_Handler
                0x0800646a        0x2 Src/stm32f4xx_it.o
                0x0800646a                BusFault_Handler
 .text.UsageFault_Handler
                0x0800646c        0x2 Src/stm32f4xx_it.o
                0x0800646c                UsageFault_Handler
 .text.SVC_Handler
                0x0800646e        0x2 Src/stm32f4xx_it.o
                0x0800646e                SVC_Handler
 .text.DebugMon_Handler
                0x08006470        0x2 Src/stm32f4xx_it.o
                0x08006470                DebugMon_Handler
 .text.PendSV_Handler
                0x08006472        0x2 Src/stm32f4xx_it.o
                0x08006472                PendSV_Handler
 .text.SysTick_Handler
                0x08006474        0xc Src/stm32f4xx_it.o
                0x08006474                SysTick_Handler
 .text.EXTI0_IRQHandler
                0x08006480        0xa Src/stm32f4xx_it.o
                0x08006480                EXTI0_IRQHandler
 .text.EXTI1_IRQHandler
                0x0800648a        0xa Src/stm32f4xx_it.o
                0x0800648a                EXTI1_IRQHandler
 .text.EXTI2_IRQHandler
                0x08006494        0xa Src/stm32f4xx_it.o
                0x08006494                EXTI2_IRQHandler
 .text.EXTI4_IRQHandler
                0x0800649e        0xa Src/stm32f4xx_it.o
                0x0800649e                EXTI4_IRQHandler
 .text.EXTI9_5_IRQHandler
                0x080064a8        0xa Src/stm32f4xx_it.o
                0x080064a8                EXTI9_5_IRQHandler
 *fill*         0x080064b2        0x2 
 .text.TIM1_UP_TIM10_IRQHandler
                0x080064b4       0x10 Src/stm32f4xx_it.o
                0x080064b4                TIM1_UP_TIM10_IRQHandler
 .text.OTG_FS_IRQHandler
                0x080064c4       0x10 Src/stm32f4xx_it.o
                0x080064c4                OTG_FS_IRQHandler
 .text.SystemInit
                0x080064d4       0x4c Src/system_stm32f4xx.o
                0x080064d4                SystemInit
 .text.MX_USB_DEVICE_Init
                0x08006520       0x38 Src/usb_device.o
                0x08006520                MX_USB_DEVICE_Init
 .text.CDC_DeInit_FS
                0x08006558        0x4 Src/usbd_cdc_if.o
 .text.CDC_Control_FS
                0x0800655c        0x4 Src/usbd_cdc_if.o
 .text.CDC_Receive_FS
                0x08006560       0x1c Src/usbd_cdc_if.o
 .text.CDC_Init_FS
                0x0800657c       0x28 Src/usbd_cdc_if.o
 .text.CDC_Transmit_FS
                0x080065a4       0x2c Src/usbd_cdc_if.o
                0x080065a4                CDC_Transmit_FS
 .text.HAL_PCD_MspInit
                0x080065d0       0x68 Src/usbd_conf.o
                0x080065d0                HAL_PCD_MspInit
 .text.HAL_PCD_SetupStageCallback
                0x08006638       0x10 Src/usbd_conf.o
                0x08006638                HAL_PCD_SetupStageCallback
 .text.HAL_PCD_DataOutStageCallback
                0x08006648       0x18 Src/usbd_conf.o
                0x08006648                HAL_PCD_DataOutStageCallback
 .text.HAL_PCD_DataInStageCallback
                0x08006660       0x16 Src/usbd_conf.o
                0x08006660                HAL_PCD_DataInStageCallback
 .text.HAL_PCD_SOFCallback
                0x08006676        0xc Src/usbd_conf.o
                0x08006676                HAL_PCD_SOFCallback
 .text.HAL_PCD_ResetCallback
                0x08006682       0x20 Src/usbd_conf.o
                0x08006682                HAL_PCD_ResetCallback
 *fill*         0x080066a2        0x2 
 .text.HAL_PCD_SuspendCallback
                0x080066a4       0x30 Src/usbd_conf.o
                0x080066a4                HAL_PCD_SuspendCallback
 .text.HAL_PCD_ResumeCallback
                0x080066d4        0xc Src/usbd_conf.o
                0x080066d4                HAL_PCD_ResumeCallback
 .text.HAL_PCD_ISOOUTIncompleteCallback
                0x080066e0        0xc Src/usbd_conf.o
                0x080066e0                HAL_PCD_ISOOUTIncompleteCallback
 .text.HAL_PCD_ISOINIncompleteCallback
                0x080066ec        0xc Src/usbd_conf.o
                0x080066ec                HAL_PCD_ISOINIncompleteCallback
 .text.HAL_PCD_ConnectCallback
                0x080066f8        0xc Src/usbd_conf.o
                0x080066f8                HAL_PCD_ConnectCallback
 .text.HAL_PCD_DisconnectCallback
                0x08006704        0xc Src/usbd_conf.o
                0x08006704                HAL_PCD_DisconnectCallback
 .text.USBD_LL_Init
                0x08006710       0x74 Src/usbd_conf.o
                0x08006710                USBD_LL_Init
 .text.USBD_LL_Start
                0x08006784       0x1c Src/usbd_conf.o
                0x08006784                USBD_LL_Start
 .text.USBD_LL_OpenEP
                0x080067a0       0x22 Src/usbd_conf.o
                0x080067a0                USBD_LL_OpenEP
 .text.USBD_LL_CloseEP
                0x080067c2       0x1c Src/usbd_conf.o
                0x080067c2                USBD_LL_CloseEP
 .text.USBD_LL_StallEP
                0x080067de       0x1c Src/usbd_conf.o
                0x080067de                USBD_LL_StallEP
 .text.USBD_LL_ClearStallEP
                0x080067fa       0x1c Src/usbd_conf.o
                0x080067fa                USBD_LL_ClearStallEP
 .text.USBD_LL_IsStallEP
                0x08006816       0x2e Src/usbd_conf.o
                0x08006816                USBD_LL_IsStallEP
 .text.USBD_LL_SetUSBAddress
                0x08006844       0x1c Src/usbd_conf.o
                0x08006844                USBD_LL_SetUSBAddress
 .text.USBD_LL_Transmit
                0x08006860       0x1c Src/usbd_conf.o
                0x08006860                USBD_LL_Transmit
 .text.USBD_LL_PrepareReceive
                0x0800687c       0x1c Src/usbd_conf.o
                0x0800687c                USBD_LL_PrepareReceive
 .text.USBD_LL_GetRxDataSize
                0x08006898        0xc Src/usbd_conf.o
                0x08006898                USBD_LL_GetRxDataSize
 .text.USBD_FS_DeviceDescriptor
                0x080068a4        0xc Src/usbd_desc.o
                0x080068a4                USBD_FS_DeviceDescriptor
 .text.USBD_FS_LangIDStrDescriptor
                0x080068b0        0xc Src/usbd_desc.o
                0x080068b0                USBD_FS_LangIDStrDescriptor
 .text.USBD_FS_ProductStrDescriptor
                0x080068bc       0x24 Src/usbd_desc.o
                0x080068bc                USBD_FS_ProductStrDescriptor
 .text.USBD_FS_ManufacturerStrDescriptor
                0x080068e0       0x1c Src/usbd_desc.o
                0x080068e0                USBD_FS_ManufacturerStrDescriptor
 .text.USBD_FS_SerialStrDescriptor
                0x080068fc       0x24 Src/usbd_desc.o
                0x080068fc                USBD_FS_SerialStrDescriptor
 .text.USBD_FS_ConfigStrDescriptor
                0x08006920       0x24 Src/usbd_desc.o
                0x08006920                USBD_FS_ConfigStrDescriptor
 .text.USBD_FS_InterfaceStrDescriptor
                0x08006944       0x24 Src/usbd_desc.o
                0x08006944                USBD_FS_InterfaceStrDescriptor
 .text.V3fTransform
                0x08006968       0x92 Src/vector.o
                0x08006968                V3fTransform
 .text.V3Subtract
                0x080069fa       0x32 Src/vector.o
                0x080069fa                V3Subtract
 .text.RotationMatrixFromQuaternion
                0x08006a2c      0x170 Src/vector.o
                0x08006a2c                RotationMatrixFromQuaternion
 .text.RotationMatrixFromAngles
                0x08006b9c      0x1ae Src/vector.o
                0x08006b9c                RotationMatrixFromAngles
 .text.M3fDefiner
                0x08006d4a       0x6a Src/vector.o
                0x08006d4a                M3fDefiner
 .text.M3fInvert
                0x08006db4      0x174 Src/vector.o
                0x08006db4                M3fInvert
 .text.IntegrationReactangleMethod
                0x08006f28       0x30 Src/vector.o
                0x08006f28                IntegrationReactangleMethod
 .text.IntegratioAdamsBashworthMethod
                0x08006f58      0x108 Src/vector.o
                0x08006f58                IntegratioAdamsBashworthMethod
 .text.RadiansToDegrees
                0x08007060       0x38 Src/vector.o
                0x08007060                RadiansToDegrees
 .text.DegreesToRadians
                0x08007098       0x38 Src/vector.o
                0x08007098                DegreesToRadians
 .text.NormaliseUnits
                0x080070d0       0x5c Src/vector.o
                0x080070d0                NormaliseUnits
 .text.VectorTo2PowSum
                0x0800712c       0x38 Src/vector.o
                0x0800712c                VectorTo2PowSum
 .text.Norm     0x08007164        0x8 Src/vector.o
                0x08007164                Norm
 .text.invSqrt  0x0800716c       0x30 Src/vector.o
                0x0800716c                invSqrt
 .text.cpyVector3f
                0x0800719c       0x14 Src/vector.o
                0x0800719c                cpyVector3f
 .text.intToVector3f
                0x080071b0       0x1c Src/vector.o
                0x080071b0                intToVector3f
 .text.addVector3fToMatrix
                0x080071cc       0x16 Src/vector.o
                0x080071cc                addVector3fToMatrix
 .text.checkSignofValue
                0x080071e2       0x12 Src/vector.o
                0x080071e2                checkSignofValue
 *fill*         0x080071f4        0x4 
 .text.QuaternionToEulerAngle
                0x080071f8      0x228 Src/vector.o
                0x080071f8                QuaternionToEulerAngle
 .text.Reset_Handler
                0x08007420       0x50 startup/startup_stm32f411xe.o
                0x08007420                Reset_Handler
 .text.Default_Handler
                0x08007470        0x2 startup/startup_stm32f411xe.o
                0x08007470                RTC_Alarm_IRQHandler
                0x08007470                SPI4_IRQHandler
                0x08007470                TIM1_CC_IRQHandler
                0x08007470                DMA2_Stream5_IRQHandler
                0x08007470                DMA1_Stream5_IRQHandler
                0x08007470                PVD_IRQHandler
                0x08007470                SDIO_IRQHandler
                0x08007470                TAMP_STAMP_IRQHandler
                0x08007470                EXTI3_IRQHandler
                0x08007470                I2C3_ER_IRQHandler
                0x08007470                I2C2_EV_IRQHandler
                0x08007470                DMA1_Stream2_IRQHandler
                0x08007470                FPU_IRQHandler
                0x08007470                DMA2_Stream2_IRQHandler
                0x08007470                SPI1_IRQHandler
                0x08007470                TIM1_BRK_TIM9_IRQHandler
                0x08007470                DMA2_Stream3_IRQHandler
                0x08007470                USART6_IRQHandler
                0x08007470                DMA2_Stream0_IRQHandler
                0x08007470                TIM4_IRQHandler
                0x08007470                I2C1_EV_IRQHandler
                0x08007470                DMA1_Stream6_IRQHandler
                0x08007470                DMA1_Stream1_IRQHandler
                0x08007470                TIM3_IRQHandler
                0x08007470                RCC_IRQHandler
                0x08007470                Default_Handler
                0x08007470                EXTI15_10_IRQHandler
                0x08007470                ADC_IRQHandler
                0x08007470                DMA1_Stream7_IRQHandler
                0x08007470                SPI5_IRQHandler
                0x08007470                TIM5_IRQHandler
                0x08007470                DMA2_Stream7_IRQHandler
                0x08007470                I2C3_EV_IRQHandler
                0x08007470                RTC_WKUP_IRQHandler
                0x08007470                SPI2_IRQHandler
                0x08007470                DMA1_Stream0_IRQHandler
                0x08007470                WWDG_IRQHandler
                0x08007470                TIM2_IRQHandler
                0x08007470                OTG_FS_WKUP_IRQHandler
                0x08007470                TIM1_TRG_COM_TIM11_IRQHandler
                0x08007470                USART2_IRQHandler
                0x08007470                I2C2_ER_IRQHandler
                0x08007470                DMA2_Stream1_IRQHandler
                0x08007470                FLASH_IRQHandler
                0x08007470                DMA2_Stream4_IRQHandler
                0x08007470                USART1_IRQHandler
                0x08007470                SPI3_IRQHandler
                0x08007470                DMA1_Stream4_IRQHandler
                0x08007470                I2C1_ER_IRQHandler
                0x08007470                DMA2_Stream6_IRQHandler
                0x08007470                DMA1_Stream3_IRQHandler
 *fill*         0x08007472        0x6 
 .text.cos      0x08007478       0xc0 c:/eclipseoxygen/plugins/fr.ac6.mcu.externaltools.arm-none.win32_1.15.0.201708311556/tools/compiler/bin/../lib/gcc/arm-none-eabi/6.3.1/../../../../arm-none-eabi/lib/thumb/v7e-m/fpv4-sp/hard\libm.a(lib_a-s_cos.o)
                0x08007478                cos
 .text.cosf     0x08007538       0x90 c:/eclipseoxygen/plugins/fr.ac6.mcu.externaltools.arm-none.win32_1.15.0.201708311556/tools/compiler/bin/../lib/gcc/arm-none-eabi/6.3.1/../../../../arm-none-eabi/lib/thumb/v7e-m/fpv4-sp/hard\libm.a(lib_a-sf_cos.o)
                0x08007538                cosf
 .text.sinf     0x080075c8       0x94 c:/eclipseoxygen/plugins/fr.ac6.mcu.externaltools.arm-none.win32_1.15.0.201708311556/tools/compiler/bin/../lib/gcc/arm-none-eabi/6.3.1/../../../../arm-none-eabi/lib/thumb/v7e-m/fpv4-sp/hard\libm.a(lib_a-sf_sin.o)
                0x080075c8                sinf
 .text.asin     0x0800765c       0xbc c:/eclipseoxygen/plugins/fr.ac6.mcu.externaltools.arm-none.win32_1.15.0.201708311556/tools/compiler/bin/../lib/gcc/arm-none-eabi/6.3.1/../../../../arm-none-eabi/lib/thumb/v7e-m/fpv4-sp/hard\libm.a(lib_a-w_asin.o)
                0x0800765c                asin
 .text.atan2    0x08007718        0x4 c:/eclipseoxygen/plugins/fr.ac6.mcu.externaltools.arm-none.win32_1.15.0.201708311556/tools/compiler/bin/../lib/gcc/arm-none-eabi/6.3.1/../../../../arm-none-eabi/lib/thumb/v7e-m/fpv4-sp/hard\libm.a(lib_a-w_atan2.o)
                0x08007718                atan2
 .text.sqrt     0x0800771c       0xb8 c:/eclipseoxygen/plugins/fr.ac6.mcu.externaltools.arm-none.win32_1.15.0.201708311556/tools/compiler/bin/../lib/gcc/arm-none-eabi/6.3.1/../../../../arm-none-eabi/lib/thumb/v7e-m/fpv4-sp/hard\libm.a(lib_a-w_sqrt.o)
                0x0800771c                sqrt
 .text.asinf    0x080077d4       0xb8 c:/eclipseoxygen/plugins/fr.ac6.mcu.externaltools.arm-none.win32_1.15.0.201708311556/tools/compiler/bin/../lib/gcc/arm-none-eabi/6.3.1/../../../../arm-none-eabi/lib/thumb/v7e-m/fpv4-sp/hard\libm.a(lib_a-wf_asin.o)
                0x080077d4                asinf
 .text.atan2f   0x0800788c        0x4 c:/eclipseoxygen/plugins/fr.ac6.mcu.externaltools.arm-none.win32_1.15.0.201708311556/tools/compiler/bin/../lib/gcc/arm-none-eabi/6.3.1/../../../../arm-none-eabi/lib/thumb/v7e-m/fpv4-sp/hard\libm.a(lib_a-wf_atan2.o)
                0x0800788c                atan2f
 .text.powf     0x08007890      0x328 c:/eclipseoxygen/plugins/fr.ac6.mcu.externaltools.arm-none.win32_1.15.0.201708311556/tools/compiler/bin/../lib/gcc/arm-none-eabi/6.3.1/../../../../arm-none-eabi/lib/thumb/v7e-m/fpv4-sp/hard\libm.a(lib_a-wf_pow.o)
                0x08007890                powf
 .text.sqrtf    0x08007bb8       0xac c:/eclipseoxygen/plugins/fr.ac6.mcu.externaltools.arm-none.win32_1.15.0.201708311556/tools/compiler/bin/../lib/gcc/arm-none-eabi/6.3.1/../../../../arm-none-eabi/lib/thumb/v7e-m/fpv4-sp/hard\libm.a(lib_a-wf_sqrt.o)
                0x08007bb8                sqrtf
 *fill*         0x08007c64        0x4 
 .text.__ieee754_asin
                0x08007c68      0x484 c:/eclipseoxygen/plugins/fr.ac6.mcu.externaltools.arm-none.win32_1.15.0.201708311556/tools/compiler/bin/../lib/gcc/arm-none-eabi/6.3.1/../../../../arm-none-eabi/lib/thumb/v7e-m/fpv4-sp/hard\libm.a(lib_a-e_asin.o)
                0x08007c68                __ieee754_asin
 *fill*         0x080080ec        0x4 
 .text.__ieee754_atan2
                0x080080f0      0x1c4 c:/eclipseoxygen/plugins/fr.ac6.mcu.externaltools.arm-none.win32_1.15.0.201708311556/tools/compiler/bin/../lib/gcc/arm-none-eabi/6.3.1/../../../../arm-none-eabi/lib/thumb/v7e-m/fpv4-sp/hard\libm.a(lib_a-e_atan2.o)
                0x080080f0                __ieee754_atan2
 *fill*         0x080082b4        0x4 
 .text.__ieee754_rem_pio2
                0x080082b8      0x44c c:/eclipseoxygen/plugins/fr.ac6.mcu.externaltools.arm-none.win32_1.15.0.201708311556/tools/compiler/bin/../lib/gcc/arm-none-eabi/6.3.1/../../../../arm-none-eabi/lib/thumb/v7e-m/fpv4-sp/hard\libm.a(lib_a-e_rem_pio2.o)
                0x080082b8                __ieee754_rem_pio2
 .text.__ieee754_sqrt
                0x08008704      0x198 c:/eclipseoxygen/plugins/fr.ac6.mcu.externaltools.arm-none.win32_1.15.0.201708311556/tools/compiler/bin/../lib/gcc/arm-none-eabi/6.3.1/../../../../arm-none-eabi/lib/thumb/v7e-m/fpv4-sp/hard\libm.a(lib_a-e_sqrt.o)
                0x08008704                __ieee754_sqrt
 .text.__ieee754_asinf
                0x0800889c      0x1f8 c:/eclipseoxygen/plugins/fr.ac6.mcu.externaltools.arm-none.win32_1.15.0.201708311556/tools/compiler/bin/../lib/gcc/arm-none-eabi/6.3.1/../../../../arm-none-eabi/lib/thumb/v7e-m/fpv4-sp/hard\libm.a(lib_a-ef_asin.o)
                0x0800889c                __ieee754_asinf
 .text.__ieee754_atan2f
                0x08008a94      0x180 c:/eclipseoxygen/plugins/fr.ac6.mcu.externaltools.arm-none.win32_1.15.0.201708311556/tools/compiler/bin/../lib/gcc/arm-none-eabi/6.3.1/../../../../arm-none-eabi/lib/thumb/v7e-m/fpv4-sp/hard\libm.a(lib_a-ef_atan2.o)
                0x08008a94                __ieee754_atan2f
 .text.__ieee754_powf
                0x08008c14      0x5f0 c:/eclipseoxygen/plugins/fr.ac6.mcu.externaltools.arm-none.win32_1.15.0.201708311556/tools/compiler/bin/../lib/gcc/arm-none-eabi/6.3.1/../../../../arm-none-eabi/lib/thumb/v7e-m/fpv4-sp/hard\libm.a(lib_a-ef_pow.o)
                0x08008c14                __ieee754_powf
 .text.__ieee754_rem_pio2f
                0x08009204      0x290 c:/eclipseoxygen/plugins/fr.ac6.mcu.externaltools.arm-none.win32_1.15.0.201708311556/tools/compiler/bin/../lib/gcc/arm-none-eabi/6.3.1/../../../../arm-none-eabi/lib/thumb/v7e-m/fpv4-sp/hard\libm.a(lib_a-ef_rem_pio2.o)
                0x08009204                __ieee754_rem_pio2f
 .text.__ieee754_sqrtf
                0x08009494        0x8 c:/eclipseoxygen/plugins/fr.ac6.mcu.externaltools.arm-none.win32_1.15.0.201708311556/tools/compiler/bin/../lib/gcc/arm-none-eabi/6.3.1/../../../../arm-none-eabi/lib/thumb/v7e-m/fpv4-sp/hard\libm.a(lib_a-ef_sqrt.o)
                0x08009494                __ieee754_sqrtf
 *fill*         0x0800949c        0x4 
 .text.__kernel_cos
                0x080094a0      0x284 c:/eclipseoxygen/plugins/fr.ac6.mcu.externaltools.arm-none.win32_1.15.0.201708311556/tools/compiler/bin/../lib/gcc/arm-none-eabi/6.3.1/../../../../arm-none-eabi/lib/thumb/v7e-m/fpv4-sp/hard\libm.a(lib_a-k_cos.o)
                0x080094a0                __kernel_cos
 *fill*         0x08009724        0x4 
 .text.__kernel_rem_pio2
                0x08009728      0x870 c:/eclipseoxygen/plugins/fr.ac6.mcu.externaltools.arm-none.win32_1.15.0.201708311556/tools/compiler/bin/../lib/gcc/arm-none-eabi/6.3.1/../../../../arm-none-eabi/lib/thumb/v7e-m/fpv4-sp/hard\libm.a(lib_a-k_rem_pio2.o)
                0x08009728                __kernel_rem_pio2
 .text.__kernel_sin
                0x08009f98      0x194 c:/eclipseoxygen/plugins/fr.ac6.mcu.externaltools.arm-none.win32_1.15.0.201708311556/tools/compiler/bin/../lib/gcc/arm-none-eabi/6.3.1/../../../../arm-none-eabi/lib/thumb/v7e-m/fpv4-sp/hard\libm.a(lib_a-k_sin.o)
                0x08009f98                __kernel_sin
 .text.__kernel_cosf
                0x0800a12c      0x104 c:/eclipseoxygen/plugins/fr.ac6.mcu.externaltools.arm-none.win32_1.15.0.201708311556/tools/compiler/bin/../lib/gcc/arm-none-eabi/6.3.1/../../../../arm-none-eabi/lib/thumb/v7e-m/fpv4-sp/hard\libm.a(lib_a-kf_cos.o)
                0x0800a12c                __kernel_cosf
 .text.__kernel_rem_pio2f
                0x0800a230      0x690 c:/eclipseoxygen/plugins/fr.ac6.mcu.externaltools.arm-none.win32_1.15.0.201708311556/tools/compiler/bin/../lib/gcc/arm-none-eabi/6.3.1/../../../../arm-none-eabi/lib/thumb/v7e-m/fpv4-sp/hard\libm.a(lib_a-kf_rem_pio2.o)
                0x0800a230                __kernel_rem_pio2f
 .text.__kernel_sinf
                0x0800a8c0       0x90 c:/eclipseoxygen/plugins/fr.ac6.mcu.externaltools.arm-none.win32_1.15.0.201708311556/tools/compiler/bin/../lib/gcc/arm-none-eabi/6.3.1/../../../../arm-none-eabi/lib/thumb/v7e-m/fpv4-sp/hard\libm.a(lib_a-kf_sin.o)
                0x0800a8c0                __kernel_sinf
 .text.atan     0x0800a950      0x368 c:/eclipseoxygen/plugins/fr.ac6.mcu.externaltools.arm-none.win32_1.15.0.201708311556/tools/compiler/bin/../lib/gcc/arm-none-eabi/6.3.1/../../../../arm-none-eabi/lib/thumb/v7e-m/fpv4-sp/hard\libm.a(lib_a-s_atan.o)
                0x0800a950                atan
 .text.fabs     0x0800acb8       0x10 c:/eclipseoxygen/plugins/fr.ac6.mcu.externaltools.arm-none.win32_1.15.0.201708311556/tools/compiler/bin/../lib/gcc/arm-none-eabi/6.3.1/../../../../arm-none-eabi/lib/thumb/v7e-m/fpv4-sp/hard\libm.a(lib_a-s_fabs.o)
                0x0800acb8                fabs
 .text.floor    0x0800acc8      0x120 c:/eclipseoxygen/plugins/fr.ac6.mcu.externaltools.arm-none.win32_1.15.0.201708311556/tools/compiler/bin/../lib/gcc/arm-none-eabi/6.3.1/../../../../arm-none-eabi/lib/thumb/v7e-m/fpv4-sp/hard\libm.a(lib_a-s_floor.o)
                0x0800acc8                floor
 .text.matherr  0x0800ade8        0x4 c:/eclipseoxygen/plugins/fr.ac6.mcu.externaltools.arm-none.win32_1.15.0.201708311556/tools/compiler/bin/../lib/gcc/arm-none-eabi/6.3.1/../../../../arm-none-eabi/lib/thumb/v7e-m/fpv4-sp/hard\libm.a(lib_a-s_matherr.o)
                0x0800ade8                matherr
 *fill*         0x0800adec        0x4 
 .text.nan      0x0800adf0       0x10 c:/eclipseoxygen/plugins/fr.ac6.mcu.externaltools.arm-none.win32_1.15.0.201708311556/tools/compiler/bin/../lib/gcc/arm-none-eabi/6.3.1/../../../../arm-none-eabi/lib/thumb/v7e-m/fpv4-sp/hard\libm.a(lib_a-s_nan.o)
                0x0800adf0                nan
 .text.rint     0x0800ae00      0x124 c:/eclipseoxygen/plugins/fr.ac6.mcu.externaltools.arm-none.win32_1.15.0.201708311556/tools/compiler/bin/../lib/gcc/arm-none-eabi/6.3.1/../../../../arm-none-eabi/lib/thumb/v7e-m/fpv4-sp/hard\libm.a(lib_a-s_rint.o)
                0x0800ae00                rint
 *fill*         0x0800af24        0x4 
 .text.scalbn   0x0800af28      0x10c c:/eclipseoxygen/plugins/fr.ac6.mcu.externaltools.arm-none.win32_1.15.0.201708311556/tools/compiler/bin/../lib/gcc/arm-none-eabi/6.3.1/../../../../arm-none-eabi/lib/thumb/v7e-m/fpv4-sp/hard\libm.a(lib_a-s_scalbn.o)
                0x0800af28                scalbn
 .text.atanf    0x0800b034      0x1b0 c:/eclipseoxygen/plugins/fr.ac6.mcu.externaltools.arm-none.win32_1.15.0.201708311556/tools/compiler/bin/../lib/gcc/arm-none-eabi/6.3.1/../../../../arm-none-eabi/lib/thumb/v7e-m/fpv4-sp/hard\libm.a(lib_a-sf_atan.o)
                0x0800b034                atanf
 .text.fabsf    0x0800b1e4       0x10 c:/eclipseoxygen/plugins/fr.ac6.mcu.externaltools.arm-none.win32_1.15.0.201708311556/tools/compiler/bin/../lib/gcc/arm-none-eabi/6.3.1/../../../../arm-none-eabi/lib/thumb/v7e-m/fpv4-sp/hard\libm.a(lib_a-sf_fabs.o)
                0x0800b1e4                fabsf
 .text.finitef  0x0800b1f4       0x14 c:/eclipseoxygen/plugins/fr.ac6.mcu.externaltools.arm-none.win32_1.15.0.201708311556/tools/compiler/bin/../lib/gcc/arm-none-eabi/6.3.1/../../../../arm-none-eabi/lib/thumb/v7e-m/fpv4-sp/hard\libm.a(lib_a-sf_finite.o)
                0x0800b1f4                finitef
 .text.floorf   0x0800b208       0x90 c:/eclipseoxygen/plugins/fr.ac6.mcu.externaltools.arm-none.win32_1.15.0.201708311556/tools/compiler/bin/../lib/gcc/arm-none-eabi/6.3.1/../../../../arm-none-eabi/lib/thumb/v7e-m/fpv4-sp/hard\libm.a(lib_a-sf_floor.o)
                0x0800b208                floorf
 .text.nanf     0x0800b298        0xc c:/eclipseoxygen/plugins/fr.ac6.mcu.externaltools.arm-none.win32_1.15.0.201708311556/tools/compiler/bin/../lib/gcc/arm-none-eabi/6.3.1/../../../../arm-none-eabi/lib/thumb/v7e-m/fpv4-sp/hard\libm.a(lib_a-sf_nan.o)
                0x0800b298                nanf
 .text.scalbnf  0x0800b2a4       0xd0 c:/eclipseoxygen/plugins/fr.ac6.mcu.externaltools.arm-none.win32_1.15.0.201708311556/tools/compiler/bin/../lib/gcc/arm-none-eabi/6.3.1/../../../../arm-none-eabi/lib/thumb/v7e-m/fpv4-sp/hard\libm.a(lib_a-sf_scalbn.o)
                0x0800b2a4                scalbnf
 .text.copysign
                0x0800b374       0x1c c:/eclipseoxygen/plugins/fr.ac6.mcu.externaltools.arm-none.win32_1.15.0.201708311556/tools/compiler/bin/../lib/gcc/arm-none-eabi/6.3.1/../../../../arm-none-eabi/lib/thumb/v7e-m/fpv4-sp/hard\libm.a(lib_a-s_copysign.o)
                0x0800b374                copysign
 .text.copysignf
                0x0800b390       0x18 c:/eclipseoxygen/plugins/fr.ac6.mcu.externaltools.arm-none.win32_1.15.0.201708311556/tools/compiler/bin/../lib/gcc/arm-none-eabi/6.3.1/../../../../arm-none-eabi/lib/thumb/v7e-m/fpv4-sp/hard\libm.a(lib_a-sf_copysign.o)
                0x0800b390                copysignf
 .text.__errno  0x0800b3a8        0xc c:/eclipseoxygen/plugins/fr.ac6.mcu.externaltools.arm-none.win32_1.15.0.201708311556/tools/compiler/bin/../lib/gcc/arm-none-eabi/6.3.1/../../../../arm-none-eabi/lib/thumb/v7e-m/fpv4-sp/hard\libc_nano.a(lib_a-errno.o)
                0x0800b3a8                __errno
 .text.__libc_init_array
                0x0800b3b4       0x48 c:/eclipseoxygen/plugins/fr.ac6.mcu.externaltools.arm-none.win32_1.15.0.201708311556/tools/compiler/bin/../lib/gcc/arm-none-eabi/6.3.1/../../../../arm-none-eabi/lib/thumb/v7e-m/fpv4-sp/hard\libc_nano.a(lib_a-init.o)
                0x0800b3b4                __libc_init_array
 .text.malloc   0x0800b3fc       0x10 c:/eclipseoxygen/plugins/fr.ac6.mcu.externaltools.arm-none.win32_1.15.0.201708311556/tools/compiler/bin/../lib/gcc/arm-none-eabi/6.3.1/../../../../arm-none-eabi/lib/thumb/v7e-m/fpv4-sp/hard\libc_nano.a(lib_a-malloc.o)
                0x0800b3fc                malloc
 .text.free     0x0800b40c       0x10 c:/eclipseoxygen/plugins/fr.ac6.mcu.externaltools.arm-none.win32_1.15.0.201708311556/tools/compiler/bin/../lib/gcc/arm-none-eabi/6.3.1/../../../../arm-none-eabi/lib/thumb/v7e-m/fpv4-sp/hard\libc_nano.a(lib_a-malloc.o)
                0x0800b40c                free
 .text.memset   0x0800b41c       0x10 c:/eclipseoxygen/plugins/fr.ac6.mcu.externaltools.arm-none.win32_1.15.0.201708311556/tools/compiler/bin/../lib/gcc/arm-none-eabi/6.3.1/../../../../arm-none-eabi/lib/thumb/v7e-m/fpv4-sp/hard\libc_nano.a(lib_a-memset.o)
                0x0800b41c                memset
 .text._free_r  0x0800b42c       0x9c c:/eclipseoxygen/plugins/fr.ac6.mcu.externaltools.arm-none.win32_1.15.0.201708311556/tools/compiler/bin/../lib/gcc/arm-none-eabi/6.3.1/../../../../arm-none-eabi/lib/thumb/v7e-m/fpv4-sp/hard\libc_nano.a(lib_a-nano-freer.o)
                0x0800b42c                _free_r
 .text._malloc_r
                0x0800b4c8       0xbc c:/eclipseoxygen/plugins/fr.ac6.mcu.externaltools.arm-none.win32_1.15.0.201708311556/tools/compiler/bin/../lib/gcc/arm-none-eabi/6.3.1/../../../../arm-none-eabi/lib/thumb/v7e-m/fpv4-sp/hard\libc_nano.a(lib_a-nano-mallocr.o)
                0x0800b4c8                _malloc_r
 .text.__cvt    0x0800b584       0xc2 c:/eclipseoxygen/plugins/fr.ac6.mcu.externaltools.arm-none.win32_1.15.0.201708311556/tools/compiler/bin/../lib/gcc/arm-none-eabi/6.3.1/../../../../arm-none-eabi/lib/thumb/v7e-m/fpv4-sp/hard\libc_nano.a(lib_a-nano-vfprintf_float.o)
                0x0800b584                __cvt
 .text.__exponent
                0x0800b646       0x6a c:/eclipseoxygen/plugins/fr.ac6.mcu.externaltools.arm-none.win32_1.15.0.201708311556/tools/compiler/bin/../lib/gcc/arm-none-eabi/6.3.1/../../../../arm-none-eabi/lib/thumb/v7e-m/fpv4-sp/hard\libc_nano.a(lib_a-nano-vfprintf_float.o)
                0x0800b646                __exponent
 .text._printf_float
                0x0800b6b0      0x480 c:/eclipseoxygen/plugins/fr.ac6.mcu.externaltools.arm-none.win32_1.15.0.201708311556/tools/compiler/bin/../lib/gcc/arm-none-eabi/6.3.1/../../../../arm-none-eabi/lib/thumb/v7e-m/fpv4-sp/hard\libc_nano.a(lib_a-nano-vfprintf_float.o)
                0x0800b6b0                _printf_float
 .text._printf_common
                0x0800bb30       0xec c:/eclipseoxygen/plugins/fr.ac6.mcu.externaltools.arm-none.win32_1.15.0.201708311556/tools/compiler/bin/../lib/gcc/arm-none-eabi/6.3.1/../../../../arm-none-eabi/lib/thumb/v7e-m/fpv4-sp/hard\libc_nano.a(lib_a-nano-vfprintf_i.o)
                0x0800bb30                _printf_common
 .text._printf_i
                0x0800bc1c      0x240 c:/eclipseoxygen/plugins/fr.ac6.mcu.externaltools.arm-none.win32_1.15.0.201708311556/tools/compiler/bin/../lib/gcc/arm-none-eabi/6.3.1/../../../../arm-none-eabi/lib/thumb/v7e-m/fpv4-sp/hard\libc_nano.a(lib_a-nano-vfprintf_i.o)
                0x0800bc1c                _printf_i
 .text._sbrk_r  0x0800be5c       0x20 c:/eclipseoxygen/plugins/fr.ac6.mcu.externaltools.arm-none.win32_1.15.0.201708311556/tools/compiler/bin/../lib/gcc/arm-none-eabi/6.3.1/../../../../arm-none-eabi/lib/thumb/v7e-m/fpv4-sp/hard\libc_nano.a(lib_a-sbrkr.o)
                0x0800be5c                _sbrk_r
 .text.sprintf  0x0800be7c       0x48 c:/eclipseoxygen/plugins/fr.ac6.mcu.externaltools.arm-none.win32_1.15.0.201708311556/tools/compiler/bin/../lib/gcc/arm-none-eabi/6.3.1/../../../../arm-none-eabi/lib/thumb/v7e-m/fpv4-sp/hard\libc_nano.a(lib_a-sprintf.o)
                0x0800be7c                siprintf
                0x0800be7c                sprintf
 .text.quorem   0x0800bec4      0x118 c:/eclipseoxygen/plugins/fr.ac6.mcu.externaltools.arm-none.win32_1.15.0.201708311556/tools/compiler/bin/../lib/gcc/arm-none-eabi/6.3.1/../../../../arm-none-eabi/lib/thumb/v7e-m/fpv4-sp/hard\libc_nano.a(lib_a-dtoa.o)
 *fill*         0x0800bfdc        0x4 
 .text._dtoa_r  0x0800bfe0      0xb9c c:/eclipseoxygen/plugins/fr.ac6.mcu.externaltools.arm-none.win32_1.15.0.201708311556/tools/compiler/bin/../lib/gcc/arm-none-eabi/6.3.1/../../../../arm-none-eabi/lib/thumb/v7e-m/fpv4-sp/hard\libc_nano.a(lib_a-dtoa.o)
                0x0800bfe0                _dtoa_r
 .text._localeconv_r
                0x0800cb7c       0x1c c:/eclipseoxygen/plugins/fr.ac6.mcu.externaltools.arm-none.win32_1.15.0.201708311556/tools/compiler/bin/../lib/gcc/arm-none-eabi/6.3.1/../../../../arm-none-eabi/lib/thumb/v7e-m/fpv4-sp/hard\libc_nano.a(lib_a-localeconv.o)
                0x0800cb7c                _localeconv_r
 .text.memcpy   0x0800cb98       0x16 c:/eclipseoxygen/plugins/fr.ac6.mcu.externaltools.arm-none.win32_1.15.0.201708311556/tools/compiler/bin/../lib/gcc/arm-none-eabi/6.3.1/../../../../arm-none-eabi/lib/thumb/v7e-m/fpv4-sp/hard\libc_nano.a(lib_a-memcpy-stub.o)
                0x0800cb98                memcpy
 .text.__malloc_lock
                0x0800cbae        0x2 c:/eclipseoxygen/plugins/fr.ac6.mcu.externaltools.arm-none.win32_1.15.0.201708311556/tools/compiler/bin/../lib/gcc/arm-none-eabi/6.3.1/../../../../arm-none-eabi/lib/thumb/v7e-m/fpv4-sp/hard\libc_nano.a(lib_a-mlock.o)
                0x0800cbae                __malloc_lock
 .text.__malloc_unlock
                0x0800cbb0        0x2 c:/eclipseoxygen/plugins/fr.ac6.mcu.externaltools.arm-none.win32_1.15.0.201708311556/tools/compiler/bin/../lib/gcc/arm-none-eabi/6.3.1/../../../../arm-none-eabi/lib/thumb/v7e-m/fpv4-sp/hard\libc_nano.a(lib_a-mlock.o)
                0x0800cbb0                __malloc_unlock
 .text._Balloc  0x0800cbb2       0x68 c:/eclipseoxygen/plugins/fr.ac6.mcu.externaltools.arm-none.win32_1.15.0.201708311556/tools/compiler/bin/../lib/gcc/arm-none-eabi/6.3.1/../../../../arm-none-eabi/lib/thumb/v7e-m/fpv4-sp/hard\libc_nano.a(lib_a-mprec.o)
                0x0800cbb2                _Balloc
 .text._Bfree   0x0800cc1a       0x2e c:/eclipseoxygen/plugins/fr.ac6.mcu.externaltools.arm-none.win32_1.15.0.201708311556/tools/compiler/bin/../lib/gcc/arm-none-eabi/6.3.1/../../../../arm-none-eabi/lib/thumb/v7e-m/fpv4-sp/hard\libc_nano.a(lib_a-mprec.o)
                0x0800cc1a                _Bfree
 .text.__multadd
                0x0800cc48       0x76 c:/eclipseoxygen/plugins/fr.ac6.mcu.externaltools.arm-none.win32_1.15.0.201708311556/tools/compiler/bin/../lib/gcc/arm-none-eabi/6.3.1/../../../../arm-none-eabi/lib/thumb/v7e-m/fpv4-sp/hard\libc_nano.a(lib_a-mprec.o)
                0x0800cc48                __multadd
 .text.__hi0bits
                0x0800ccbe       0x3e c:/eclipseoxygen/plugins/fr.ac6.mcu.externaltools.arm-none.win32_1.15.0.201708311556/tools/compiler/bin/../lib/gcc/arm-none-eabi/6.3.1/../../../../arm-none-eabi/lib/thumb/v7e-m/fpv4-sp/hard\libc_nano.a(lib_a-mprec.o)
                0x0800ccbe                __hi0bits
 .text.__lo0bits
                0x0800ccfc       0x5e c:/eclipseoxygen/plugins/fr.ac6.mcu.externaltools.arm-none.win32_1.15.0.201708311556/tools/compiler/bin/../lib/gcc/arm-none-eabi/6.3.1/../../../../arm-none-eabi/lib/thumb/v7e-m/fpv4-sp/hard\libc_nano.a(lib_a-mprec.o)
                0x0800ccfc                __lo0bits
 .text.__i2b    0x0800cd5a       0x12 c:/eclipseoxygen/plugins/fr.ac6.mcu.externaltools.arm-none.win32_1.15.0.201708311556/tools/compiler/bin/../lib/gcc/arm-none-eabi/6.3.1/../../../../arm-none-eabi/lib/thumb/v7e-m/fpv4-sp/hard\libc_nano.a(lib_a-mprec.o)
                0x0800cd5a                __i2b
 .text.__multiply
                0x0800cd6c      0x11a c:/eclipseoxygen/plugins/fr.ac6.mcu.externaltools.arm-none.win32_1.15.0.201708311556/tools/compiler/bin/../lib/gcc/arm-none-eabi/6.3.1/../../../../arm-none-eabi/lib/thumb/v7e-m/fpv4-sp/hard\libc_nano.a(lib_a-mprec.o)
                0x0800cd6c                __multiply
 *fill*         0x0800ce86        0x2 
 .text.__pow5mult
                0x0800ce88       0x9c c:/eclipseoxygen/plugins/fr.ac6.mcu.externaltools.arm-none.win32_1.15.0.201708311556/tools/compiler/bin/../lib/gcc/arm-none-eabi/6.3.1/../../../../arm-none-eabi/lib/thumb/v7e-m/fpv4-sp/hard\libc_nano.a(lib_a-mprec.o)
                0x0800ce88                __pow5mult
 .text.__lshift
                0x0800cf24       0xa2 c:/eclipseoxygen/plugins/fr.ac6.mcu.externaltools.arm-none.win32_1.15.0.201708311556/tools/compiler/bin/../lib/gcc/arm-none-eabi/6.3.1/../../../../arm-none-eabi/lib/thumb/v7e-m/fpv4-sp/hard\libc_nano.a(lib_a-mprec.o)
                0x0800cf24                __lshift
 .text.__mcmp   0x0800cfc6       0x34 c:/eclipseoxygen/plugins/fr.ac6.mcu.externaltools.arm-none.win32_1.15.0.201708311556/tools/compiler/bin/../lib/gcc/arm-none-eabi/6.3.1/../../../../arm-none-eabi/lib/thumb/v7e-m/fpv4-sp/hard\libc_nano.a(lib_a-mprec.o)
                0x0800cfc6                __mcmp
 .text.__mdiff  0x0800cffa       0xbc c:/eclipseoxygen/plugins/fr.ac6.mcu.externaltools.arm-none.win32_1.15.0.201708311556/tools/compiler/bin/../lib/gcc/arm-none-eabi/6.3.1/../../../../arm-none-eabi/lib/thumb/v7e-m/fpv4-sp/hard\libc_nano.a(lib_a-mprec.o)
                0x0800cffa                __mdiff
 .text.__d2b    0x0800d0b6       0x9e c:/eclipseoxygen/plugins/fr.ac6.mcu.externaltools.arm-none.win32_1.15.0.201708311556/tools/compiler/bin/../lib/gcc/arm-none-eabi/6.3.1/../../../../arm-none-eabi/lib/thumb/v7e-m/fpv4-sp/hard\libc_nano.a(lib_a-mprec.o)
                0x0800d0b6                __d2b
 .text._calloc_r
                0x0800d154       0x1c c:/eclipseoxygen/plugins/fr.ac6.mcu.externaltools.arm-none.win32_1.15.0.201708311556/tools/compiler/bin/../lib/gcc/arm-none-eabi/6.3.1/../../../../arm-none-eabi/lib/thumb/v7e-m/fpv4-sp/hard\libc_nano.a(lib_a-nano-callocr.o)
                0x0800d154                _calloc_r
 .text.__ssputs_r
                0x0800d170       0xb6 c:/eclipseoxygen/plugins/fr.ac6.mcu.externaltools.arm-none.win32_1.15.0.201708311556/tools/compiler/bin/../lib/gcc/arm-none-eabi/6.3.1/../../../../arm-none-eabi/lib/thumb/v7e-m/fpv4-sp/hard\libc_nano.a(lib_a-nano-svfprintf.o)
                0x0800d170                __ssputs_r
 *fill*         0x0800d226        0x2 
 .text._svfprintf_r
                0x0800d228      0x1e8 c:/eclipseoxygen/plugins/fr.ac6.mcu.externaltools.arm-none.win32_1.15.0.201708311556/tools/compiler/bin/../lib/gcc/arm-none-eabi/6.3.1/../../../../arm-none-eabi/lib/thumb/v7e-m/fpv4-sp/hard\libc_nano.a(lib_a-nano-svfprintf.o)
                0x0800d228                _svfiprintf_r
                0x0800d228                _svfprintf_r
 .text.__ascii_mbtowc
                0x0800d410       0x24 c:/eclipseoxygen/plugins/fr.ac6.mcu.externaltools.arm-none.win32_1.15.0.201708311556/tools/compiler/bin/../lib/gcc/arm-none-eabi/6.3.1/../../../../arm-none-eabi/lib/thumb/v7e-m/fpv4-sp/hard\libc_nano.a(lib_a-mbtowc_r.o)
                0x0800d410                __ascii_mbtowc
 .text.memmove  0x0800d434       0x34 c:/eclipseoxygen/plugins/fr.ac6.mcu.externaltools.arm-none.win32_1.15.0.201708311556/tools/compiler/bin/../lib/gcc/arm-none-eabi/6.3.1/../../../../arm-none-eabi/lib/thumb/v7e-m/fpv4-sp/hard\libc_nano.a(lib_a-memmove.o)
                0x0800d434                memmove
 .text._realloc_r
                0x0800d468       0x4c c:/eclipseoxygen/plugins/fr.ac6.mcu.externaltools.arm-none.win32_1.15.0.201708311556/tools/compiler/bin/../lib/gcc/arm-none-eabi/6.3.1/../../../../arm-none-eabi/lib/thumb/v7e-m/fpv4-sp/hard\libc_nano.a(lib_a-nano-reallocr.o)
                0x0800d468                _realloc_r
 .text.__ascii_wctomb
                0x0800d4b4       0x1a c:/eclipseoxygen/plugins/fr.ac6.mcu.externaltools.arm-none.win32_1.15.0.201708311556/tools/compiler/bin/../lib/gcc/arm-none-eabi/6.3.1/../../../../arm-none-eabi/lib/thumb/v7e-m/fpv4-sp/hard\libc_nano.a(lib_a-wctomb_r.o)
                0x0800d4b4                __ascii_wctomb
 .text._malloc_usable_size_r
                0x0800d4ce       0x12 c:/eclipseoxygen/plugins/fr.ac6.mcu.externaltools.arm-none.win32_1.15.0.201708311556/tools/compiler/bin/../lib/gcc/arm-none-eabi/6.3.1/../../../../arm-none-eabi/lib/thumb/v7e-m/fpv4-sp/hard\libc_nano.a(lib_a-nano-msizer.o)
                0x0800d4ce                _malloc_usable_size_r
 .text._sbrk    0x0800d4e0       0x1c c:/eclipseoxygen/plugins/fr.ac6.mcu.externaltools.arm-none.win32_1.15.0.201708311556/tools/compiler/bin/../lib/gcc/arm-none-eabi/6.3.1/../../../../arm-none-eabi/lib/thumb/v7e-m/fpv4-sp/hard\libnosys.a(sbrk.o)
                0x0800d4e0                _sbrk
 *(.glue_7)
 .glue_7        0x0800d4fc        0x0 linker stubs
 *(.glue_7t)
 .glue_7t       0x0800d4fc        0x0 linker stubs
 *(.eh_frame)
 .eh_frame      0x0800d4fc        0x0 c:/eclipseoxygen/plugins/fr.ac6.mcu.externaltools.arm-none.win32_1.15.0.201708311556/tools/compiler/bin/../lib/gcc/arm-none-eabi/6.3.1/thumb/v7e-m/fpv4-sp/hard/crtbegin.o
 *(.init)
 .init          0x0800d4fc        0x4 c:/eclipseoxygen/plugins/fr.ac6.mcu.externaltools.arm-none.win32_1.15.0.201708311556/tools/compiler/bin/../lib/gcc/arm-none-eabi/6.3.1/thumb/v7e-m/fpv4-sp/hard/crti.o
                0x0800d4fc                _init
 .init          0x0800d500        0x8 c:/eclipseoxygen/plugins/fr.ac6.mcu.externaltools.arm-none.win32_1.15.0.201708311556/tools/compiler/bin/../lib/gcc/arm-none-eabi/6.3.1/thumb/v7e-m/fpv4-sp/hard/crtn.o
 *(.fini)
 .fini          0x0800d508        0x4 c:/eclipseoxygen/plugins/fr.ac6.mcu.externaltools.arm-none.win32_1.15.0.201708311556/tools/compiler/bin/../lib/gcc/arm-none-eabi/6.3.1/thumb/v7e-m/fpv4-sp/hard/crti.o
                0x0800d508                _fini
 .fini          0x0800d50c        0x8 c:/eclipseoxygen/plugins/fr.ac6.mcu.externaltools.arm-none.win32_1.15.0.201708311556/tools/compiler/bin/../lib/gcc/arm-none-eabi/6.3.1/thumb/v7e-m/fpv4-sp/hard/crtn.o
                0x0800d514                . = ALIGN (0x4)
                0x0800d514                _etext = .

.vfp11_veneer   0x0800d514        0x0
 .vfp11_veneer  0x0800d514        0x0 linker stubs

.v4_bx          0x0800d514        0x0
 .v4_bx         0x0800d514        0x0 linker stubs

.iplt           0x0800d514        0x0
 .iplt          0x0800d514        0x0 c:/eclipseoxygen/plugins/fr.ac6.mcu.externaltools.arm-none.win32_1.15.0.201708311556/tools/compiler/bin/../lib/gcc/arm-none-eabi/6.3.1/thumb/v7e-m/fpv4-sp/hard/crtbegin.o

.rodata         0x0800d518      0xa78
                0x0800d518                . = ALIGN (0x4)
 *(.rodata)
 .rodata        0x0800d518       0x90 Src/calculations.o
 .rodata        0x0800d5a8       0x18 Src/system_stm32f4xx.o
                0x0800d5a8                AHBPrescTable
                0x0800d5b8                APBPrescTable
 *(.rodata*)
 .rodata.str1.4
                0x0800d5c0       0xbe Src/main.o
 *fill*         0x0800d67e        0x2 
 .rodata.str1.4
                0x0800d680       0x13 Src/usbd_conf.o
 *fill*         0x0800d693        0x1 
 .rodata.str1.4
                0x0800d694       0x56 Src/usbd_desc.o
 *fill*         0x0800d6ea        0x2 
 .rodata.asin.str1.4
                0x0800d6ec        0x5 c:/eclipseoxygen/plugins/fr.ac6.mcu.externaltools.arm-none.win32_1.15.0.201708311556/tools/compiler/bin/../lib/gcc/arm-none-eabi/6.3.1/../../../../arm-none-eabi/lib/thumb/v7e-m/fpv4-sp/hard\libm.a(lib_a-w_asin.o)
                                  0x9 (size before relaxing)
 *fill*         0x0800d6f1        0x3 
 .rodata.sqrt.str1.4
                0x0800d6f4        0x5 c:/eclipseoxygen/plugins/fr.ac6.mcu.externaltools.arm-none.win32_1.15.0.201708311556/tools/compiler/bin/../lib/gcc/arm-none-eabi/6.3.1/../../../../arm-none-eabi/lib/thumb/v7e-m/fpv4-sp/hard\libm.a(lib_a-w_sqrt.o)
 *fill*         0x0800d6f9        0x3 
 .rodata.asinf.str1.4
                0x0800d6fc        0x6 c:/eclipseoxygen/plugins/fr.ac6.mcu.externaltools.arm-none.win32_1.15.0.201708311556/tools/compiler/bin/../lib/gcc/arm-none-eabi/6.3.1/../../../../arm-none-eabi/lib/thumb/v7e-m/fpv4-sp/hard\libm.a(lib_a-wf_asin.o)
                                  0x9 (size before relaxing)
 *fill*         0x0800d702        0x2 
 .rodata.powf.str1.4
                0x0800d704        0x5 c:/eclipseoxygen/plugins/fr.ac6.mcu.externaltools.arm-none.win32_1.15.0.201708311556/tools/compiler/bin/../lib/gcc/arm-none-eabi/6.3.1/../../../../arm-none-eabi/lib/thumb/v7e-m/fpv4-sp/hard\libm.a(lib_a-wf_pow.o)
 *fill*         0x0800d709        0x3 
 .rodata.sqrtf.str1.4
                0x0800d70c        0x8 c:/eclipseoxygen/plugins/fr.ac6.mcu.externaltools.arm-none.win32_1.15.0.201708311556/tools/compiler/bin/../lib/gcc/arm-none-eabi/6.3.1/../../../../arm-none-eabi/lib/thumb/v7e-m/fpv4-sp/hard\libm.a(lib_a-wf_sqrt.o)
                                  0x6 (size before relaxing)
 .rodata.npio2_hw
                0x0800d714       0x80 c:/eclipseoxygen/plugins/fr.ac6.mcu.externaltools.arm-none.win32_1.15.0.201708311556/tools/compiler/bin/../lib/gcc/arm-none-eabi/6.3.1/../../../../arm-none-eabi/lib/thumb/v7e-m/fpv4-sp/hard\libm.a(lib_a-e_rem_pio2.o)
 .rodata.two_over_pi
                0x0800d794      0x108 c:/eclipseoxygen/plugins/fr.ac6.mcu.externaltools.arm-none.win32_1.15.0.201708311556/tools/compiler/bin/../lib/gcc/arm-none-eabi/6.3.1/../../../../arm-none-eabi/lib/thumb/v7e-m/fpv4-sp/hard\libm.a(lib_a-e_rem_pio2.o)
 .rodata.__ieee754_powf.str1.4
                0x0800d89c        0x1 c:/eclipseoxygen/plugins/fr.ac6.mcu.externaltools.arm-none.win32_1.15.0.201708311556/tools/compiler/bin/../lib/gcc/arm-none-eabi/6.3.1/../../../../arm-none-eabi/lib/thumb/v7e-m/fpv4-sp/hard\libm.a(lib_a-ef_pow.o)
 .rodata.npio2_hw
                0x0800d89c       0x80 c:/eclipseoxygen/plugins/fr.ac6.mcu.externaltools.arm-none.win32_1.15.0.201708311556/tools/compiler/bin/../lib/gcc/arm-none-eabi/6.3.1/../../../../arm-none-eabi/lib/thumb/v7e-m/fpv4-sp/hard\libm.a(lib_a-ef_rem_pio2.o)
 .rodata.two_over_pi
                0x0800d91c      0x318 c:/eclipseoxygen/plugins/fr.ac6.mcu.externaltools.arm-none.win32_1.15.0.201708311556/tools/compiler/bin/../lib/gcc/arm-none-eabi/6.3.1/../../../../arm-none-eabi/lib/thumb/v7e-m/fpv4-sp/hard\libm.a(lib_a-ef_rem_pio2.o)
 *fill*         0x0800dc34        0x4 
 .rodata.PIo2   0x0800dc38       0x40 c:/eclipseoxygen/plugins/fr.ac6.mcu.externaltools.arm-none.win32_1.15.0.201708311556/tools/compiler/bin/../lib/gcc/arm-none-eabi/6.3.1/../../../../arm-none-eabi/lib/thumb/v7e-m/fpv4-sp/hard\libm.a(lib_a-k_rem_pio2.o)
 .rodata.init_jk
                0x0800dc78       0x10 c:/eclipseoxygen/plugins/fr.ac6.mcu.externaltools.arm-none.win32_1.15.0.201708311556/tools/compiler/bin/../lib/gcc/arm-none-eabi/6.3.1/../../../../arm-none-eabi/lib/thumb/v7e-m/fpv4-sp/hard\libm.a(lib_a-k_rem_pio2.o)
 .rodata.PIo2   0x0800dc88       0x2c c:/eclipseoxygen/plugins/fr.ac6.mcu.externaltools.arm-none.win32_1.15.0.201708311556/tools/compiler/bin/../lib/gcc/arm-none-eabi/6.3.1/../../../../arm-none-eabi/lib/thumb/v7e-m/fpv4-sp/hard\libm.a(lib_a-kf_rem_pio2.o)
 .rodata.init_jk
                0x0800dcb4        0xc c:/eclipseoxygen/plugins/fr.ac6.mcu.externaltools.arm-none.win32_1.15.0.201708311556/tools/compiler/bin/../lib/gcc/arm-none-eabi/6.3.1/../../../../arm-none-eabi/lib/thumb/v7e-m/fpv4-sp/hard\libm.a(lib_a-kf_rem_pio2.o)
 .rodata.atanhi
                0x0800dcc0       0x20 c:/eclipseoxygen/plugins/fr.ac6.mcu.externaltools.arm-none.win32_1.15.0.201708311556/tools/compiler/bin/../lib/gcc/arm-none-eabi/6.3.1/../../../../arm-none-eabi/lib/thumb/v7e-m/fpv4-sp/hard\libm.a(lib_a-s_atan.o)
 .rodata.atanlo
                0x0800dce0       0x20 c:/eclipseoxygen/plugins/fr.ac6.mcu.externaltools.arm-none.win32_1.15.0.201708311556/tools/compiler/bin/../lib/gcc/arm-none-eabi/6.3.1/../../../../arm-none-eabi/lib/thumb/v7e-m/fpv4-sp/hard\libm.a(lib_a-s_atan.o)
 .rodata.TWO52  0x0800dd00       0x10 c:/eclipseoxygen/plugins/fr.ac6.mcu.externaltools.arm-none.win32_1.15.0.201708311556/tools/compiler/bin/../lib/gcc/arm-none-eabi/6.3.1/../../../../arm-none-eabi/lib/thumb/v7e-m/fpv4-sp/hard\libm.a(lib_a-s_rint.o)
 .rodata.atanhi
                0x0800dd10       0x10 c:/eclipseoxygen/plugins/fr.ac6.mcu.externaltools.arm-none.win32_1.15.0.201708311556/tools/compiler/bin/../lib/gcc/arm-none-eabi/6.3.1/../../../../arm-none-eabi/lib/thumb/v7e-m/fpv4-sp/hard\libm.a(lib_a-sf_atan.o)
 .rodata.atanlo
                0x0800dd20       0x10 c:/eclipseoxygen/plugins/fr.ac6.mcu.externaltools.arm-none.win32_1.15.0.201708311556/tools/compiler/bin/../lib/gcc/arm-none-eabi/6.3.1/../../../../arm-none-eabi/lib/thumb/v7e-m/fpv4-sp/hard\libm.a(lib_a-sf_atan.o)
 .rodata._printf_float.str1.1
                0x0800dd30       0x12 c:/eclipseoxygen/plugins/fr.ac6.mcu.externaltools.arm-none.win32_1.15.0.201708311556/tools/compiler/bin/../lib/gcc/arm-none-eabi/6.3.1/../../../../arm-none-eabi/lib/thumb/v7e-m/fpv4-sp/hard\libc_nano.a(lib_a-nano-vfprintf_float.o)
 .rodata._printf_i.str1.1
                0x0800dd42       0x22 c:/eclipseoxygen/plugins/fr.ac6.mcu.externaltools.arm-none.win32_1.15.0.201708311556/tools/compiler/bin/../lib/gcc/arm-none-eabi/6.3.1/../../../../arm-none-eabi/lib/thumb/v7e-m/fpv4-sp/hard\libc_nano.a(lib_a-nano-vfprintf_i.o)
 .rodata._dtoa_r.str1.1
                0x0800dd64        0xd c:/eclipseoxygen/plugins/fr.ac6.mcu.externaltools.arm-none.win32_1.15.0.201708311556/tools/compiler/bin/../lib/gcc/arm-none-eabi/6.3.1/../../../../arm-none-eabi/lib/thumb/v7e-m/fpv4-sp/hard\libc_nano.a(lib_a-dtoa.o)
                                  0xf (size before relaxing)
 *fill*         0x0800dd71        0x7 
 .rodata.__mprec_bigtens
                0x0800dd78       0x28 c:/eclipseoxygen/plugins/fr.ac6.mcu.externaltools.arm-none.win32_1.15.0.201708311556/tools/compiler/bin/../lib/gcc/arm-none-eabi/6.3.1/../../../../arm-none-eabi/lib/thumb/v7e-m/fpv4-sp/hard\libc_nano.a(lib_a-mprec.o)
                0x0800dd78                __mprec_bigtens
 .rodata.__mprec_tens
                0x0800dda0       0xc8 c:/eclipseoxygen/plugins/fr.ac6.mcu.externaltools.arm-none.win32_1.15.0.201708311556/tools/compiler/bin/../lib/gcc/arm-none-eabi/6.3.1/../../../../arm-none-eabi/lib/thumb/v7e-m/fpv4-sp/hard\libc_nano.a(lib_a-mprec.o)
                0x0800dda0                __mprec_tens
 .rodata.p05.7170
                0x0800de68        0xc c:/eclipseoxygen/plugins/fr.ac6.mcu.externaltools.arm-none.win32_1.15.0.201708311556/tools/compiler/bin/../lib/gcc/arm-none-eabi/6.3.1/../../../../arm-none-eabi/lib/thumb/v7e-m/fpv4-sp/hard\libc_nano.a(lib_a-mprec.o)
 .rodata._svfprintf_r.str1.1
                0x0800de74       0x11 c:/eclipseoxygen/plugins/fr.ac6.mcu.externaltools.arm-none.win32_1.15.0.201708311556/tools/compiler/bin/../lib/gcc/arm-none-eabi/6.3.1/../../../../arm-none-eabi/lib/thumb/v7e-m/fpv4-sp/hard\libc_nano.a(lib_a-nano-svfprintf.o)
 .rodata._setlocale_r.str1.1
                0x0800de85        0x8 c:/eclipseoxygen/plugins/fr.ac6.mcu.externaltools.arm-none.win32_1.15.0.201708311556/tools/compiler/bin/../lib/gcc/arm-none-eabi/6.3.1/../../../../arm-none-eabi/lib/thumb/v7e-m/fpv4-sp/hard\libc_nano.a(lib_a-locale.o)
                                  0x9 (size before relaxing)
 .rodata.str1.1
                0x0800de8d        0x2 c:/eclipseoxygen/plugins/fr.ac6.mcu.externaltools.arm-none.win32_1.15.0.201708311556/tools/compiler/bin/../lib/gcc/arm-none-eabi/6.3.1/../../../../arm-none-eabi/lib/thumb/v7e-m/fpv4-sp/hard\libc_nano.a(lib_a-locale.o)
 .rodata._ctype_
                0x0800de8f      0x101 c:/eclipseoxygen/plugins/fr.ac6.mcu.externaltools.arm-none.win32_1.15.0.201708311556/tools/compiler/bin/../lib/gcc/arm-none-eabi/6.3.1/../../../../arm-none-eabi/lib/thumb/v7e-m/fpv4-sp/hard\libc_nano.a(lib_a-ctype_.o)
                0x0800de8f                _ctype_
                0x0800df90                . = ALIGN (0x4)

.ARM.extab
 *(.ARM.extab* .gnu.linkonce.armextab.*)

.ARM            0x0800df90        0x8
                0x0800df90                __exidx_start = .
 *(.ARM.exidx*)
 .ARM.exidx     0x0800df90        0x8 c:/eclipseoxygen/plugins/fr.ac6.mcu.externaltools.arm-none.win32_1.15.0.201708311556/tools/compiler/bin/../lib/gcc/arm-none-eabi/6.3.1/thumb/v7e-m/fpv4-sp/hard\libgcc.a(_udivmoddi4.o)
                0x0800df98                __exidx_end = .

.rel.dyn        0x0800df98        0x0
 .rel.iplt      0x0800df98        0x0 c:/eclipseoxygen/plugins/fr.ac6.mcu.externaltools.arm-none.win32_1.15.0.201708311556/tools/compiler/bin/../lib/gcc/arm-none-eabi/6.3.1/thumb/v7e-m/fpv4-sp/hard/crtbegin.o

.preinit_array  0x0800df98        0x0
                0x0800df98                PROVIDE (__preinit_array_start, .)
 *(.preinit_array*)
                0x0800df98                PROVIDE (__preinit_array_end, .)

.init_array     0x0800df98        0x4
                0x0800df98                PROVIDE (__init_array_start, .)
 *(SORT(.init_array.*))
 *(.init_array*)
 .init_array    0x0800df98        0x4 c:/eclipseoxygen/plugins/fr.ac6.mcu.externaltools.arm-none.win32_1.15.0.201708311556/tools/compiler/bin/../lib/gcc/arm-none-eabi/6.3.1/thumb/v7e-m/fpv4-sp/hard/crtbegin.o
                0x0800df9c                PROVIDE (__init_array_end, .)

.fini_array     0x0800df9c        0x4
                [!provide]                PROVIDE (__fini_array_start, .)
 *(SORT(.fini_array.*))
 *(.fini_array*)
 .fini_array    0x0800df9c        0x4 c:/eclipseoxygen/plugins/fr.ac6.mcu.externaltools.arm-none.win32_1.15.0.201708311556/tools/compiler/bin/../lib/gcc/arm-none-eabi/6.3.1/thumb/v7e-m/fpv4-sp/hard/crtbegin.o
                [!provide]                PROVIDE (__fini_array_end, .)
                0x0800dfa0                _sidata = LOADADDR (.data)

.data           0x20000000      0x348 load address 0x0800dfa0
                0x20000000                . = ALIGN (0x4)
                0x20000000                _sdata = .
 *(.data)
 .data          0x20000000        0x8 Drivers/STM32F4xx_HAL_Driver/Src/stm32f4xx_hal.o
                0x20000000                uwTickFreq
                0x20000004                uwTickPrio
 .data          0x20000008      0x110 Middlewares/ST/STM32_USB_Device_Library/Class/CDC/Src/usbd_cdc.o
                0x20000008                USBD_CDC_CfgFSDesc
                0x2000004c                USBD_CDC_CfgHSDesc
                0x20000090                USBD_CDC_OtherSpeedCfgDesc
                0x200000e0                USBD_CDC
 .data          0x20000118       0x10 Src/calculations.o
 .data          0x20000128        0x4 Src/main.o
                0x20000128                flag
 .data          0x2000012c        0x4 Src/system_stm32f4xx.o
                0x2000012c                SystemCoreClock
 .data          0x20000130       0x10 Src/usbd_cdc_if.o
                0x20000130                USBD_Interface_fops_FS
 .data          0x20000140       0x34 Src/usbd_desc.o
                0x20000140                USBD_FS_DeviceDesc
                0x20000154                USBD_LangIDDesc
                0x20000158                FS_Desc
 *(.data*)
 .data.__fdlib_version
                0x20000174        0x1 c:/eclipseoxygen/plugins/fr.ac6.mcu.externaltools.arm-none.win32_1.15.0.201708311556/tools/compiler/bin/../lib/gcc/arm-none-eabi/6.3.1/../../../../arm-none-eabi/lib/thumb/v7e-m/fpv4-sp/hard\libm.a(lib_a-s_lib_ver.o)
                0x20000174                __fdlib_version
 *fill*         0x20000175        0x3 
 .data._impure_ptr
                0x20000178        0x4 c:/eclipseoxygen/plugins/fr.ac6.mcu.externaltools.arm-none.win32_1.15.0.201708311556/tools/compiler/bin/../lib/gcc/arm-none-eabi/6.3.1/../../../../arm-none-eabi/lib/thumb/v7e-m/fpv4-sp/hard\libc_nano.a(lib_a-impure.o)
                0x20000178                _impure_ptr
 .data.impure_data
                0x2000017c       0x60 c:/eclipseoxygen/plugins/fr.ac6.mcu.externaltools.arm-none.win32_1.15.0.201708311556/tools/compiler/bin/../lib/gcc/arm-none-eabi/6.3.1/../../../../arm-none-eabi/lib/thumb/v7e-m/fpv4-sp/hard\libc_nano.a(lib_a-impure.o)
 .data.__global_locale